******************************************************************************
             TMS320C2000 Linker PC v21.6.0                     
******************************************************************************
>> Linked Mon Mar 21 15:43:05 2022

OUTPUT FILE NAME:   <i2c_ex3_external_loopback.out>
ENTRY POINT SYMBOL: "code_start"  address: 00000000


MEMORY CONFIGURATION

         name            origin    length      used     unused   attr    fill
----------------------  --------  ---------  --------  --------  ----  --------
  BEGIN                 00000000   00000002  00000002  00000000  RWIX
  BOOT_RSVD             00000002   00000126  00000000  00000126  RWIX
  RAMM0                 00000128   000002d8  00000018  000002c0  RWIX
  RAMM1                 00000400   000003f8  00000200  000001f8  RWIX
  RAMLS4567             0000a000   00002000  00000df3  0000120d  RWIX
  RAMGS0                0000c000   000007f8  0000020d  000005eb  RWIX
  FLASH_BANK0_SEC0      00080002   00000ffe  00000000  00000ffe  RWIX
  FLASH_BANK0_SEC1      00081000   00001000  00000000  00001000  RWIX
  FLASH_BANK0_SEC2      00082000   00001000  00000000  00001000  RWIX
  FLASH_BANK0_SEC3      00083000   00001000  00000000  00001000  RWIX
  FLASH_BANK0_SEC4      00084000   00001000  00000000  00001000  RWIX
  FLASH_BANK0_SEC5      00085000   00001000  00000000  00001000  RWIX
  FLASH_BANK0_SEC6      00086000   00001000  00000000  00001000  RWIX
  FLASH_BANK0_SEC7      00087000   00001000  00000000  00001000  RWIX
  FLASH_BANK0_SEC8      00088000   00001000  00000000  00001000  RWIX
  FLASH_BANK0_SEC9      00089000   00001000  00000000  00001000  RWIX
  FLASH_BANK0_SEC10     0008a000   00001000  00000000  00001000  RWIX
  FLASH_BANK0_SEC11     0008b000   00001000  00000000  00001000  RWIX
  FLASH_BANK0_SEC12     0008c000   00001000  00000000  00001000  RWIX
  FLASH_BANK0_SEC13     0008d000   00001000  00000000  00001000  RWIX
  FLASH_BANK0_SEC14     0008e000   00001000  00000000  00001000  RWIX
  FLASH_BANK0_SEC15     0008f000   00000ff8  00000000  00000ff8  RWIX
  BOOTROM               003f0000   00008000  00000000  00008000  RWIX
  BOOTROM_EXT           003f8000   00007fc0  00000000  00007fc0  RWIX
  RESET                 003fffc0   00000002  00000000  00000002  RWIX


SECTION ALLOCATION MAP

 output                                  attributes/
section   page    origin      length       input sections
--------  ----  ----------  ----------   ----------------
.TI.ramfunc 
*          0    00000128    00000004     
                  00000128    00000004     driverlib.lib : sysctl.obj (.TI.ramfunc)

.cinit     0    0000012c    00000014     
                  0000012c    00000009     (.cinit..data.load) [load image, compression = lzss]
                  00000135    00000001     --HOLE-- [fill = 0]
                  00000136    00000004     (__TI_handler_table)
                  0000013a    00000002     --HOLE-- [fill = 0]
                  0000013c    00000004     (__TI_cinit_table)

.text      0    0000a000    00000de4     
                  0000a000    00000133     driverlib.lib : sysctl.obj (.text:SysCtl_setClock)
                  0000a133    000000fe                   : sysctl.obj (.text:SysCtl_isPLLValid)
                  0000a231    000000aa     i2c_ex3_external_loopback.obj (.text:i2cFIFOISR)
                  0000a2db    0000009c     i2c_ex3_external_loopback.obj (.text:initI2CFIFO)
                  0000a377    0000009a     device.obj (.text:Device_enableAllPeripherals)
                  0000a411    00000088     rts2800_fpu32_eabi.lib : fs_div28.asm.obj (.text)
                  0000a499    0000007a     driverlib.lib : sysctl.obj (.text:DCC_setCounterSeeds)
                  0000a513    00000077     i2c_ex3_external_loopback.obj (.text:main)
                  0000a58a    00000064     driverlib.lib : i2c.obj (.text:I2C_initMaster)
                  0000a5ee    00000060                   : sysctl.obj (.text:SysCtl_getClock)
                  0000a64e    00000054                   : sysctl.obj (.text:SysCtl_selectOscSource)
                  0000a6a2    00000052                   : gpio.obj (.text:GPIO_setPadConfig)
                  0000a6f4    00000045     i2c_ex3_external_loopback.obj (.text:GPIO_writePin)
                  0000a739    0000003d     driverlib.lib : interrupt.obj (.text:Interrupt_initModule)
                  0000a776    00000038                   : gpio.obj (.text:GPIO_setQualificationMode)
                  0000a7ae    00000037                   : gpio.obj (.text:GPIO_setPinConfig)
                  0000a7e5    00000035     device.obj (.text:Device_init)
                  0000a81a    00000034     driverlib.lib : interrupt.obj (.text:Interrupt_enable)
                  0000a84e    00000031                   : gpio.obj (.text:GPIO_setDirectionMode)
                  0000a87f    00000031     rts2800_fpu32_eabi.lib : copy_decompress_lzss.c.obj (.text:decompress:lzss)
                  0000a8b0    0000002b     driverlib.lib : i2c.obj (.text:I2C_enableInterrupt)
                  0000a8db    0000002b                   : sysctl.obj (.text:SysCtl_selectXTAL)
                  0000a906    0000002b     rts2800_fpu32_eabi.lib : autoinit.c.obj (.text:__TI_auto_init_nobinit_nopinit)
                  0000a931    00000029                            : exit.c.obj (.text)
                  0000a95a    00000027     i2c_ex3_external_loopback.obj (.text:I2C_setFIFOInterruptLevel)
                  0000a981    00000026     driverlib.lib : sysctl.obj (.text:SysCtl_pollX1Counter)
                  0000a9a7    00000025                   : sysctl.obj (.text:DCC_enableSingleShotMode)
                  0000a9cc    00000021                   : i2c.obj (.text:I2C_clearInterruptStatus)
                  0000a9ed    00000021                   : i2c.obj (.text:I2C_getInterruptStatus)
                  0000aa0e    0000001f                   : sysctl.obj (.text:DCC_setCounter0ClkSource)
                  0000aa2d    0000001f                   : sysctl.obj (.text:DCC_setCounter1ClkSource)
                  0000aa4c    0000001e                   : interrupt.obj (.text:Interrupt_initVectorTable)
                  0000aa6a    0000001d     i2c_ex3_external_loopback.obj (.text:I2C_setOwnSlaveAddress)
                  0000aa87    0000001d     i2c_ex3_external_loopback.obj (.text:I2C_setSlaveAddress)
                  0000aaa4    0000001d     rts2800_fpu32_eabi.lib : memcpy.c.obj (.text)
                  0000aac1    0000001b     i2c_ex3_external_loopback.obj (.text:I2C_setBitCount)
                  0000aadc    0000001b     i2c_ex3_external_loopback.obj (.text:I2C_setConfig)
                  0000aaf7    0000001b     i2c_ex3_external_loopback.obj (.text:I2C_setEmulationMode)
                  0000ab12    0000001a     driverlib.lib : sysctl.obj (.text:SysCtl_getLowSpeedClock)
                  0000ab2c    0000001a                   : sysctl.obj (.text:SysCtl_selectXTALSingleEnded)
                  0000ab46    00000019     i2c_ex3_external_loopback.obj (.text:I2C_enableFIFO)
                  0000ab5f    00000017     driverlib.lib : sysctl.obj (.text:DCC_disableDoneSignal)
                  0000ab76    00000017     device.obj (.text:SysCtl_enablePeripheral)
                  0000ab8d    00000017     driverlib.lib : sysctl.obj (.text:SysCtl_enablePeripheral)
                  0000aba4    00000017     rts2800_fpu32_eabi.lib : boot28.asm.obj (.text)
                  0000abbb    00000016     driverlib.lib : sysctl.obj (.text:DCC_clearDoneFlag)
                  0000abd1    00000016                   : sysctl.obj (.text:DCC_clearErrorFlag)
                  0000abe7    00000016                   : sysctl.obj (.text:DCC_disableErrorSignal)
                  0000abfd    00000015                   : sysctl.obj (.text:DCC_isBaseValid)
                  0000ac12    00000015     device.obj (.text:GPIO_unlockPortConfig)
                  0000ac27    00000015     driverlib.lib : i2c.obj (.text:I2C_isBaseValid)
                  0000ac3c    00000015     i2c_ex3_external_loopback.obj (.text:I2C_isBaseValid)
                  0000ac51    00000015     i2c_ex3_external_loopback.obj (.text:I2C_putData)
                  0000ac66    00000014     driverlib.lib : sysctl.obj (.text:DCC_disableModule)
                  0000ac7a    00000014                   : sysctl.obj (.text:DCC_enableModule)
                  0000ac8e    00000014                   : gpio.obj (.text:GPIO_isPinValid)
                  0000aca2    00000014     i2c_ex3_external_loopback.obj (.text:GPIO_isPinValid)
                  0000acb6    00000014     i2c_ex3_external_loopback.obj (.text:I2C_disableModule)
                  0000acca    00000014     i2c_ex3_external_loopback.obj (.text:I2C_enableModule)
                  0000acde    00000014     i2c_ex3_external_loopback.obj (.text:I2C_sendStartCondition)
                  0000acf2    00000014     device.obj (.text:SysCtl_deviceCal)
                  0000ad06    00000013     i2c_ex3_external_loopback.obj (.text:I2C_setDataCount)
                  0000ad19    00000011     i2c_ex3_external_loopback.obj (.text:I2C_getData)
                  0000ad2a    00000010     device.obj (.text:Device_initGPIO)
                  0000ad3a    0000000f     i2c_ex3_external_loopback.obj (.text:Interrupt_register)
                  0000ad49    0000000e     driverlib.lib : interrupt.obj (.text:Interrupt_defaultHandler)
                  0000ad57    0000000d                   : interrupt.obj (.text:Interrupt_disableMaster)
                  0000ad64    0000000d                   : interrupt.obj (.text:Interrupt_enableMaster)
                  0000ad71    0000000d     device.obj (.text:SysCtl_setLowSpeedClock)
                  0000ad7e    0000000c     driverlib.lib : sysctl.obj (.text:SysCtl_setPLLSysClk)
                  0000ad8a    0000000c     rts2800_fpu32_eabi.lib : args_main.c.obj (.text)
                  0000ad96    0000000b     driverlib.lib : sysctl.obj (.text:SysCtl_isMCDClockFailureDetected)
                  0000ada1    00000009     rts2800_fpu32_eabi.lib : _lock.c.obj (.text)
                  0000adaa    00000008     device.obj (.text:SysCtl_disableWatchdog)
                  0000adb2    00000008     rts2800_fpu32_eabi.lib : copy_decompress_none.c.obj (.text:decompress:none)
                  0000adba    00000008     f28002x_codestartbranch.obj (.text)
                  0000adc2    00000007     device.obj (.text:ASysCtl_lockVREG)
                  0000adc9    00000007     driverlib.lib : sysctl.obj (.text:SysCtl_resetMCD)
                  0000add0    00000007     device.obj (.text:__error__)
                  0000add7    00000006     i2c_ex3_external_loopback.obj (.text:Interrupt_clearACKGroup)
                  0000addd    00000002     driverlib.lib : interrupt.obj (.text:Interrupt_illegalOperationHandler)
                  0000addf    00000002                   : interrupt.obj (.text:Interrupt_nmiHandler)
                  0000ade1    00000002     rts2800_fpu32_eabi.lib : pre_init.c.obj (.text)
                  0000ade3    00000001                            : startup.c.obj (.text)

.reset     0    003fffc0    00000000     DSECT

codestart 
*          0    00000000    00000002     
                  00000000    00000002     f28002x_codestartbranch.obj (codestart)

.stack     0    00000400    00000200     UNINITIALIZED
                  00000400    00000200     --HOLE--

.init_array 
*          0    00000128    00000000     UNINITIALIZED

.data      0    0000ade4    0000000f     UNINITIALIZED
                  0000ade4    00000006     rts2800_fpu32_eabi.lib : exit.c.obj (.data)
                  0000adea    00000002                            : _lock.c.obj (.data:_lock)
                  0000adec    00000002                            : _lock.c.obj (.data:_unlock)
                  0000adee    00000002     i2c_ex3_external_loopback.obj (.data:rData)
                  0000adf0    00000002     i2c_ex3_external_loopback.obj (.data:sData)
                  0000adf2    00000001     i2c_ex3_external_loopback.obj (.data)

.const     0    0000c000    0000020d     
                  0000c000    0000009a     driverlib.lib : sysctl.obj (.const:.string)
                  0000c09a    00000098                   : gpio.obj (.const:.string)
                  0000c132    0000007b     i2c_ex3_external_loopback.obj (.const:.string)
                  0000c1ad    00000001     --HOLE-- [fill = 0]
                  0000c1ae    0000004b     driverlib.lib : i2c.obj (.const:.string)
                  0000c1f9    00000001     --HOLE-- [fill = 0]
                  0000c1fa    00000013     device.obj (.const:.string)

MODULE SUMMARY

       Module                          code   ro data   rw data
       ------                          ----   -------   -------
    .\
       i2c_ex3_external_loopback.obj   896    123       5      
    +--+-------------------------------+------+---------+---------+
       Total:                          896    123       5      
                                                               
    .\device\
       device.obj                      322    19        0      
       f28002x_codestartbranch.obj     10     0         0      
    +--+-------------------------------+------+---------+---------+
       Total:                          332    19        0      
                                                               
    C:/ti/C2000Ware_4_00_00_00/driverlib/f28002x/driverlib/ccs/Debug/driverlib.lib
       sysctl.obj                      1302   154       0      
       gpio.obj                        262    152       0      
       i2c.obj                         230    75        0      
       interrupt.obj                   187    0         0      
    +--+-------------------------------+------+---------+---------+
       Total:                          1981   381       0      
                                                               
    C:\ti\ccs1110\ccs\tools\compiler\ti-cgt-c2000_21.6.0.LTS\lib\rts2800_fpu32_eabi.lib
       fs_div28.asm.obj                136    0         0      
       copy_decompress_lzss.c.obj      49     0         0      
       exit.c.obj                      41     0         6      
       autoinit.c.obj                  43     0         0      
       memcpy.c.obj                    29     0         0      
       boot28.asm.obj                  23     0         0      
       _lock.c.obj                     9      0         4      
       args_main.c.obj                 12     0         0      
       copy_decompress_none.c.obj      8      0         0      
       pre_init.c.obj                  2      0         0      
       startup.c.obj                   1      0         0      
    +--+-------------------------------+------+---------+---------+
       Total:                          353    0         10     
                                                               
       Stack:                          0      0         512    
       Linker Generated:               0      17        0      
    +--+-------------------------------+------+---------+---------+
       Grand Total:                    3562   540       527    


LINKER GENERATED COPY TABLES

__TI_cinit_table @ 0000013c records: 1, size/record: 4, table size: 4
	.data: load addr=0000012c, load size=00000009 bytes, run addr=0000ade4, run size=0000000f bytes, compression=lzss


LINKER GENERATED HANDLER TABLE

__TI_handler_table @ 00000136 records: 2, size/record: 2, table size: 4
	index: 0, handler: __TI_decompress_lzss
	index: 1, handler: __TI_decompress_none


GLOBAL DATA SYMBOLS: SORTED BY DATA PAGE

address     data page           name
--------    ----------------    ----
00000400      10 (00000400)     __stack

0000ade4     2b7 (0000adc0)     __TI_enable_exit_profile_output
0000ade6     2b7 (0000adc0)     __TI_cleanup_ptr
0000ade8     2b7 (0000adc0)     __TI_dtors_ptr
0000adea     2b7 (0000adc0)     _lock
0000adec     2b7 (0000adc0)     _unlock
0000adee     2b7 (0000adc0)     rData
0000adf0     2b7 (0000adc0)     sData
0000adf2     2b7 (0000adc0)     rDataPoint


GLOBAL SYMBOLS: SORTED ALPHABETICALLY BY Name 

page  address   name                           
----  -------   ----                           
0     0000a931  C$$EXIT                        
0     0000a377  Device_enableAllPeripherals    
0     0000a7e5  Device_init                    
0     0000ad2a  Device_initGPIO                
0     0000a84e  GPIO_setDirectionMode          
0     0000a6a2  GPIO_setPadConfig              
0     0000a7ae  GPIO_setPinConfig              
0     0000a776  GPIO_setQualificationMode      
0     0000a9cc  I2C_clearInterruptStatus       
0     0000a8b0  I2C_enableInterrupt            
0     0000a9ed  I2C_getInterruptStatus         
0     0000a58a  I2C_initMaster                 
0     0000a81a  Interrupt_enable               
0     0000a739  Interrupt_initModule           
0     0000aa4c  Interrupt_initVectorTable      
0     00000128  SysCtl_delay                   
0     0000a5ee  SysCtl_getClock                
0     0000ab12  SysCtl_getLowSpeedClock        
0     0000a133  SysCtl_isPLLValid              
0     0000a64e  SysCtl_selectOscSource         
0     0000a8db  SysCtl_selectXTAL              
0     0000ab2c  SysCtl_selectXTALSingleEnded   
0     0000a000  SysCtl_setClock                
0     0000013c  __TI_CINIT_Base                
0     00000140  __TI_CINIT_Limit               
0     00000140  __TI_CINIT_Warm                
0     00000136  __TI_Handler_Table_Base        
0     0000013a  __TI_Handler_Table_Limit       
0     00000600  __TI_STACK_END                 
abs   00000200  __TI_STACK_SIZE                
0     0000a906  __TI_auto_init_nobinit_nopinit 
0     0000ade6  __TI_cleanup_ptr               
0     0000a87f  __TI_decompress_lzss           
0     0000adb2  __TI_decompress_none           
0     0000ade8  __TI_dtors_ptr                 
0     0000ade4  __TI_enable_exit_profile_output
abs   ffffffff  __TI_pprof_out_hndl            
abs   ffffffff  __TI_prof_data_size            
abs   ffffffff  __TI_prof_data_start           
0     0000a411  __c28xabi_divf                 
n/a   UNDEFED   __c_args__                     
0     0000add0  __error__                      
0     00000400  __stack                        
0     0000ad8a  _args_main                     
0     0000aba4  _c_int00                       
0     0000adea  _lock                          
0     0000ada9  _nop                           
0     0000ada5  _register_lock                 
0     0000ada1  _register_unlock               
0     0000ade3  _system_post_cinit             
0     0000ade1  _system_pre_init               
0     0000adec  _unlock                        
0     0000a931  abort                          
0     00000000  code_start                     
0     0000a933  exit                           
0     0000a231  i2cFIFOISR                     
0     0000a2db  initI2CFIFO                    
0     0000a513  main                           
0     0000aaa4  memcpy                         
0     0000adee  rData                          
0     0000adf2  rDataPoint                     
0     0000adf0  sData                          


GLOBAL SYMBOLS: SORTED BY Symbol Address 

page  address   name                           
----  -------   ----                           
0     00000000  code_start                     
0     00000128  SysCtl_delay                   
0     00000136  __TI_Handler_Table_Base        
0     0000013a  __TI_Handler_Table_Limit       
0     0000013c  __TI_CINIT_Base                
0     00000140  __TI_CINIT_Limit               
0     00000140  __TI_CINIT_Warm                
0     00000400  __stack                        
0     00000600  __TI_STACK_END                 
0     0000a000  SysCtl_setClock                
0     0000a133  SysCtl_isPLLValid              
0     0000a231  i2cFIFOISR                     
0     0000a2db  initI2CFIFO                    
0     0000a377  Device_enableAllPeripherals    
0     0000a411  __c28xabi_divf                 
0     0000a513  main                           
0     0000a58a  I2C_initMaster                 
0     0000a5ee  SysCtl_getClock                
0     0000a64e  SysCtl_selectOscSource         
0     0000a6a2  GPIO_setPadConfig              
0     0000a739  Interrupt_initModule           
0     0000a776  GPIO_setQualificationMode      
0     0000a7ae  GPIO_setPinConfig              
0     0000a7e5  Device_init                    
0     0000a81a  Interrupt_enable               
0     0000a84e  GPIO_setDirectionMode          
0     0000a87f  __TI_decompress_lzss           
0     0000a8b0  I2C_enableInterrupt            
0     0000a8db  SysCtl_selectXTAL              
0     0000a906  __TI_auto_init_nobinit_nopinit 
0     0000a931  C$$EXIT                        
0     0000a931  abort                          
0     0000a933  exit                           
0     0000a9cc  I2C_clearInterruptStatus       
0     0000a9ed  I2C_getInterruptStatus         
0     0000aa4c  Interrupt_initVectorTable      
0     0000aaa4  memcpy                         
0     0000ab12  SysCtl_getLowSpeedClock        
0     0000ab2c  SysCtl_selectXTALSingleEnded   
0     0000aba4  _c_int00                       
0     0000ad2a  Device_initGPIO                
0     0000ad8a  _args_main                     
0     0000ada1  _register_unlock               
0     0000ada5  _register_lock                 
0     0000ada9  _nop                           
0     0000adb2  __TI_decompress_none           
0     0000add0  __error__                      
0     0000ade1  _system_pre_init               
0     0000ade3  _system_post_cinit             
0     0000ade4  __TI_enable_exit_profile_output
0     0000ade6  __TI_cleanup_ptr               
0     0000ade8  __TI_dtors_ptr                 
0     0000adea  _lock                          
0     0000adec  _unlock                        
0     0000adee  rData                          
0     0000adf0  sData                          
0     0000adf2  rDataPoint                     
abs   00000200  __TI_STACK_SIZE                
abs   ffffffff  __TI_pprof_out_hndl            
abs   ffffffff  __TI_prof_data_size            
abs   ffffffff  __TI_prof_data_start           
n/a   UNDEFED   __c_args__                     

[62 symbols]
