******************************************************************************
             TMS320C2000 Linker PC v21.6.0                     
******************************************************************************
>> Linked Mon Mar 21 15:43:03 2022

OUTPUT FILE NAME:   <i2c_ex2_eeprom.out>
ENTRY POINT SYMBOL: "code_start"  address: 00000000


MEMORY CONFIGURATION

         name            origin    length      used     unused   attr    fill
----------------------  --------  ---------  --------  --------  ----  --------
  BEGIN                 00000000   00000002  00000002  00000000  RWIX
  BOOT_RSVD             00000002   00000126  00000000  00000126  RWIX
  RAMM0                 00000128   000002d8  00000034  000002a4  RWIX
  RAMM1                 00000400   000003f8  00000200  000001f8  RWIX
  RAMLS4567             0000a000   00002000  00000e28  000011d8  RWIX
  RAMGS0                0000c000   000007f8  0000020f  000005e9  RWIX
  FLASH_BANK0_SEC0      00080002   00000ffe  00000000  00000ffe  RWIX
  FLASH_BANK0_SEC1      00081000   00001000  00000000  00001000  RWIX
  FLASH_BANK0_SEC2      00082000   00001000  00000000  00001000  RWIX
  FLASH_BANK0_SEC3      00083000   00001000  00000000  00001000  RWIX
  FLASH_BANK0_SEC4      00084000   00001000  00000000  00001000  RWIX
  FLASH_BANK0_SEC5      00085000   00001000  00000000  00001000  RWIX
  FLASH_BANK0_SEC6      00086000   00001000  00000000  00001000  RWIX
  FLASH_BANK0_SEC7      00087000   00001000  00000000  00001000  RWIX
  FLASH_BANK0_SEC8      00088000   00001000  00000000  00001000  RWIX
  FLASH_BANK0_SEC9      00089000   00001000  00000000  00001000  RWIX
  FLASH_BANK0_SEC10     0008a000   00001000  00000000  00001000  RWIX
  FLASH_BANK0_SEC11     0008b000   00001000  00000000  00001000  RWIX
  FLASH_BANK0_SEC12     0008c000   00001000  00000000  00001000  RWIX
  FLASH_BANK0_SEC13     0008d000   00001000  00000000  00001000  RWIX
  FLASH_BANK0_SEC14     0008e000   00001000  00000000  00001000  RWIX
  FLASH_BANK0_SEC15     0008f000   00000ff8  00000000  00000ff8  RWIX
  BOOTROM               003f0000   00008000  00000000  00008000  RWIX
  BOOTROM_EXT           003f8000   00007fc0  00000000  00007fc0  RWIX
  RESET                 003fffc0   00000002  00000000  00000002  RWIX


SECTION ALLOCATION MAP

 output                                  attributes/
section   page    origin      length       input sections
--------  ----  ----------  ----------   ----------------
.TI.ramfunc 
*          0    00000128    00000004     
                  00000128    00000004     driverlib.lib : sysctl.obj (.TI.ramfunc)

.cinit     0    0000012c    00000030     
                  0000012c    0000001c     (.cinit..data.load) [load image, compression = lzss]
                  00000148    00000006     (__TI_handler_table)
                  0000014e    00000004     (.cinit..bss.load) [load image, compression = zero_init]
                  00000152    00000002     --HOLE-- [fill = 0]
                  00000154    00000008     (__TI_cinit_table)

.text      0    0000a000    00000de0     
                  0000a000    00000133     driverlib.lib : sysctl.obj (.text:SysCtl_setClock)
                  0000a133    000000fe                   : sysctl.obj (.text:SysCtl_isPLLValid)
                  0000a231    000000a3     i2c_ex2_eeprom.obj (.text:i2cAISR)
                  0000a2d4    0000009a     device.obj (.text:Device_enableAllPeripherals)
                  0000a36e    00000088     rts2800_fpu32_eabi.lib : fs_div28.asm.obj (.text)
                  0000a3f6    00000087     i2c_ex2_eeprom.obj (.text:main)
                  0000a47d    0000007a     driverlib.lib : sysctl.obj (.text:DCC_setCounterSeeds)
                  0000a4f7    00000064                   : i2c.obj (.text:I2C_initMaster)
                  0000a55b    00000060                   : sysctl.obj (.text:SysCtl_getClock)
                  0000a5bb    0000005e     i2c_ex2_eeprom.obj (.text:readData)
                  0000a619    00000057     i2c_ex2_eeprom.obj (.text:writeData)
                  0000a670    00000052     driverlib.lib : gpio.obj (.text:GPIO_setPadConfig)
                  0000a6c2    00000043                   : sysctl.obj (.text:SysCtl_selectOscSource)
                  0000a705    00000042     i2c_ex2_eeprom.obj (.text:initI2C)
                  0000a747    0000003d     driverlib.lib : interrupt.obj (.text:Interrupt_initModule)
                  0000a784    00000038                   : gpio.obj (.text:GPIO_setQualificationMode)
                  0000a7bc    00000037                   : gpio.obj (.text:GPIO_setPinConfig)
                  0000a7f3    00000035     device.obj (.text:Device_init)
                  0000a828    00000034     driverlib.lib : interrupt.obj (.text:Interrupt_enable)
                  0000a85c    00000031     rts2800_fpu32_eabi.lib : copy_decompress_lzss.c.obj (.text:decompress:lzss)
                  0000a88d    0000002b     driverlib.lib : i2c.obj (.text:I2C_enableInterrupt)
                  0000a8b8    0000002b                   : sysctl.obj (.text:SysCtl_selectXTAL)
                  0000a8e3    0000002b     rts2800_fpu32_eabi.lib : autoinit.c.obj (.text:__TI_auto_init_nobinit_nopinit)
                  0000a90e    00000029                            : exit.c.obj (.text)
                  0000a937    00000026     driverlib.lib : sysctl.obj (.text:SysCtl_pollX1Counter)
                  0000a95d    00000025                   : sysctl.obj (.text:DCC_enableSingleShotMode)
                  0000a982    00000021                   : i2c.obj (.text:I2C_clearInterruptStatus)
                  0000a9a3    00000020     i2c_ex2_eeprom.obj (.text:I2C_isBusBusy)
                  0000a9c3    0000001f     driverlib.lib : sysctl.obj (.text:DCC_setCounter0ClkSource)
                  0000a9e2    0000001f                   : sysctl.obj (.text:DCC_setCounter1ClkSource)
                  0000aa01    0000001e                   : interrupt.obj (.text:Interrupt_initVectorTable)
                  0000aa1f    0000001d     i2c_ex2_eeprom.obj (.text:I2C_setSlaveAddress)
                  0000aa3c    0000001d     rts2800_fpu32_eabi.lib : memcpy.c.obj (.text)
                  0000aa59    0000001b     i2c_ex2_eeprom.obj (.text:I2C_getStopConditionStatus)
                  0000aa74    0000001b     i2c_ex2_eeprom.obj (.text:I2C_setBitCount)
                  0000aa8f    0000001b     i2c_ex2_eeprom.obj (.text:I2C_setConfig)
                  0000aaaa    0000001b     i2c_ex2_eeprom.obj (.text:I2C_setEmulationMode)
                  0000aac5    0000001a     driverlib.lib : sysctl.obj (.text:SysCtl_getLowSpeedClock)
                  0000aadf    0000001a                   : sysctl.obj (.text:SysCtl_selectXTALSingleEnded)
                  0000aaf9    00000019     i2c_ex2_eeprom.obj (.text:I2C_enableFIFO)
                  0000ab12    00000017     driverlib.lib : sysctl.obj (.text:DCC_disableDoneSignal)
                  0000ab29    00000017     device.obj (.text:SysCtl_enablePeripheral)
                  0000ab40    00000017     driverlib.lib : sysctl.obj (.text:SysCtl_enablePeripheral)
                  0000ab57    00000017     rts2800_fpu32_eabi.lib : boot28.asm.obj (.text)
                  0000ab6e    00000016     driverlib.lib : sysctl.obj (.text:DCC_clearDoneFlag)
                  0000ab84    00000016                   : sysctl.obj (.text:DCC_clearErrorFlag)
                  0000ab9a    00000016                   : sysctl.obj (.text:DCC_disableErrorSignal)
                  0000abb0    00000015                   : sysctl.obj (.text:DCC_isBaseValid)
                  0000abc5    00000015     device.obj (.text:GPIO_unlockPortConfig)
                  0000abda    00000015     driverlib.lib : i2c.obj (.text:I2C_isBaseValid)
                  0000abef    00000015     i2c_ex2_eeprom.obj (.text:I2C_isBaseValid)
                  0000ac04    00000015     i2c_ex2_eeprom.obj (.text:I2C_putData)
                  0000ac19    00000014     driverlib.lib : sysctl.obj (.text:DCC_disableModule)
                  0000ac2d    00000014                   : sysctl.obj (.text:DCC_enableModule)
                  0000ac41    00000014                   : gpio.obj (.text:GPIO_isPinValid)
                  0000ac55    00000014     i2c_ex2_eeprom.obj (.text:I2C_disableModule)
                  0000ac69    00000014     i2c_ex2_eeprom.obj (.text:I2C_enableModule)
                  0000ac7d    00000014     i2c_ex2_eeprom.obj (.text:I2C_getInterruptSource)
                  0000ac91    00000014     i2c_ex2_eeprom.obj (.text:I2C_sendStartCondition)
                  0000aca5    00000014     i2c_ex2_eeprom.obj (.text:I2C_sendStopCondition)
                  0000acb9    00000014     device.obj (.text:SysCtl_deviceCal)
                  0000accd    00000013     i2c_ex2_eeprom.obj (.text:I2C_clearStatus)
                  0000ace0    00000013     i2c_ex2_eeprom.obj (.text:I2C_setDataCount)
                  0000acf3    00000011     i2c_ex2_eeprom.obj (.text:I2C_getData)
                  0000ad04    00000011     i2c_ex2_eeprom.obj (.text:I2C_getStatus)
                  0000ad15    00000010     device.obj (.text:Device_initGPIO)
                  0000ad25    0000000f     i2c_ex2_eeprom.obj (.text:Interrupt_register)
                  0000ad34    0000000e     driverlib.lib : interrupt.obj (.text:Interrupt_defaultHandler)
                  0000ad42    0000000d                   : interrupt.obj (.text:Interrupt_disableMaster)
                  0000ad4f    0000000d                   : interrupt.obj (.text:Interrupt_enableMaster)
                  0000ad5c    0000000d     device.obj (.text:SysCtl_setLowSpeedClock)
                  0000ad69    0000000d     rts2800_fpu32_eabi.lib : copy_zero_init.c.obj (.text:decompress:ZI:__TI_zero_init_nomemset)
                  0000ad76    0000000c     driverlib.lib : sysctl.obj (.text:SysCtl_setPLLSysClk)
                  0000ad82    0000000c     rts2800_fpu32_eabi.lib : args_main.c.obj (.text)
                  0000ad8e    0000000b     driverlib.lib : sysctl.obj (.text:SysCtl_isMCDClockFailureDetected)
                  0000ad99    00000009     rts2800_fpu32_eabi.lib : _lock.c.obj (.text)
                  0000ada2    00000008     device.obj (.text:SysCtl_disableWatchdog)
                  0000adaa    00000008     rts2800_fpu32_eabi.lib : copy_decompress_none.c.obj (.text:decompress:none)
                  0000adb2    00000008     f28002x_codestartbranch.obj (.text)
                  0000adba    00000007     device.obj (.text:ASysCtl_lockVREG)
                  0000adc1    00000007     driverlib.lib : sysctl.obj (.text:SysCtl_resetMCD)
                  0000adc8    00000007     device.obj (.text:__error__)
                  0000adcf    00000006     i2c_ex2_eeprom.obj (.text:Interrupt_clearACKGroup)
                  0000add5    00000002     driverlib.lib : interrupt.obj (.text:Interrupt_illegalOperationHandler)
                  0000add7    00000002                   : interrupt.obj (.text:Interrupt_nmiHandler)
                  0000add9    00000002     i2c_ex2_eeprom.obj (.text:fail)
                  0000addb    00000002     i2c_ex2_eeprom.obj (.text:pass)
                  0000addd    00000002     rts2800_fpu32_eabi.lib : pre_init.c.obj (.text)
                  0000addf    00000001                            : startup.c.obj (.text)

.reset     0    003fffc0    00000000     DSECT

codestart 
*          0    00000000    00000002     
                  00000000    00000002     f28002x_codestartbranch.obj (codestart)

.stack     0    00000400    00000200     UNINITIALIZED
                  00000400    00000200     --HOLE--

.bss       0    0000ade0    00000002     UNINITIALIZED
                  0000ade0    00000002     i2c_ex2_eeprom.obj (.bss)

.init_array 
*          0    00000128    00000000     UNINITIALIZED

.data      0    0000ade2    00000046     UNINITIALIZED
                  0000ade2    00000006     rts2800_fpu32_eabi.lib : exit.c.obj (.data)
                  0000ade8    00000002                            : _lock.c.obj (.data:_lock)
                  0000adea    00000002                            : _lock.c.obj (.data:_unlock)
                  0000adec    00000014     --HOLE--
                  0000ae00    00000028     i2c_ex2_eeprom.obj (.data)

.const     0    0000c000    0000020f     
                  0000c000    0000009a     driverlib.lib : sysctl.obj (.const:.string)
                  0000c09a    00000098                   : gpio.obj (.const:.string)
                  0000c132    00000053     device.obj (.const:.string)
                  0000c185    00000001     --HOLE-- [fill = 0]
                  0000c186    0000004b     driverlib.lib : i2c.obj (.const:.string)
                  0000c1d1    00000001     --HOLE-- [fill = 0]
                  0000c1d2    0000003d     i2c_ex2_eeprom.obj (.const:.string)

MODULE SUMMARY

       Module                        code   ro data   rw data
       ------                        ----   -------   -------
    .\
       i2c_ex2_eeprom.obj            978    61        42     
    +--+-----------------------------+------+---------+---------+
       Total:                        978    61        42     
                                                             
    .\device\
       device.obj                    322    83        0      
       f28002x_codestartbranch.obj   10     0         0      
    +--+-----------------------------+------+---------+---------+
       Total:                        332    83        0      
                                                             
    C:/ti/C2000Ware_4_01_00_00/driverlib/f28002x/driverlib/ccs/Debug/driverlib.lib
       sysctl.obj                    1285   154       0      
       gpio.obj                      213    152       0      
       i2c.obj                       197    75        0      
       interrupt.obj                 187    0         0      
    +--+-----------------------------+------+---------+---------+
       Total:                        1882   381       0      
                                                             
    C:\ti\ccs1110\ccs\tools\compiler\ti-cgt-c2000_21.6.0.LTS\lib\rts2800_fpu32_eabi.lib
       fs_div28.asm.obj              136    0         0      
       copy_decompress_lzss.c.obj    49     0         0      
       exit.c.obj                    41     0         6      
       autoinit.c.obj                43     0         0      
       memcpy.c.obj                  29     0         0      
       boot28.asm.obj                23     0         0      
       _lock.c.obj                   9      0         4      
       copy_zero_init.c.obj          13     0         0      
       args_main.c.obj               12     0         0      
       copy_decompress_none.c.obj    8      0         0      
       pre_init.c.obj                2      0         0      
       startup.c.obj                 1      0         0      
    +--+-----------------------------+------+---------+---------+
       Total:                        366    0         10     
                                                             
       Stack:                        0      0         512    
       Linker Generated:             0      46        0      
    +--+-----------------------------+------+---------+---------+
       Grand Total:                  3558   571       564    


LINKER GENERATED COPY TABLES

__TI_cinit_table @ 00000154 records: 2, size/record: 4, table size: 8
	.data: load addr=0000012c, load size=0000001c bytes, run addr=0000ade2, run size=00000046 bytes, compression=lzss
	.bss: load addr=0000014e, load size=00000004 bytes, run addr=0000ade0, run size=00000002 bytes, compression=zero_init


LINKER GENERATED HANDLER TABLE

__TI_handler_table @ 00000148 records: 3, size/record: 2, table size: 6
	index: 0, handler: __TI_zero_init
	index: 1, handler: __TI_decompress_lzss
	index: 2, handler: __TI_decompress_none


GLOBAL DATA SYMBOLS: SORTED BY DATA PAGE

address     data page           name
--------    ----------------    ----
00000400      10 (00000400)     __stack

0000ade0     2b7 (0000adc0)     currentMsgPtr
0000ade2     2b7 (0000adc0)     __TI_enable_exit_profile_output
0000ade4     2b7 (0000adc0)     __TI_cleanup_ptr
0000ade6     2b7 (0000adc0)     __TI_dtors_ptr
0000ade8     2b7 (0000adc0)     _lock
0000adea     2b7 (0000adc0)     _unlock

0000ae00     2b8 (0000ae00)     passCount
0000ae01     2b8 (0000ae00)     failCount
0000ae02     2b8 (0000ae00)     i2cMsgOut
0000ae15     2b8 (0000ae00)     i2cMsgIn


GLOBAL SYMBOLS: SORTED ALPHABETICALLY BY Name 

page  address   name                           
----  -------   ----                           
0     0000a90e  C$$EXIT                        
0     0000a2d4  Device_enableAllPeripherals    
0     0000a7f3  Device_init                    
0     0000ad15  Device_initGPIO                
0     0000a670  GPIO_setPadConfig              
0     0000a7bc  GPIO_setPinConfig              
0     0000a784  GPIO_setQualificationMode      
0     0000a982  I2C_clearInterruptStatus       
0     0000a88d  I2C_enableInterrupt            
0     0000a4f7  I2C_initMaster                 
0     0000a828  Interrupt_enable               
0     0000a747  Interrupt_initModule           
0     0000aa01  Interrupt_initVectorTable      
0     00000128  SysCtl_delay                   
0     0000a55b  SysCtl_getClock                
0     0000aac5  SysCtl_getLowSpeedClock        
0     0000a133  SysCtl_isPLLValid              
0     0000a6c2  SysCtl_selectOscSource         
0     0000a8b8  SysCtl_selectXTAL              
0     0000aadf  SysCtl_selectXTALSingleEnded   
0     0000a000  SysCtl_setClock                
0     00000154  __TI_CINIT_Base                
0     0000015c  __TI_CINIT_Limit               
0     0000015c  __TI_CINIT_Warm                
0     00000148  __TI_Handler_Table_Base        
0     0000014e  __TI_Handler_Table_Limit       
0     00000600  __TI_STACK_END                 
abs   00000200  __TI_STACK_SIZE                
0     0000a8e3  __TI_auto_init_nobinit_nopinit 
0     0000ade4  __TI_cleanup_ptr               
0     0000a85c  __TI_decompress_lzss           
0     0000adaa  __TI_decompress_none           
0     0000ade6  __TI_dtors_ptr                 
0     0000ade2  __TI_enable_exit_profile_output
abs   ffffffff  __TI_pprof_out_hndl            
abs   ffffffff  __TI_prof_data_size            
abs   ffffffff  __TI_prof_data_start           
0     0000ad69  __TI_zero_init_nomemset        
0     0000a36e  __c28xabi_divf                 
n/a   UNDEFED   __c_args__                     
0     0000adc8  __error__                      
0     00000400  __stack                        
0     0000ad82  _args_main                     
0     0000ab57  _c_int00                       
0     0000ade8  _lock                          
0     0000ada1  _nop                           
0     0000ad9d  _register_lock                 
0     0000ad99  _register_unlock               
0     0000addf  _system_post_cinit             
0     0000addd  _system_pre_init               
0     0000adea  _unlock                        
0     0000a90e  abort                          
0     00000000  code_start                     
0     0000ade0  currentMsgPtr                  
0     0000a910  exit                           
0     0000add9  fail                           
0     0000ae01  failCount                      
0     0000a231  i2cAISR                        
0     0000ae15  i2cMsgIn                       
0     0000ae02  i2cMsgOut                      
0     0000a705  initI2C                        
0     0000a3f6  main                           
0     0000aa3c  memcpy                         
0     0000addb  pass                           
0     0000ae00  passCount                      
0     0000a5bb  readData                       
0     0000a619  writeData                      


GLOBAL SYMBOLS: SORTED BY Symbol Address 

page  address   name                           
----  -------   ----                           
0     00000000  code_start                     
0     00000128  SysCtl_delay                   
0     00000148  __TI_Handler_Table_Base        
0     0000014e  __TI_Handler_Table_Limit       
0     00000154  __TI_CINIT_Base                
0     0000015c  __TI_CINIT_Limit               
0     0000015c  __TI_CINIT_Warm                
0     00000400  __stack                        
0     00000600  __TI_STACK_END                 
0     0000a000  SysCtl_setClock                
0     0000a133  SysCtl_isPLLValid              
0     0000a231  i2cAISR                        
0     0000a2d4  Device_enableAllPeripherals    
0     0000a36e  __c28xabi_divf                 
0     0000a3f6  main                           
0     0000a4f7  I2C_initMaster                 
0     0000a55b  SysCtl_getClock                
0     0000a5bb  readData                       
0     0000a619  writeData                      
0     0000a670  GPIO_setPadConfig              
0     0000a6c2  SysCtl_selectOscSource         
0     0000a705  initI2C                        
0     0000a747  Interrupt_initModule           
0     0000a784  GPIO_setQualificationMode      
0     0000a7bc  GPIO_setPinConfig              
0     0000a7f3  Device_init                    
0     0000a828  Interrupt_enable               
0     0000a85c  __TI_decompress_lzss           
0     0000a88d  I2C_enableInterrupt            
0     0000a8b8  SysCtl_selectXTAL              
0     0000a8e3  __TI_auto_init_nobinit_nopinit 
0     0000a90e  C$$EXIT                        
0     0000a90e  abort                          
0     0000a910  exit                           
0     0000a982  I2C_clearInterruptStatus       
0     0000aa01  Interrupt_initVectorTable      
0     0000aa3c  memcpy                         
0     0000aac5  SysCtl_getLowSpeedClock        
0     0000aadf  SysCtl_selectXTALSingleEnded   
0     0000ab57  _c_int00                       
0     0000ad15  Device_initGPIO                
0     0000ad69  __TI_zero_init_nomemset        
0     0000ad82  _args_main                     
0     0000ad99  _register_unlock               
0     0000ad9d  _register_lock                 
0     0000ada1  _nop                           
0     0000adaa  __TI_decompress_none           
0     0000adc8  __error__                      
0     0000add9  fail                           
0     0000addb  pass                           
0     0000addd  _system_pre_init               
0     0000addf  _system_post_cinit             
0     0000ade0  currentMsgPtr                  
0     0000ade2  __TI_enable_exit_profile_output
0     0000ade4  __TI_cleanup_ptr               
0     0000ade6  __TI_dtors_ptr                 
0     0000ade8  _lock                          
0     0000adea  _unlock                        
0     0000ae00  passCount                      
0     0000ae01  failCount                      
0     0000ae02  i2cMsgOut                      
0     0000ae15  i2cMsgIn                       
abs   00000200  __TI_STACK_SIZE                
abs   ffffffff  __TI_pprof_out_hndl            
abs   ffffffff  __TI_prof_data_size            
abs   ffffffff  __TI_prof_data_start           
n/a   UNDEFED   __c_args__                     

[67 symbols]
