******************************************************************************
             TMS320C2000 Linker PC v21.6.0                     
******************************************************************************
>> Linked Wed Mar  9 09:16:06 2022

OUTPUT FILE NAME:   <I2C_MasterDeESP32.out>
ENTRY POINT SYMBOL: "code_start"  address: 00000000


MEMORY CONFIGURATION

         name            origin    length      used     unused   attr    fill
----------------------  --------  ---------  --------  --------  ----  --------
  BEGIN                 00000000   00000002  00000002  00000000  RWIX
  BOOT_RSVD             00000002   00000126  00000000  00000126  RWIX
  RAMM0                 00000128   000002d8  00000020  000002b8  RWIX
  RAMM1                 00000400   000003f8  00000200  000001f8  RWIX
  RAMLS4567             0000a000   00002000  00000e8e  00001172  RWIX
  RAMGS0                0000c000   000007f8  00000235  000005c3  RWIX
  FLASH_BANK0_SEC0      00080002   00000ffe  00000000  00000ffe  RWIX
  FLASH_BANK0_SEC1      00081000   00001000  00000000  00001000  RWIX
  FLASH_BANK0_SEC2      00082000   00001000  00000000  00001000  RWIX
  FLASH_BANK0_SEC3      00083000   00001000  00000000  00001000  RWIX
  FLASH_BANK0_SEC4      00084000   00001000  00000000  00001000  RWIX
  FLASH_BANK0_SEC5      00085000   00001000  00000000  00001000  RWIX
  FLASH_BANK0_SEC6      00086000   00001000  00000000  00001000  RWIX
  FLASH_BANK0_SEC7      00087000   00001000  00000000  00001000  RWIX
  FLASH_BANK0_SEC8      00088000   00001000  00000000  00001000  RWIX
  FLASH_BANK0_SEC9      00089000   00001000  00000000  00001000  RWIX
  FLASH_BANK0_SEC10     0008a000   00001000  00000000  00001000  RWIX
  FLASH_BANK0_SEC11     0008b000   00001000  00000000  00001000  RWIX
  FLASH_BANK0_SEC12     0008c000   00001000  00000000  00001000  RWIX
  FLASH_BANK0_SEC13     0008d000   00001000  00000000  00001000  RWIX
  FLASH_BANK0_SEC14     0008e000   00001000  00000000  00001000  RWIX
  FLASH_BANK0_SEC15     0008f000   00000ff8  00000000  00000ff8  RWIX
  BOOTROM               003f0000   00008000  00000000  00008000  RWIX
  BOOTROM_EXT           003f8000   00007fc0  00000000  00007fc0  RWIX
  RESET                 003fffc0   00000002  00000000  00000002  RWIX


SECTION ALLOCATION MAP

 output                                  attributes/
section   page    origin      length       input sections
--------  ----  ----------  ----------   ----------------
.TI.ramfunc 
*          0    00000128    00000004     
                  00000128    00000004     driverlib.lib : sysctl.obj (.TI.ramfunc)

.cinit     0    0000012c    0000001c     
                  0000012c    00000009     (.cinit..data.load) [load image, compression = lzss]
                  00000135    00000001     --HOLE-- [fill = 0]
                  00000136    00000006     (__TI_handler_table)
                  0000013c    00000004     (.cinit..bss.load) [load image, compression = zero_init]
                  00000140    00000008     (__TI_cinit_table)

.text      0    0000a000    00000def     
                  0000a000    00000133     driverlib.lib : sysctl.obj (.text:SysCtl_setClock)
                  0000a133    000000fe                   : sysctl.obj (.text:SysCtl_isPLLValid)
                  0000a231    0000009a     device.obj (.text:Device_enableAllPeripherals)
                  0000a2cb    00000088     rts2800_fpu32_eabi.lib : fs_div28.asm.obj (.text)
                  0000a353    0000007a     driverlib.lib : sysctl.obj (.text:DCC_setCounterSeeds)
                  0000a3cd    00000067     i2cLib_FIFO_master_slave_interrupt.obj (.text:I2CBusScan)
                  0000a434    00000064     driverlib.lib : i2c.obj (.text:I2C_initMaster)
                  0000a498    00000064     ComoMaster.obj (.text:main)
                  0000a4fc    00000062     ComoMaster.obj (.text:I2Cinit)
                  0000a55e    00000060     driverlib.lib : sysctl.obj (.text:SysCtl_getClock)
                  0000a5be    00000054                   : sysctl.obj (.text:SysCtl_selectOscSource)
                  0000a612    00000052                   : gpio.obj (.text:GPIO_setPadConfig)
                  0000a664    0000003d                   : interrupt.obj (.text:Interrupt_initModule)
                  0000a6a1    00000038                   : gpio.obj (.text:GPIO_setQualificationMode)
                  0000a6d9    00000037                   : gpio.obj (.text:GPIO_setPinConfig)
                  0000a710    00000035     device.obj (.text:Device_init)
                  0000a745    00000031     driverlib.lib : gpio.obj (.text:GPIO_setDirectionMode)
                  0000a776    00000031     rts2800_fpu32_eabi.lib : copy_decompress_lzss.c.obj (.text:decompress:lzss)
                  0000a7a7    0000002c     driverlib.lib : i2c.obj (.text:I2C_disableInterrupt)
                  0000a7d3    0000002b                   : i2c.obj (.text:I2C_enableInterrupt)
                  0000a7fe    0000002b                   : sysctl.obj (.text:SysCtl_selectXTAL)
                  0000a829    0000002b     rts2800_fpu32_eabi.lib : autoinit.c.obj (.text:__TI_auto_init_nobinit_nopinit)
                  0000a854    00000029                            : exit.c.obj (.text)
                  0000a87d    00000027     ComoMaster.obj (.text:I2C_GPIO_init)
                  0000a8a4    00000027     ComoMaster.obj (.text:I2C_setFIFOInterruptLevel)
                  0000a8cb    00000026     driverlib.lib : sysctl.obj (.text:SysCtl_pollX1Counter)
                  0000a8f1    00000025                   : sysctl.obj (.text:DCC_enableSingleShotMode)
                  0000a916    00000021                   : i2c.obj (.text:I2C_clearInterruptStatus)
                  0000a937    00000020     i2cLib_FIFO_master_slave_interrupt.obj (.text:I2C_isBusBusy)
                  0000a957    0000001f     driverlib.lib : sysctl.obj (.text:DCC_setCounter0ClkSource)
                  0000a976    0000001f                   : sysctl.obj (.text:DCC_setCounter1ClkSource)
                  0000a995    0000001e                   : interrupt.obj (.text:Interrupt_initVectorTable)
                  0000a9b3    0000001d     ComoMaster.obj (.text:I2C_setOwnSlaveAddress)
                  0000a9d0    0000001d     ComoMaster.obj (.text:I2C_setSlaveAddress)
                  0000a9ed    0000001d     i2cLib_FIFO_master_slave_interrupt.obj (.text:I2C_setSlaveAddress)
                  0000aa0a    0000001d     rts2800_fpu32_eabi.lib : memcpy.c.obj (.text)
                  0000aa27    0000001b     i2cLib_FIFO_master_slave_interrupt.obj (.text:I2C_getStopConditionStatus)
                  0000aa42    0000001b     ComoMaster.obj (.text:I2C_setAddressMode)
                  0000aa5d    0000001b     i2cLib_FIFO_master_slave_interrupt.obj (.text:I2C_setAddressMode)
                  0000aa78    0000001b     ComoMaster.obj (.text:I2C_setBitCount)
                  0000aa93    0000001b     ComoMaster.obj (.text:I2C_setConfig)
                  0000aaae    0000001b     i2cLib_FIFO_master_slave_interrupt.obj (.text:I2C_setConfig)
                  0000aac9    0000001b     ComoMaster.obj (.text:I2C_setEmulationMode)
                  0000aae4    0000001a     driverlib.lib : sysctl.obj (.text:SysCtl_getLowSpeedClock)
                  0000aafe    0000001a                   : sysctl.obj (.text:SysCtl_selectXTALSingleEnded)
                  0000ab18    00000019     ComoMaster.obj (.text:I2C_enableFIFO)
                  0000ab31    00000017     driverlib.lib : sysctl.obj (.text:DCC_disableDoneSignal)
                  0000ab48    00000017     device.obj (.text:SysCtl_enablePeripheral)
                  0000ab5f    00000017     driverlib.lib : sysctl.obj (.text:SysCtl_enablePeripheral)
                  0000ab76    00000017     rts2800_fpu32_eabi.lib : boot28.asm.obj (.text)
                  0000ab8d    00000016     driverlib.lib : sysctl.obj (.text:DCC_clearDoneFlag)
                  0000aba3    00000016                   : sysctl.obj (.text:DCC_clearErrorFlag)
                  0000abb9    00000016                   : sysctl.obj (.text:DCC_disableErrorSignal)
                  0000abcf    00000015                   : sysctl.obj (.text:DCC_isBaseValid)
                  0000abe4    00000015     device.obj (.text:GPIO_unlockPortConfig)
                  0000abf9    00000015     ComoMaster.obj (.text:I2C_isBaseValid)
                  0000ac0e    00000015     driverlib.lib : i2c.obj (.text:I2C_isBaseValid)
                  0000ac23    00000015     i2cLib_FIFO_master_slave_interrupt.obj (.text:I2C_isBaseValid)
                  0000ac38    00000014     driverlib.lib : sysctl.obj (.text:DCC_disableModule)
                  0000ac4c    00000014                   : sysctl.obj (.text:DCC_enableModule)
                  0000ac60    00000014                   : gpio.obj (.text:GPIO_isPinValid)
                  0000ac74    00000014     ComoMaster.obj (.text:I2C_disableLoopback)
                  0000ac88    00000014     ComoMaster.obj (.text:I2C_disableModule)
                  0000ac9c    00000014     ComoMaster.obj (.text:I2C_enableModule)
                  0000acb0    00000014     i2cLib_FIFO_master_slave_interrupt.obj (.text:I2C_sendStartCondition)
                  0000acc4    00000014     i2cLib_FIFO_master_slave_interrupt.obj (.text:I2C_sendStopCondition)
                  0000acd8    00000014     device.obj (.text:SysCtl_deviceCal)
                  0000acec    00000014     i2cLib_FIFO_master_slave_interrupt.obj (.text:checkBusStatus)
                  0000ad00    00000013     ComoMaster.obj (.text:I2C_clearStatus)
                  0000ad13    00000013     i2cLib_FIFO_master_slave_interrupt.obj (.text:I2C_clearStatus)
                  0000ad26    00000013     ComoMaster.obj (.text:I2C_setDataCount)
                  0000ad39    00000011     i2cLib_FIFO_master_slave_interrupt.obj (.text:I2C_getStatus)
                  0000ad4a    00000010     device.obj (.text:Device_initGPIO)
                  0000ad5a    0000000e     driverlib.lib : interrupt.obj (.text:Interrupt_defaultHandler)
                  0000ad68    0000000d                   : interrupt.obj (.text:Interrupt_disableMaster)
                  0000ad75    0000000d     device.obj (.text:SysCtl_setLowSpeedClock)
                  0000ad82    0000000d     rts2800_fpu32_eabi.lib : copy_zero_init.c.obj (.text:decompress:ZI:__TI_zero_init_nomemset)
                  0000ad8f    0000000c     driverlib.lib : sysctl.obj (.text:SysCtl_setPLLSysClk)
                  0000ad9b    0000000c     rts2800_fpu32_eabi.lib : args_main.c.obj (.text)
                  0000ada7    0000000b     driverlib.lib : sysctl.obj (.text:SysCtl_isMCDClockFailureDetected)
                  0000adb2    00000009     rts2800_fpu32_eabi.lib : _lock.c.obj (.text)
                  0000adbb    00000008     device.obj (.text:SysCtl_disableWatchdog)
                  0000adc3    00000008     rts2800_fpu32_eabi.lib : copy_decompress_none.c.obj (.text:decompress:none)
                  0000adcb    00000008     f28002x_codestartbranch.obj (.text)
                  0000add3    00000007     device.obj (.text:ASysCtl_lockVREG)
                  0000adda    00000007     driverlib.lib : sysctl.obj (.text:SysCtl_resetMCD)
                  0000ade1    00000007     device.obj (.text:__error__)
                  0000ade8    00000002     driverlib.lib : interrupt.obj (.text:Interrupt_illegalOperationHandler)
                  0000adea    00000002                   : interrupt.obj (.text:Interrupt_nmiHandler)
                  0000adec    00000002     rts2800_fpu32_eabi.lib : pre_init.c.obj (.text)
                  0000adee    00000001                            : startup.c.obj (.text)

.reset     0    003fffc0    00000000     DSECT

codestart 
*          0    00000000    00000002     
                  00000000    00000002     f28002x_codestartbranch.obj (codestart)

.stack     0    00000400    00000200     UNINITIALIZED
                  00000400    00000200     --HOLE--

.bss       0    0000adef    00000094     UNINITIALIZED
                  0000adef    00000040     ComoMaster.obj (.bss:I2CB_RXdata)
                  0000ae2f    00000040     ComoMaster.obj (.bss:I2CB_TXdata)
                  0000ae6f    00000014     ComoMaster.obj (.bss:AvailableI2C_slaves)

.init_array 
*          0    00000128    00000000     UNINITIALIZED

.data      0    0000ae84    0000000b     UNINITIALIZED
                  0000ae84    00000006     rts2800_fpu32_eabi.lib : exit.c.obj (.data)
                  0000ae8a    00000002                            : _lock.c.obj (.data:_lock)
                  0000ae8c    00000002                            : _lock.c.obj (.data:_unlock)
                  0000ae8e    00000001     ComoMaster.obj (.data)

.const     0    0000c000    00000235     
                  0000c000    0000009a     driverlib.lib : sysctl.obj (.const:.string)
                  0000c09a    00000098                   : gpio.obj (.const:.string)
                  0000c132    00000066     i2cLib_FIFO_master_slave_interrupt.obj (.const:.string)
                  0000c198    0000004b     driverlib.lib : i2c.obj (.const:.string)
                  0000c1e3    00000001     --HOLE-- [fill = 0]
                  0000c1e4    0000003d     ComoMaster.obj (.const:.string)
                  0000c221    00000001     --HOLE-- [fill = 0]
                  0000c222    00000013     device.obj (.const:.string)

MODULE SUMMARY

       Module                                   code   ro data   rw data
       ------                                   ----   -------   -------
    .\
       ComoMaster.obj                           586    61        149    
       i2cLib_FIFO_master_slave_interrupt.obj   362    102       0      
    +--+----------------------------------------+------+---------+---------+
       Total:                                   948    163       149    
                                                                        
    .\device\
       device.obj                               322    19        0      
       f28002x_codestartbranch.obj              10     0         0      
    +--+----------------------------------------+------+---------+---------+
       Total:                                   332    19        0      
                                                                        
    C:/ti/C2000Ware_4_00_00_00/driverlib/f28002x/driverlib/ccs/Debug/driverlib.lib
       sysctl.obj                               1302   154       0      
       gpio.obj                                 262    152       0      
       i2c.obj                                  241    75        0      
       interrupt.obj                            122    0         0      
    +--+----------------------------------------+------+---------+---------+
       Total:                                   1927   381       0      
                                                                        
    C:\ti\ccs1110\ccs\tools\compiler\ti-cgt-c2000_21.6.0.LTS\lib\rts2800_fpu32_eabi.lib
       fs_div28.asm.obj                         136    0         0      
       copy_decompress_lzss.c.obj               49     0         0      
       exit.c.obj                               41     0         6      
       autoinit.c.obj                           43     0         0      
       memcpy.c.obj                             29     0         0      
       boot28.asm.obj                           23     0         0      
       _lock.c.obj                              9      0         4      
       copy_zero_init.c.obj                     13     0         0      
       args_main.c.obj                          12     0         0      
       copy_decompress_none.c.obj               8      0         0      
       pre_init.c.obj                           2      0         0      
       startup.c.obj                            1      0         0      
    +--+----------------------------------------+------+---------+---------+
       Total:                                   366    0         10     
                                                                        
       Stack:                                   0      0         512    
       Linker Generated:                        0      27        0      
    +--+----------------------------------------+------+---------+---------+
       Grand Total:                             3573   590       671    


LINKER GENERATED COPY TABLES

__TI_cinit_table @ 00000140 records: 2, size/record: 4, table size: 8
	.data: load addr=0000012c, load size=00000009 bytes, run addr=0000ae84, run size=0000000b bytes, compression=lzss
	.bss: load addr=0000013c, load size=00000004 bytes, run addr=0000adef, run size=00000094 bytes, compression=zero_init


LINKER GENERATED HANDLER TABLE

__TI_handler_table @ 00000136 records: 3, size/record: 2, table size: 6
	index: 0, handler: __TI_zero_init
	index: 1, handler: __TI_decompress_lzss
	index: 2, handler: __TI_decompress_none


GLOBAL DATA SYMBOLS: SORTED BY DATA PAGE

address     data page           name
--------    ----------------    ----
00000400      10 (00000400)     __stack

0000adef     2b7 (0000adc0)     I2CB_RXdata

0000ae2f     2b8 (0000ae00)     I2CB_TXdata

0000ae6f     2b9 (0000ae40)     AvailableI2C_slaves

0000ae84     2ba (0000ae80)     __TI_enable_exit_profile_output
0000ae86     2ba (0000ae80)     __TI_cleanup_ptr
0000ae88     2ba (0000ae80)     __TI_dtors_ptr
0000ae8a     2ba (0000ae80)     _lock
0000ae8c     2ba (0000ae80)     _unlock
0000ae8e     2ba (0000ae80)     status


GLOBAL SYMBOLS: SORTED ALPHABETICALLY BY Name 

page  address   name                           
----  -------   ----                           
0     0000ae6f  AvailableI2C_slaves            
0     0000a854  C$$EXIT                        
0     0000a231  Device_enableAllPeripherals    
0     0000a710  Device_init                    
0     0000ad4a  Device_initGPIO                
0     0000a745  GPIO_setDirectionMode          
0     0000a612  GPIO_setPadConfig              
0     0000a6d9  GPIO_setPinConfig              
0     0000a6a1  GPIO_setQualificationMode      
0     0000adef  I2CB_RXdata                    
0     0000ae2f  I2CB_TXdata                    
0     0000a3cd  I2CBusScan                     
0     0000a87d  I2C_GPIO_init                  
0     0000a916  I2C_clearInterruptStatus       
0     0000a7a7  I2C_disableInterrupt           
0     0000a7d3  I2C_enableInterrupt            
0     0000a434  I2C_initMaster                 
0     0000a4fc  I2Cinit                        
0     0000a664  Interrupt_initModule           
0     0000a995  Interrupt_initVectorTable      
0     00000128  SysCtl_delay                   
0     0000a55e  SysCtl_getClock                
0     0000aae4  SysCtl_getLowSpeedClock        
0     0000a133  SysCtl_isPLLValid              
0     0000a5be  SysCtl_selectOscSource         
0     0000a7fe  SysCtl_selectXTAL              
0     0000aafe  SysCtl_selectXTALSingleEnded   
0     0000a000  SysCtl_setClock                
0     00000140  __TI_CINIT_Base                
0     00000148  __TI_CINIT_Limit               
0     00000148  __TI_CINIT_Warm                
0     00000136  __TI_Handler_Table_Base        
0     0000013c  __TI_Handler_Table_Limit       
0     00000600  __TI_STACK_END                 
abs   00000200  __TI_STACK_SIZE                
0     0000a829  __TI_auto_init_nobinit_nopinit 
0     0000ae86  __TI_cleanup_ptr               
0     0000a776  __TI_decompress_lzss           
0     0000adc3  __TI_decompress_none           
0     0000ae88  __TI_dtors_ptr                 
0     0000ae84  __TI_enable_exit_profile_output
abs   ffffffff  __TI_pprof_out_hndl            
abs   ffffffff  __TI_prof_data_size            
abs   ffffffff  __TI_prof_data_start           
0     0000ad82  __TI_zero_init_nomemset        
0     0000a2cb  __c28xabi_divf                 
n/a   UNDEFED   __c_args__                     
0     0000ade1  __error__                      
0     00000400  __stack                        
0     0000ad9b  _args_main                     
0     0000ab76  _c_int00                       
0     0000ae8a  _lock                          
0     0000adba  _nop                           
0     0000adb6  _register_lock                 
0     0000adb2  _register_unlock               
0     0000adee  _system_post_cinit             
0     0000adec  _system_pre_init               
0     0000ae8c  _unlock                        
0     0000a854  abort                          
0     0000acec  checkBusStatus                 
0     00000000  code_start                     
0     0000a856  exit                           
0     0000a498  main                           
0     0000aa0a  memcpy                         
0     0000ae8e  status                         


GLOBAL SYMBOLS: SORTED BY Symbol Address 

page  address   name                           
----  -------   ----                           
0     00000000  code_start                     
0     00000128  SysCtl_delay                   
0     00000136  __TI_Handler_Table_Base        
0     0000013c  __TI_Handler_Table_Limit       
0     00000140  __TI_CINIT_Base                
0     00000148  __TI_CINIT_Limit               
0     00000148  __TI_CINIT_Warm                
0     00000400  __stack                        
0     00000600  __TI_STACK_END                 
0     0000a000  SysCtl_setClock                
0     0000a133  SysCtl_isPLLValid              
0     0000a231  Device_enableAllPeripherals    
0     0000a2cb  __c28xabi_divf                 
0     0000a3cd  I2CBusScan                     
0     0000a434  I2C_initMaster                 
0     0000a498  main                           
0     0000a4fc  I2Cinit                        
0     0000a55e  SysCtl_getClock                
0     0000a5be  SysCtl_selectOscSource         
0     0000a612  GPIO_setPadConfig              
0     0000a664  Interrupt_initModule           
0     0000a6a1  GPIO_setQualificationMode      
0     0000a6d9  GPIO_setPinConfig              
0     0000a710  Device_init                    
0     0000a745  GPIO_setDirectionMode          
0     0000a776  __TI_decompress_lzss           
0     0000a7a7  I2C_disableInterrupt           
0     0000a7d3  I2C_enableInterrupt            
0     0000a7fe  SysCtl_selectXTAL              
0     0000a829  __TI_auto_init_nobinit_nopinit 
0     0000a854  C$$EXIT                        
0     0000a854  abort                          
0     0000a856  exit                           
0     0000a87d  I2C_GPIO_init                  
0     0000a916  I2C_clearInterruptStatus       
0     0000a995  Interrupt_initVectorTable      
0     0000aa0a  memcpy                         
0     0000aae4  SysCtl_getLowSpeedClock        
0     0000aafe  SysCtl_selectXTALSingleEnded   
0     0000ab76  _c_int00                       
0     0000acec  checkBusStatus                 
0     0000ad4a  Device_initGPIO                
0     0000ad82  __TI_zero_init_nomemset        
0     0000ad9b  _args_main                     
0     0000adb2  _register_unlock               
0     0000adb6  _register_lock                 
0     0000adba  _nop                           
0     0000adc3  __TI_decompress_none           
0     0000ade1  __error__                      
0     0000adec  _system_pre_init               
0     0000adee  _system_post_cinit             
0     0000adef  I2CB_RXdata                    
0     0000ae2f  I2CB_TXdata                    
0     0000ae6f  AvailableI2C_slaves            
0     0000ae84  __TI_enable_exit_profile_output
0     0000ae86  __TI_cleanup_ptr               
0     0000ae88  __TI_dtors_ptr                 
0     0000ae8a  _lock                          
0     0000ae8c  _unlock                        
0     0000ae8e  status                         
abs   00000200  __TI_STACK_SIZE                
abs   ffffffff  __TI_pprof_out_hndl            
abs   ffffffff  __TI_prof_data_size            
abs   ffffffff  __TI_prof_data_start           
n/a   UNDEFED   __c_args__                     

[65 symbols]
