<?xml version="1.0" encoding="ISO-8859-1" ?>
<link_info>
   <banner>TMS320C2000 Linker PC v21.6.0.LTS</banner>
   <copyright>Copyright (c) 1996-2018 Texas Instruments Incorporated</copyright>
   <link_time>0x62277a41</link_time>
   <link_errors>0x1</link_errors>
   <output_file>I2C-Master.out</output_file>
   <entry_point>
      <name>code_start</name>
      <address>0x0</address>
   </entry_point>
   <input_file_list>
      <input_file id="fl-2">
         <path>.\</path>
         <kind>object</kind>
         <file>I2CMaster.obj</file>
         <name>I2CMaster.obj</name>
      </input_file>
      <input_file id="fl-3">
         <path>.\</path>
         <kind>object</kind>
         <file>i2cLib_FIFO_master_slave_interrupt.obj</file>
         <name>i2cLib_FIFO_master_slave_interrupt.obj</name>
      </input_file>
      <input_file id="fl-4">
         <path>.\device\</path>
         <kind>object</kind>
         <file>device.obj</file>
         <name>device.obj</name>
      </input_file>
      <input_file id="fl-5">
         <path>.\device\</path>
         <kind>object</kind>
         <file>f28002x_codestartbranch.obj</file>
         <name>f28002x_codestartbranch.obj</name>
      </input_file>
      <input_file id="fl-a">
         <kind>object</kind>
         <file>&lt;internal&gt;</file>
         <name>&lt;internal&gt;</name>
      </input_file>
      <input_file id="fl-b">
         <path>C:\ti\C2000Ware_4_00_00_00\driverlib\f28002x\driverlib\ccs\Debug\</path>
         <kind>archive</kind>
         <file>driverlib.lib</file>
         <name>i2c.obj</name>
      </input_file>
      <input_file id="fl-c">
         <path>C:\ti\C2000Ware_4_00_00_00\driverlib\f28002x\driverlib\ccs\Debug\</path>
         <kind>archive</kind>
         <file>driverlib.lib</file>
         <name>interrupt.obj</name>
      </input_file>
      <input_file id="fl-d">
         <path>C:\ti\C2000Ware_4_00_00_00\driverlib\f28002x\driverlib\ccs\Debug\</path>
         <kind>archive</kind>
         <file>driverlib.lib</file>
         <name>sysctl.obj</name>
      </input_file>
      <input_file id="fl-19">
         <path>C:\ti\ccs1110\ccs\tools\compiler\ti-cgt-c2000_21.6.0.LTS\lib\</path>
         <kind>archive</kind>
         <file>rts2800_fpu32_eabi.lib</file>
         <name>boot28.asm.obj</name>
      </input_file>
      <input_file id="fl-1a">
         <path>C:\ti\ccs1110\ccs\tools\compiler\ti-cgt-c2000_21.6.0.LTS\lib\</path>
         <kind>archive</kind>
         <file>rts2800_fpu32_eabi.lib</file>
         <name>fs_div28.asm.obj</name>
      </input_file>
      <input_file id="fl-1b">
         <path>C:\ti\ccs1110\ccs\tools\compiler\ti-cgt-c2000_21.6.0.LTS\lib\</path>
         <kind>archive</kind>
         <file>rts2800_fpu32_eabi.lib</file>
         <name>pre_init.c.obj</name>
      </input_file>
      <input_file id="fl-1c">
         <path>C:\ti\ccs1110\ccs\tools\compiler\ti-cgt-c2000_21.6.0.LTS\lib\</path>
         <kind>archive</kind>
         <file>rts2800_fpu32_eabi.lib</file>
         <name>autoinit.c.obj</name>
      </input_file>
      <input_file id="fl-1d">
         <path>C:\ti\ccs1110\ccs\tools\compiler\ti-cgt-c2000_21.6.0.LTS\lib\</path>
         <kind>archive</kind>
         <file>rts2800_fpu32_eabi.lib</file>
         <name>copy_zero_init.c.obj</name>
      </input_file>
      <input_file id="fl-1e">
         <path>C:\ti\ccs1110\ccs\tools\compiler\ti-cgt-c2000_21.6.0.LTS\lib\</path>
         <kind>archive</kind>
         <file>rts2800_fpu32_eabi.lib</file>
         <name>copy_decompress_none.c.obj</name>
      </input_file>
      <input_file id="fl-1f">
         <path>C:\ti\ccs1110\ccs\tools\compiler\ti-cgt-c2000_21.6.0.LTS\lib\</path>
         <kind>archive</kind>
         <file>rts2800_fpu32_eabi.lib</file>
         <name>copy_decompress_lzss.c.obj</name>
      </input_file>
      <input_file id="fl-20">
         <path>C:\ti\ccs1110\ccs\tools\compiler\ti-cgt-c2000_21.6.0.LTS\lib\</path>
         <kind>archive</kind>
         <file>rts2800_fpu32_eabi.lib</file>
         <name>exit.c.obj</name>
      </input_file>
      <input_file id="fl-21">
         <path>C:\ti\ccs1110\ccs\tools\compiler\ti-cgt-c2000_21.6.0.LTS\lib\</path>
         <kind>archive</kind>
         <file>rts2800_fpu32_eabi.lib</file>
         <name>_lock.c.obj</name>
      </input_file>
      <input_file id="fl-22">
         <path>C:\ti\ccs1110\ccs\tools\compiler\ti-cgt-c2000_21.6.0.LTS\lib\</path>
         <kind>archive</kind>
         <file>rts2800_fpu32_eabi.lib</file>
         <name>args_main.c.obj</name>
      </input_file>
      <input_file id="fl-23">
         <path>C:\ti\ccs1110\ccs\tools\compiler\ti-cgt-c2000_21.6.0.LTS\lib\</path>
         <kind>archive</kind>
         <file>rts2800_fpu32_eabi.lib</file>
         <name>memset.c.obj</name>
      </input_file>
      <input_file id="fl-24">
         <path>C:\ti\ccs1110\ccs\tools\compiler\ti-cgt-c2000_21.6.0.LTS\lib\</path>
         <kind>archive</kind>
         <file>rts2800_fpu32_eabi.lib</file>
         <name>cpy_tbl.c.obj</name>
      </input_file>
      <input_file id="fl-25">
         <path>C:\ti\ccs1110\ccs\tools\compiler\ti-cgt-c2000_21.6.0.LTS\lib\</path>
         <kind>archive</kind>
         <file>rts2800_fpu32_eabi.lib</file>
         <name>memcpy.c.obj</name>
      </input_file>
      <input_file id="fl-26">
         <path>C:\ti\ccs1110\ccs\tools\compiler\ti-cgt-c2000_21.6.0.LTS\lib\</path>
         <kind>archive</kind>
         <file>rts2800_fpu32_eabi.lib</file>
         <name>startup.c.obj</name>
      </input_file>
   </input_file_list>
   <object_component_list>
      <object_component id="oc-150">
         <name>.text:SysCtl_setClock</name>
         <load_address>0xa000</load_address>
         <run_address>0xa000</run_address>
         <size>0x133</size>
         <input_file_ref idref="fl-d"/>
      </object_component>
      <object_component id="oc-24e">
         <name>.text:SysCtl_isPLLValid</name>
         <load_address>0xa133</load_address>
         <run_address>0xa133</run_address>
         <size>0xfe</size>
         <input_file_ref idref="fl-d"/>
      </object_component>
      <object_component id="oc-ab">
         <name>.text:main</name>
         <load_address>0xa231</load_address>
         <run_address>0xa231</run_address>
         <size>0xdf</size>
         <input_file_ref idref="fl-2"/>
      </object_component>
      <object_component id="oc-175">
         <name>.text:Device_enableAllPeripherals</name>
         <load_address>0xa310</load_address>
         <run_address>0xa310</run_address>
         <size>0x9a</size>
         <input_file_ref idref="fl-4"/>
      </object_component>
      <object_component id="oc-2a9">
         <name>.text</name>
         <load_address>0xa3aa</load_address>
         <run_address>0xa3aa</run_address>
         <size>0x88</size>
         <input_file_ref idref="fl-1a"/>
      </object_component>
      <object_component id="oc-2de">
         <name>.text:DCC_setCounterSeeds</name>
         <load_address>0xa432</load_address>
         <run_address>0xa432</run_address>
         <size>0x7a</size>
         <input_file_ref idref="fl-d"/>
      </object_component>
      <object_component id="oc-124">
         <name>.text:I2C_MasterTransmitter</name>
         <load_address>0xa4ac</load_address>
         <run_address>0xa4ac</run_address>
         <size>0x6e</size>
         <input_file_ref idref="fl-3"/>
      </object_component>
      <object_component id="oc-100">
         <name>.text:I2CBusScan</name>
         <load_address>0xa51a</load_address>
         <run_address>0xa51a</run_address>
         <size>0x67</size>
         <input_file_ref idref="fl-3"/>
      </object_component>
      <object_component id="oc-15c">
         <name>.text:SysCtl_getClock</name>
         <load_address>0xa581</load_address>
         <run_address>0xa581</run_address>
         <size>0x60</size>
         <input_file_ref idref="fl-d"/>
      </object_component>
      <object_component id="oc-242">
         <name>.text:SysCtl_selectOscSource</name>
         <load_address>0xa5e1</load_address>
         <run_address>0xa5e1</run_address>
         <size>0x54</size>
         <input_file_ref idref="fl-d"/>
      </object_component>
      <object_component id="oc-20f">
         <name>.text:I2C_TransmitSlaveAddress_ControlBytes</name>
         <load_address>0xa635</load_address>
         <run_address>0xa635</run_address>
         <size>0x53</size>
         <input_file_ref idref="fl-3"/>
      </object_component>
      <object_component id="oc-df">
         <name>.text:Interrupt_initModule</name>
         <load_address>0xa688</load_address>
         <run_address>0xa688</run_address>
         <size>0x3d</size>
         <input_file_ref idref="fl-c"/>
      </object_component>
      <object_component id="oc-d3">
         <name>.text:Device_init</name>
         <load_address>0xa6c5</load_address>
         <run_address>0xa6c5</run_address>
         <size>0x35</size>
         <input_file_ref idref="fl-4"/>
      </object_component>
      <object_component id="oc-112">
         <name>.text:Interrupt_enable</name>
         <load_address>0xa6fa</load_address>
         <run_address>0xa6fa</run_address>
         <size>0x34</size>
         <input_file_ref idref="fl-c"/>
      </object_component>
      <object_component id="oc-14">
         <name>.text:decompress:lzss</name>
         <load_address>0xa72e</load_address>
         <run_address>0xa72e</run_address>
         <size>0x31</size>
         <input_file_ref idref="fl-1f"/>
      </object_component>
      <object_component id="oc-f4">
         <name>.text:I2C_disableInterrupt</name>
         <load_address>0xa75f</load_address>
         <run_address>0xa75f</run_address>
         <size>0x2c</size>
         <input_file_ref idref="fl-b"/>
      </object_component>
      <object_component id="oc-106">
         <name>.text:I2C_enableInterrupt</name>
         <load_address>0xa78b</load_address>
         <run_address>0xa78b</run_address>
         <size>0x2b</size>
         <input_file_ref idref="fl-b"/>
      </object_component>
      <object_component id="oc-29b">
         <name>.text:SysCtl_selectXTAL</name>
         <load_address>0xa7b6</load_address>
         <run_address>0xa7b6</run_address>
         <size>0x2b</size>
         <input_file_ref idref="fl-d"/>
      </object_component>
      <object_component id="oc-7b">
         <name>.text:__TI_auto_init_nobinit_nopinit</name>
         <load_address>0xa7e1</load_address>
         <run_address>0xa7e1</run_address>
         <size>0x2b</size>
         <input_file_ref idref="fl-1c"/>
      </object_component>
      <object_component id="oc-6f">
         <name>.text</name>
         <load_address>0xa80c</load_address>
         <run_address>0xa80c</run_address>
         <size>0x29</size>
         <input_file_ref idref="fl-20"/>
      </object_component>
      <object_component id="oc-21b">
         <name>.text:I2C_setFIFOInterruptLevel</name>
         <load_address>0xa835</load_address>
         <run_address>0xa835</run_address>
         <size>0x27</size>
         <input_file_ref idref="fl-3"/>
      </object_component>
      <object_component id="oc-2f8">
         <name>.text:SysCtl_pollX1Counter</name>
         <load_address>0xa85c</load_address>
         <run_address>0xa85c</run_address>
         <size>0x26</size>
         <input_file_ref idref="fl-d"/>
      </object_component>
      <object_component id="oc-2e4">
         <name>.text:DCC_enableSingleShotMode</name>
         <load_address>0xa882</load_address>
         <run_address>0xa882</run_address>
         <size>0x25</size>
         <input_file_ref idref="fl-d"/>
      </object_component>
      <object_component id="oc-221">
         <name>.text:I2C_clearInterruptStatus</name>
         <load_address>0xa8a7</load_address>
         <run_address>0xa8a7</run_address>
         <size>0x21</size>
         <input_file_ref idref="fl-b"/>
      </object_component>
      <object_component id="oc-1e9">
         <name>.text:I2C_isBusBusy</name>
         <load_address>0xa8c8</load_address>
         <run_address>0xa8c8</run_address>
         <size>0x20</size>
         <input_file_ref idref="fl-3"/>
      </object_component>
      <object_component id="oc-2d2">
         <name>.text:DCC_setCounter0ClkSource</name>
         <load_address>0xa8e8</load_address>
         <run_address>0xa8e8</run_address>
         <size>0x1f</size>
         <input_file_ref idref="fl-d"/>
      </object_component>
      <object_component id="oc-2d8">
         <name>.text:DCC_setCounter1ClkSource</name>
         <load_address>0xa907</load_address>
         <run_address>0xa907</run_address>
         <size>0x1f</size>
         <input_file_ref idref="fl-d"/>
      </object_component>
      <object_component id="oc-e5">
         <name>.text:Interrupt_initVectorTable</name>
         <load_address>0xa926</load_address>
         <run_address>0xa926</run_address>
         <size>0x1e</size>
         <input_file_ref idref="fl-c"/>
      </object_component>
      <object_component id="oc-eb">
         <name>.text:I2C_setOwnSlaveAddress</name>
         <load_address>0xa944</load_address>
         <run_address>0xa944</run_address>
         <size>0x1d</size>
         <input_file_ref idref="fl-2"/>
      </object_component>
      <object_component id="oc-1cb">
         <name>.text:I2C_setSlaveAddress</name>
         <load_address>0xa961</load_address>
         <run_address>0xa961</run_address>
         <size>0x1d</size>
         <input_file_ref idref="fl-3"/>
      </object_component>
      <object_component id="oc-29">
         <name>.text</name>
         <load_address>0xa97e</load_address>
         <run_address>0xa97e</run_address>
         <size>0x1d</size>
         <input_file_ref idref="fl-25"/>
      </object_component>
      <object_component id="oc-1e3">
         <name>.text:I2C_getStopConditionStatus</name>
         <load_address>0xa99b</load_address>
         <run_address>0xa99b</run_address>
         <size>0x1b</size>
         <input_file_ref idref="fl-3"/>
      </object_component>
      <object_component id="oc-1c5">
         <name>.text:I2C_setAddressMode</name>
         <load_address>0xa9b6</load_address>
         <run_address>0xa9b6</run_address>
         <size>0x1b</size>
         <input_file_ref idref="fl-3"/>
      </object_component>
      <object_component id="oc-1bf">
         <name>.text:I2C_setConfig</name>
         <load_address>0xa9d1</load_address>
         <run_address>0xa9d1</run_address>
         <size>0x1b</size>
         <input_file_ref idref="fl-3"/>
      </object_component>
      <object_component id="oc-169">
         <name>.text:SysCtl_getLowSpeedClock</name>
         <load_address>0xa9ec</load_address>
         <run_address>0xa9ec</run_address>
         <size>0x1a</size>
         <input_file_ref idref="fl-d"/>
      </object_component>
      <object_component id="oc-2a1">
         <name>.text:SysCtl_selectXTALSingleEnded</name>
         <load_address>0xaa06</load_address>
         <run_address>0xaa06</run_address>
         <size>0x1a</size>
         <input_file_ref idref="fl-d"/>
      </object_component>
      <object_component id="oc-288">
         <name>.text:I2C_disableFIFO</name>
         <load_address>0xaa20</load_address>
         <run_address>0xaa20</run_address>
         <size>0x19</size>
         <input_file_ref idref="fl-3"/>
      </object_component>
      <object_component id="oc-209">
         <name>.text:I2C_enableFIFO</name>
         <load_address>0xaa39</load_address>
         <run_address>0xaa39</run_address>
         <size>0x19</size>
         <input_file_ref idref="fl-3"/>
      </object_component>
      <object_component id="oc-2cc">
         <name>.text:DCC_disableDoneSignal</name>
         <load_address>0xaa52</load_address>
         <run_address>0xaa52</run_address>
         <size>0x17</size>
         <input_file_ref idref="fl-d"/>
      </object_component>
      <object_component id="oc-25b">
         <name>.text:SysCtl_enablePeripheral</name>
         <load_address>0xaa69</load_address>
         <run_address>0xaa69</run_address>
         <size>0x17</size>
         <input_file_ref idref="fl-4"/>
      </object_component>
      <object_component id="oc-2ae">
         <name>.text:SysCtl_enablePeripheral</name>
         <load_address>0xaa80</load_address>
         <run_address>0xaa80</run_address>
         <size>0x17</size>
         <input_file_ref idref="fl-d"/>
      </object_component>
      <object_component id="oc-54">
         <name>.text</name>
         <load_address>0xaa97</load_address>
         <run_address>0xaa97</run_address>
         <size>0x17</size>
         <input_file_ref idref="fl-19"/>
      </object_component>
      <object_component id="oc-2ba">
         <name>.text:DCC_clearDoneFlag</name>
         <load_address>0xaaae</load_address>
         <run_address>0xaaae</run_address>
         <size>0x16</size>
         <input_file_ref idref="fl-d"/>
      </object_component>
      <object_component id="oc-2b4">
         <name>.text:DCC_clearErrorFlag</name>
         <load_address>0xaac4</load_address>
         <run_address>0xaac4</run_address>
         <size>0x16</size>
         <input_file_ref idref="fl-d"/>
      </object_component>
      <object_component id="oc-2c6">
         <name>.text:DCC_disableErrorSignal</name>
         <load_address>0xaada</load_address>
         <run_address>0xaada</run_address>
         <size>0x16</size>
         <input_file_ref idref="fl-d"/>
      </object_component>
      <object_component id="oc-308">
         <name>.text:DCC_isBaseValid</name>
         <load_address>0xaaf0</load_address>
         <run_address>0xaaf0</run_address>
         <size>0x15</size>
         <input_file_ref idref="fl-d"/>
      </object_component>
      <object_component id="oc-183">
         <name>.text:GPIO_unlockPortConfig</name>
         <load_address>0xab05</load_address>
         <run_address>0xab05</run_address>
         <size>0x15</size>
         <input_file_ref idref="fl-4"/>
      </object_component>
      <object_component id="oc-1a5">
         <name>.text:I2C_isBaseValid</name>
         <load_address>0xab1a</load_address>
         <run_address>0xab1a</run_address>
         <size>0x15</size>
         <input_file_ref idref="fl-2"/>
      </object_component>
      <object_component id="oc-1af">
         <name>.text:I2C_isBaseValid</name>
         <load_address>0xab2f</load_address>
         <run_address>0xab2f</run_address>
         <size>0x15</size>
         <input_file_ref idref="fl-b"/>
      </object_component>
      <object_component id="oc-274">
         <name>.text:I2C_isBaseValid</name>
         <load_address>0xab44</load_address>
         <run_address>0xab44</run_address>
         <size>0x15</size>
         <input_file_ref idref="fl-3"/>
      </object_component>
      <object_component id="oc-28e">
         <name>.text:I2C_putData</name>
         <load_address>0xab59</load_address>
         <run_address>0xab59</run_address>
         <size>0x15</size>
         <input_file_ref idref="fl-3"/>
      </object_component>
      <object_component id="oc-2c0">
         <name>.text:DCC_disableModule</name>
         <load_address>0xab6e</load_address>
         <run_address>0xab6e</run_address>
         <size>0x14</size>
         <input_file_ref idref="fl-d"/>
      </object_component>
      <object_component id="oc-2ea">
         <name>.text:DCC_enableModule</name>
         <load_address>0xab82</load_address>
         <run_address>0xab82</run_address>
         <size>0x14</size>
         <input_file_ref idref="fl-d"/>
      </object_component>
      <object_component id="oc-1d1">
         <name>.text:I2C_sendStartCondition</name>
         <load_address>0xab96</load_address>
         <run_address>0xab96</run_address>
         <size>0x14</size>
         <input_file_ref idref="fl-3"/>
      </object_component>
      <object_component id="oc-1dd">
         <name>.text:I2C_sendStopCondition</name>
         <load_address>0xabaa</load_address>
         <run_address>0xabaa</run_address>
         <size>0x14</size>
         <input_file_ref idref="fl-3"/>
      </object_component>
      <object_component id="oc-16f">
         <name>.text:SysCtl_deviceCal</name>
         <load_address>0xabbe</load_address>
         <run_address>0xabbe</run_address>
         <size>0x14</size>
         <input_file_ref idref="fl-4"/>
      </object_component>
      <object_component id="oc-1b9">
         <name>.text:checkBusStatus</name>
         <load_address>0xabd2</load_address>
         <run_address>0xabd2</run_address>
         <size>0x14</size>
         <input_file_ref idref="fl-3"/>
      </object_component>
      <object_component id="oc-fa">
         <name>.text:I2C_clearStatus</name>
         <load_address>0xabe6</load_address>
         <run_address>0xabe6</run_address>
         <size>0x13</size>
         <input_file_ref idref="fl-2"/>
      </object_component>
      <object_component id="oc-1ef">
         <name>.text:I2C_clearStatus</name>
         <load_address>0xabf9</load_address>
         <run_address>0xabf9</run_address>
         <size>0x13</size>
         <input_file_ref idref="fl-3"/>
      </object_component>
      <object_component id="oc-215">
         <name>.text:I2C_setDataCount</name>
         <load_address>0xac0c</load_address>
         <run_address>0xac0c</run_address>
         <size>0x13</size>
         <input_file_ref idref="fl-3"/>
      </object_component>
      <object_component id="oc-12a">
         <name>.text:I2C_getStatus</name>
         <load_address>0xac1f</load_address>
         <run_address>0xac1f</run_address>
         <size>0x11</size>
         <input_file_ref idref="fl-2"/>
      </object_component>
      <object_component id="oc-1d7">
         <name>.text:I2C_getStatus</name>
         <load_address>0xac30</load_address>
         <run_address>0xac30</run_address>
         <size>0x11</size>
         <input_file_ref idref="fl-3"/>
      </object_component>
      <object_component id="oc-d9">
         <name>.text:Device_initGPIO</name>
         <load_address>0xac41</load_address>
         <run_address>0xac41</run_address>
         <size>0x10</size>
         <input_file_ref idref="fl-4"/>
      </object_component>
      <object_component id="oc-10c">
         <name>.text:Interrupt_register</name>
         <load_address>0xac51</load_address>
         <run_address>0xac51</run_address>
         <size>0xf</size>
         <input_file_ref idref="fl-2"/>
      </object_component>
      <object_component id="oc-192">
         <name>.text:Interrupt_defaultHandler</name>
         <load_address>0xac60</load_address>
         <run_address>0xac60</run_address>
         <size>0xe</size>
         <input_file_ref idref="fl-c"/>
      </object_component>
      <object_component id="oc-18a">
         <name>.text:Interrupt_disableMaster</name>
         <load_address>0xac6e</load_address>
         <run_address>0xac6e</run_address>
         <size>0xd</size>
         <input_file_ref idref="fl-c"/>
      </object_component>
      <object_component id="oc-1f9">
         <name>.text:Interrupt_enableMaster</name>
         <load_address>0xac7b</load_address>
         <run_address>0xac7b</run_address>
         <size>0xd</size>
         <input_file_ref idref="fl-c"/>
      </object_component>
      <object_component id="oc-156">
         <name>.text:SysCtl_setLowSpeedClock</name>
         <load_address>0xac88</load_address>
         <run_address>0xac88</run_address>
         <size>0xd</size>
         <input_file_ref idref="fl-4"/>
      </object_component>
      <object_component id="oc-31">
         <name>.text:decompress:ZI:__TI_zero_init_nomemset</name>
         <load_address>0xac95</load_address>
         <run_address>0xac95</run_address>
         <size>0xd</size>
         <input_file_ref idref="fl-1d"/>
      </object_component>
      <object_component id="oc-248">
         <name>.text:SysCtl_setPLLSysClk</name>
         <load_address>0xaca2</load_address>
         <run_address>0xaca2</run_address>
         <size>0xc</size>
         <input_file_ref idref="fl-d"/>
      </object_component>
      <object_component id="oc-69">
         <name>.text</name>
         <load_address>0xacae</load_address>
         <run_address>0xacae</run_address>
         <size>0xc</size>
         <input_file_ref idref="fl-22"/>
      </object_component>
      <object_component id="oc-23b">
         <name>.text:SysCtl_isMCDClockFailureDetected</name>
         <load_address>0xacba</load_address>
         <run_address>0xacba</run_address>
         <size>0xb</size>
         <input_file_ref idref="fl-d"/>
      </object_component>
      <object_component id="oc-137">
         <name>.text</name>
         <load_address>0xacc5</load_address>
         <run_address>0xacc5</run_address>
         <size>0x9</size>
         <input_file_ref idref="fl-21"/>
      </object_component>
      <object_component id="oc-14a">
         <name>.text:SysCtl_disableWatchdog</name>
         <load_address>0xacce</load_address>
         <run_address>0xacce</run_address>
         <size>0x8</size>
         <input_file_ref idref="fl-4"/>
      </object_component>
      <object_component id="oc-1a">
         <name>.text:decompress:none</name>
         <load_address>0xacd6</load_address>
         <run_address>0xacd6</run_address>
         <size>0x8</size>
         <input_file_ref idref="fl-1e"/>
      </object_component>
      <object_component id="oc-3d">
         <name>.text</name>
         <load_address>0xacde</load_address>
         <run_address>0xacde</run_address>
         <size>0x8</size>
         <input_file_ref idref="fl-5"/>
      </object_component>
      <object_component id="oc-17b">
         <name>.text:ASysCtl_lockVREG</name>
         <load_address>0xace6</load_address>
         <run_address>0xace6</run_address>
         <size>0x7</size>
         <input_file_ref idref="fl-4"/>
      </object_component>
      <object_component id="oc-2fe">
         <name>.text:SysCtl_resetMCD</name>
         <load_address>0xaced</load_address>
         <run_address>0xaced</run_address>
         <size>0x7</size>
         <input_file_ref idref="fl-d"/>
      </object_component>
      <object_component id="oc-163">
         <name>.text:__error__</name>
         <load_address>0xacf4</load_address>
         <run_address>0xacf4</run_address>
         <size>0x7</size>
         <input_file_ref idref="fl-4"/>
      </object_component>
      <object_component id="oc-19e">
         <name>.text:Interrupt_illegalOperationHandler</name>
         <load_address>0xacfb</load_address>
         <run_address>0xacfb</run_address>
         <size>0x2</size>
         <input_file_ref idref="fl-c"/>
      </object_component>
      <object_component id="oc-198">
         <name>.text:Interrupt_nmiHandler</name>
         <load_address>0xacfd</load_address>
         <run_address>0xacfd</run_address>
         <size>0x2</size>
         <input_file_ref idref="fl-c"/>
      </object_component>
      <object_component id="oc-62">
         <name>.text</name>
         <load_address>0xacff</load_address>
         <run_address>0xacff</run_address>
         <size>0x2</size>
         <input_file_ref idref="fl-1b"/>
      </object_component>
      <object_component id="oc-be">
         <name>.text</name>
         <load_address>0xad01</load_address>
         <run_address>0xad01</run_address>
         <size>0x1</size>
         <input_file_ref idref="fl-26"/>
      </object_component>
      <object_component id="oc-241">
         <name>.TI.ramfunc</name>
         <load_address>0x128</load_address>
         <run_address>0x128</run_address>
         <size>0x4</size>
         <input_file_ref idref="fl-d"/>
      </object_component>
      <object_component id="oc-345">
         <name>.cinit..data.load</name>
         <load_address>0x12c</load_address>
         <run_address>0x12c</run_address>
         <size>0x8</size>
      </object_component>
      <object_component id="oc-342">
         <name>__TI_handler_table</name>
         <load_address>0x134</load_address>
         <run_address>0x134</run_address>
         <size>0x6</size>
      </object_component>
      <object_component id="oc-344">
         <name>.cinit..bss.load</name>
         <load_address>0x13a</load_address>
         <run_address>0x13a</run_address>
         <size>0x4</size>
      </object_component>
      <object_component id="oc-343">
         <name>__TI_cinit_table</name>
         <load_address>0x140</load_address>
         <run_address>0x140</run_address>
         <size>0x8</size>
      </object_component>
      <object_component id="oc-21">
         <name>codestart</name>
         <load_address>0x0</load_address>
         <run_address>0x0</run_address>
         <size>0x2</size>
         <input_file_ref idref="fl-5"/>
      </object_component>
      <object_component id="oc-26">
         <name>.stack</name>
         <uninitialized>true</uninitialized>
         <run_address>0x400</run_address>
         <size>0x0</size>
         <input_file_ref idref="fl-19"/>
      </object_component>
      <object_component id="oc-346">
         <name>.stack</name>
         <uninitialized>true</uninitialized>
         <run_address>0x400</run_address>
         <size>0x0</size>
      </object_component>
      <object_component id="oc-11e">
         <name>.bss</name>
         <uninitialized>true</uninitialized>
         <run_address>0xadc2</run_address>
         <size>0x16</size>
         <input_file_ref idref="fl-2"/>
      </object_component>
      <object_component id="oc-f1">
         <name>.bss:AvailableI2C_slaves</name>
         <uninitialized>true</uninitialized>
         <run_address>0xadd8</run_address>
         <size>0x14</size>
         <input_file_ref idref="fl-2"/>
      </object_component>
      <object_component id="oc-118">
         <name>.bss:I2CB_TXdata</name>
         <uninitialized>true</uninitialized>
         <run_address>0xad42</run_address>
         <size>0x40</size>
         <input_file_ref idref="fl-2"/>
      </object_component>
      <object_component id="oc-11b">
         <name>.bss:I2CB_RXdata</name>
         <uninitialized>true</uninitialized>
         <run_address>0xad02</run_address>
         <size>0x40</size>
         <input_file_ref idref="fl-2"/>
      </object_component>
      <object_component id="oc-121">
         <name>.bss:buffer</name>
         <uninitialized>true</uninitialized>
         <run_address>0xad82</run_address>
         <size>0x40</size>
         <input_file_ref idref="fl-2"/>
      </object_component>
      <object_component id="oc-23a">
         <name>.const:.string</name>
         <load_address>0xc000</load_address>
         <run_address>0xc000</run_address>
         <size>0x9a</size>
         <input_file_ref idref="fl-d"/>
      </object_component>
      <object_component id="oc-208">
         <name>.const:.string</name>
         <load_address>0xc09a</load_address>
         <run_address>0xc09a</run_address>
         <size>0x66</size>
         <input_file_ref idref="fl-3"/>
      </object_component>
      <object_component id="oc-1b5">
         <name>.const:.string</name>
         <load_address>0xc100</load_address>
         <run_address>0xc100</run_address>
         <size>0x4b</size>
         <input_file_ref idref="fl-b"/>
      </object_component>
      <object_component id="oc-1ab">
         <name>.const:.string</name>
         <load_address>0xc14c</load_address>
         <run_address>0xc14c</run_address>
         <size>0x3d</size>
         <input_file_ref idref="fl-2"/>
      </object_component>
      <object_component id="oc-162">
         <name>.const:.string</name>
         <load_address>0xc18a</load_address>
         <run_address>0xc18a</run_address>
         <size>0x13</size>
         <input_file_ref idref="fl-4"/>
      </object_component>
      <object_component id="oc-b3">
         <name>.data</name>
         <load_address>0xadec</load_address>
         <run_address>0xadec</run_address>
         <size>0x6</size>
         <input_file_ref idref="fl-20"/>
      </object_component>
      <object_component id="oc-b6">
         <name>.data:_lock</name>
         <load_address>0xadf2</load_address>
         <run_address>0xadf2</run_address>
         <size>0x2</size>
         <input_file_ref idref="fl-21"/>
      </object_component>
      <object_component id="oc-22c">
         <name>.data:_unlock</name>
         <load_address>0xadf4</load_address>
         <run_address>0xadf4</run_address>
         <size>0x2</size>
         <input_file_ref idref="fl-21"/>
      </object_component>
      <object_component id="oc-131">
         <name>.debug_types</name>
         <load_address>0x0</load_address>
         <run_address>0x0</run_address>
         <size>0x66b</size>
         <input_file_ref idref="fl-2"/>
      </object_component>
      <object_component id="oc-1f6">
         <name>.debug_types</name>
         <load_address>0x66b</load_address>
         <run_address>0x66b</run_address>
         <size>0x5e2</size>
         <input_file_ref idref="fl-3"/>
      </object_component>
      <object_component id="oc-182">
         <name>.debug_types</name>
         <load_address>0xc4d</load_address>
         <run_address>0xc4d</run_address>
         <size>0x7f4</size>
         <input_file_ref idref="fl-4"/>
      </object_component>
      <object_component id="oc-1b7">
         <name>.debug_types</name>
         <load_address>0x1441</load_address>
         <run_address>0x1441</run_address>
         <size>0x96</size>
         <input_file_ref idref="fl-b"/>
      </object_component>
      <object_component id="oc-191">
         <name>.debug_types</name>
         <load_address>0x14d7</load_address>
         <run_address>0x14d7</run_address>
         <size>0x70</size>
         <input_file_ref idref="fl-c"/>
      </object_component>
      <object_component id="oc-255">
         <name>.debug_types</name>
         <load_address>0x1547</load_address>
         <run_address>0x1547</run_address>
         <size>0x97d</size>
         <input_file_ref idref="fl-d"/>
      </object_component>
      <object_component id="oc-7a">
         <name>.debug_types</name>
         <load_address>0x0</load_address>
         <run_address>0x0</run_address>
         <size>0x0</size>
         <input_file_ref idref="fl-1b"/>
      </object_component>
      <object_component id="oc-c5">
         <name>.debug_types</name>
         <load_address>0x1ec4</load_address>
         <run_address>0x1ec4</run_address>
         <size>0x4ca</size>
         <input_file_ref idref="fl-1c"/>
      </object_component>
      <object_component id="oc-4c">
         <name>.debug_types</name>
         <load_address>0x238e</load_address>
         <run_address>0x238e</run_address>
         <size>0x1f3</size>
         <input_file_ref idref="fl-1d"/>
      </object_component>
      <object_component id="oc-30">
         <name>.debug_types</name>
         <load_address>0x0</load_address>
         <run_address>0x0</run_address>
         <size>0x0</size>
         <input_file_ref idref="fl-1e"/>
      </object_component>
      <object_component id="oc-28">
         <name>.debug_types</name>
         <load_address>0x2581</load_address>
         <run_address>0x2581</run_address>
         <size>0x191</size>
         <input_file_ref idref="fl-1f"/>
      </object_component>
      <object_component id="oc-ba">
         <name>.debug_types</name>
         <load_address>0x2712</load_address>
         <run_address>0x2712</run_address>
         <size>0xbf</size>
         <input_file_ref idref="fl-20"/>
      </object_component>
      <object_component id="oc-13f">
         <name>.debug_types</name>
         <load_address>0x27d1</load_address>
         <run_address>0x27d1</run_address>
         <size>0x2f</size>
         <input_file_ref idref="fl-21"/>
      </object_component>
      <object_component id="oc-b2">
         <name>.debug_types</name>
         <load_address>0x2800</load_address>
         <run_address>0x2800</run_address>
         <size>0xe1</size>
         <input_file_ref idref="fl-22"/>
      </object_component>
      <object_component id="oc-47">
         <name>.debug_types</name>
         <load_address>0x28e1</load_address>
         <run_address>0x28e1</run_address>
         <size>0xb8</size>
         <input_file_ref idref="fl-25"/>
      </object_component>
      <object_component id="oc-144">
         <name>.debug_types</name>
         <load_address>0x0</load_address>
         <run_address>0x0</run_address>
         <size>0x0</size>
         <input_file_ref idref="fl-26"/>
      </object_component>
      <object_component id="oc-11f">
         <name>.debug_info</name>
         <load_address>0x0</load_address>
         <run_address>0x0</run_address>
         <size>0x129</size>
         <input_file_ref idref="fl-2"/>
      </object_component>
      <object_component id="oc-f2">
         <name>.debug_info</name>
         <load_address>0x129</load_address>
         <run_address>0x129</run_address>
         <size>0xf3</size>
         <input_file_ref idref="fl-2"/>
      </object_component>
      <object_component id="oc-119">
         <name>.debug_info</name>
         <load_address>0x21c</load_address>
         <run_address>0x21c</run_address>
         <size>0xe3</size>
         <input_file_ref idref="fl-2"/>
      </object_component>
      <object_component id="oc-11c">
         <name>.debug_info</name>
         <load_address>0x2ff</load_address>
         <run_address>0x2ff</run_address>
         <size>0xe3</size>
         <input_file_ref idref="fl-2"/>
      </object_component>
      <object_component id="oc-122">
         <name>.debug_info</name>
         <load_address>0x3e2</load_address>
         <run_address>0x3e2</run_address>
         <size>0xd9</size>
         <input_file_ref idref="fl-2"/>
      </object_component>
      <object_component id="oc-10d">
         <name>.debug_info</name>
         <load_address>0x4bb</load_address>
         <run_address>0x4bb</run_address>
         <size>0x1b7</size>
         <input_file_ref idref="fl-2"/>
      </object_component>
      <object_component id="oc-1a7">
         <name>.debug_info</name>
         <load_address>0x672</load_address>
         <run_address>0x672</run_address>
         <size>0x162</size>
         <input_file_ref idref="fl-2"/>
      </object_component>
      <object_component id="oc-ec">
         <name>.debug_info</name>
         <load_address>0x7d4</load_address>
         <run_address>0x7d4</run_address>
         <size>0x1c6</size>
         <input_file_ref idref="fl-2"/>
      </object_component>
      <object_component id="oc-12b">
         <name>.debug_info</name>
         <load_address>0x99a</load_address>
         <run_address>0x99a</run_address>
         <size>0x182</size>
         <input_file_ref idref="fl-2"/>
      </object_component>
      <object_component id="oc-fb">
         <name>.debug_info</name>
         <load_address>0xb1c</load_address>
         <run_address>0xb1c</run_address>
         <size>0x1a7</size>
         <input_file_ref idref="fl-2"/>
      </object_component>
      <object_component id="oc-ac">
         <name>.debug_info</name>
         <load_address>0xcc3</load_address>
         <run_address>0xcc3</run_address>
         <size>0x2ce</size>
         <input_file_ref idref="fl-2"/>
      </object_component>
      <object_component id="oc-275">
         <name>.debug_info</name>
         <load_address>0xf91</load_address>
         <run_address>0xf91</run_address>
         <size>0x17b</size>
         <input_file_ref idref="fl-3"/>
      </object_component>
      <object_component id="oc-20a">
         <name>.debug_info</name>
         <load_address>0x110c</load_address>
         <run_address>0x110c</run_address>
         <size>0x195</size>
         <input_file_ref idref="fl-3"/>
      </object_component>
      <object_component id="oc-289">
         <name>.debug_info</name>
         <load_address>0x12a1</load_address>
         <run_address>0x12a1</run_address>
         <size>0x197</size>
         <input_file_ref idref="fl-3"/>
      </object_component>
      <object_component id="oc-21c">
         <name>.debug_info</name>
         <load_address>0x1438</load_address>
         <run_address>0x1438</run_address>
         <size>0x1f9</size>
         <input_file_ref idref="fl-3"/>
      </object_component>
      <object_component id="oc-1cc">
         <name>.debug_info</name>
         <load_address>0x1631</load_address>
         <run_address>0x1631</run_address>
         <size>0x1d9</size>
         <input_file_ref idref="fl-3"/>
      </object_component>
      <object_component id="oc-1ea">
         <name>.debug_info</name>
         <load_address>0x180a</load_address>
         <run_address>0x180a</run_address>
         <size>0x19b</size>
         <input_file_ref idref="fl-3"/>
      </object_component>
      <object_component id="oc-1d8">
         <name>.debug_info</name>
         <load_address>0x19a5</load_address>
         <run_address>0x19a5</run_address>
         <size>0x19b</size>
         <input_file_ref idref="fl-3"/>
      </object_component>
      <object_component id="oc-1f0">
         <name>.debug_info</name>
         <load_address>0x1b40</load_address>
         <run_address>0x1b40</run_address>
         <size>0x1c0</size>
         <input_file_ref idref="fl-3"/>
      </object_component>
      <object_component id="oc-1c0">
         <name>.debug_info</name>
         <load_address>0x1d00</load_address>
         <run_address>0x1d00</run_address>
         <size>0x1b8</size>
         <input_file_ref idref="fl-3"/>
      </object_component>
      <object_component id="oc-1d2">
         <name>.debug_info</name>
         <load_address>0x1eb8</load_address>
         <run_address>0x1eb8</run_address>
         <size>0x1a5</size>
         <input_file_ref idref="fl-3"/>
      </object_component>
      <object_component id="oc-1df">
         <name>.debug_info</name>
         <load_address>0x205d</load_address>
         <run_address>0x205d</run_address>
         <size>0x1a3</size>
         <input_file_ref idref="fl-3"/>
      </object_component>
      <object_component id="oc-290">
         <name>.debug_info</name>
         <load_address>0x2200</load_address>
         <run_address>0x2200</run_address>
         <size>0x1b0</size>
         <input_file_ref idref="fl-3"/>
      </object_component>
      <object_component id="oc-1e4">
         <name>.debug_info</name>
         <load_address>0x23b0</load_address>
         <run_address>0x23b0</run_address>
         <size>0x1b5</size>
         <input_file_ref idref="fl-3"/>
      </object_component>
      <object_component id="oc-216">
         <name>.debug_info</name>
         <load_address>0x2565</load_address>
         <run_address>0x2565</run_address>
         <size>0x1bc</size>
         <input_file_ref idref="fl-3"/>
      </object_component>
      <object_component id="oc-1c6">
         <name>.debug_info</name>
         <load_address>0x2721</load_address>
         <run_address>0x2721</run_address>
         <size>0x1be</size>
         <input_file_ref idref="fl-3"/>
      </object_component>
      <object_component id="oc-101">
         <name>.debug_info</name>
         <load_address>0x28df</load_address>
         <run_address>0x28df</run_address>
         <size>0x346</size>
         <input_file_ref idref="fl-3"/>
      </object_component>
      <object_component id="oc-210">
         <name>.debug_info</name>
         <load_address>0x2c25</load_address>
         <run_address>0x2c25</run_address>
         <size>0x2a3</size>
         <input_file_ref idref="fl-3"/>
      </object_component>
      <object_component id="oc-125">
         <name>.debug_info</name>
         <load_address>0x2ec8</load_address>
         <run_address>0x2ec8</run_address>
         <size>0x28e</size>
         <input_file_ref idref="fl-3"/>
      </object_component>
      <object_component id="oc-1ba">
         <name>.debug_info</name>
         <load_address>0x3156</load_address>
         <run_address>0x3156</run_address>
         <size>0x195</size>
         <input_file_ref idref="fl-3"/>
      </object_component>
      <object_component id="oc-17f">
         <name>.debug_info</name>
         <load_address>0x32eb</load_address>
         <run_address>0x32eb</run_address>
         <size>0x143</size>
         <input_file_ref idref="fl-4"/>
      </object_component>
      <object_component id="oc-170">
         <name>.debug_info</name>
         <load_address>0x342e</load_address>
         <run_address>0x342e</run_address>
         <size>0x147</size>
         <input_file_ref idref="fl-4"/>
      </object_component>
      <object_component id="oc-25c">
         <name>.debug_info</name>
         <load_address>0x3575</load_address>
         <run_address>0x3575</run_address>
         <size>0x1a7</size>
         <input_file_ref idref="fl-4"/>
      </object_component>
      <object_component id="oc-159">
         <name>.debug_info</name>
         <load_address>0x371c</load_address>
         <run_address>0x371c</run_address>
         <size>0x17b</size>
         <input_file_ref idref="fl-4"/>
      </object_component>
      <object_component id="oc-14d">
         <name>.debug_info</name>
         <load_address>0x3897</load_address>
         <run_address>0x3897</run_address>
         <size>0x14e</size>
         <input_file_ref idref="fl-4"/>
      </object_component>
      <object_component id="oc-185">
         <name>.debug_info</name>
         <load_address>0x39e5</load_address>
         <run_address>0x39e5</run_address>
         <size>0x1aa</size>
         <input_file_ref idref="fl-4"/>
      </object_component>
      <object_component id="oc-d5">
         <name>.debug_info</name>
         <load_address>0x3b8f</load_address>
         <run_address>0x3b8f</run_address>
         <size>0x1f4</size>
         <input_file_ref idref="fl-4"/>
      </object_component>
      <object_component id="oc-176">
         <name>.debug_info</name>
         <load_address>0x3d83</load_address>
         <run_address>0x3d83</run_address>
         <size>0x5eb</size>
         <input_file_ref idref="fl-4"/>
      </object_component>
      <object_component id="oc-da">
         <name>.debug_info</name>
         <load_address>0x436e</load_address>
         <run_address>0x436e</run_address>
         <size>0x162</size>
         <input_file_ref idref="fl-4"/>
      </object_component>
      <object_component id="oc-164">
         <name>.debug_info</name>
         <load_address>0x44d0</load_address>
         <run_address>0x44d0</run_address>
         <size>0x14f</size>
         <input_file_ref idref="fl-4"/>
      </object_component>
      <object_component id="oc-22">
         <name>.debug_info</name>
         <load_address>0x461f</load_address>
         <run_address>0x461f</run_address>
         <size>0x104</size>
         <input_file_ref idref="fl-5"/>
      </object_component>
      <object_component id="oc-40">
         <name>.debug_info</name>
         <load_address>0x4723</load_address>
         <run_address>0x4723</run_address>
         <size>0x105</size>
         <input_file_ref idref="fl-5"/>
      </object_component>
      <object_component id="oc-1b2">
         <name>.debug_info</name>
         <load_address>0x4828</load_address>
         <run_address>0x4828</run_address>
         <size>0x1cc</size>
         <input_file_ref idref="fl-b"/>
      </object_component>
      <object_component id="oc-107">
         <name>.debug_info</name>
         <load_address>0x49f4</load_address>
         <run_address>0x49f4</run_address>
         <size>0x203</size>
         <input_file_ref idref="fl-b"/>
      </object_component>
      <object_component id="oc-f8">
         <name>.debug_info</name>
         <load_address>0x4bf7</load_address>
         <run_address>0x4bf7</run_address>
         <size>0x205</size>
         <input_file_ref idref="fl-b"/>
      </object_component>
      <object_component id="oc-223">
         <name>.debug_info</name>
         <load_address>0x4dfc</load_address>
         <run_address>0x4dfc</run_address>
         <size>0x20d</size>
         <input_file_ref idref="fl-b"/>
      </object_component>
      <object_component id="oc-1fa">
         <name>.debug_info</name>
         <load_address>0x5009</load_address>
         <run_address>0x5009</run_address>
         <size>0x1c3</size>
         <input_file_ref idref="fl-c"/>
      </object_component>
      <object_component id="oc-18b">
         <name>.debug_info</name>
         <load_address>0x51cc</load_address>
         <run_address>0x51cc</run_address>
         <size>0x1c7</size>
         <input_file_ref idref="fl-c"/>
      </object_component>
      <object_component id="oc-193">
         <name>.debug_info</name>
         <load_address>0x5393</load_address>
         <run_address>0x5393</run_address>
         <size>0x1e1</size>
         <input_file_ref idref="fl-c"/>
      </object_component>
      <object_component id="oc-19f">
         <name>.debug_info</name>
         <load_address>0x5574</load_address>
         <run_address>0x5574</run_address>
         <size>0x1c7</size>
         <input_file_ref idref="fl-c"/>
      </object_component>
      <object_component id="oc-199">
         <name>.debug_info</name>
         <load_address>0x573b</load_address>
         <run_address>0x573b</run_address>
         <size>0x1ad</size>
         <input_file_ref idref="fl-c"/>
      </object_component>
      <object_component id="oc-e0">
         <name>.debug_info</name>
         <load_address>0x58e8</load_address>
         <run_address>0x58e8</run_address>
         <size>0x1d4</size>
         <input_file_ref idref="fl-c"/>
      </object_component>
      <object_component id="oc-e9">
         <name>.debug_info</name>
         <load_address>0x5abc</load_address>
         <run_address>0x5abc</run_address>
         <size>0x1cf</size>
         <input_file_ref idref="fl-c"/>
      </object_component>
      <object_component id="oc-113">
         <name>.debug_info</name>
         <load_address>0x5c8b</load_address>
         <run_address>0x5c8b</run_address>
         <size>0x277</size>
         <input_file_ref idref="fl-c"/>
      </object_component>
      <object_component id="oc-2b1">
         <name>.debug_info</name>
         <load_address>0x5f02</load_address>
         <run_address>0x5f02</run_address>
         <size>0x210</size>
         <input_file_ref idref="fl-d"/>
      </object_component>
      <object_component id="oc-23e">
         <name>.debug_info</name>
         <load_address>0x6112</load_address>
         <run_address>0x6112</run_address>
         <size>0x1d3</size>
         <input_file_ref idref="fl-d"/>
      </object_component>
      <object_component id="oc-301">
         <name>.debug_info</name>
         <load_address>0x62e5</load_address>
         <run_address>0x62e5</run_address>
         <size>0x1a9</size>
         <input_file_ref idref="fl-d"/>
      </object_component>
      <object_component id="oc-24b">
         <name>.debug_info</name>
         <load_address>0x648e</load_address>
         <run_address>0x648e</run_address>
         <size>0x1d8</size>
         <input_file_ref idref="fl-d"/>
      </object_component>
      <object_component id="oc-30b">
         <name>.debug_info</name>
         <load_address>0x6666</load_address>
         <run_address>0x6666</run_address>
         <size>0x1cd</size>
         <input_file_ref idref="fl-d"/>
      </object_component>
      <object_component id="oc-2ed">
         <name>.debug_info</name>
         <load_address>0x6833</load_address>
         <run_address>0x6833</run_address>
         <size>0x1eb</size>
         <input_file_ref idref="fl-d"/>
      </object_component>
      <object_component id="oc-2c3">
         <name>.debug_info</name>
         <load_address>0x6a1e</load_address>
         <run_address>0x6a1e</run_address>
         <size>0x1ed</size>
         <input_file_ref idref="fl-d"/>
      </object_component>
      <object_component id="oc-2c9">
         <name>.debug_info</name>
         <load_address>0x6c0b</load_address>
         <run_address>0x6c0b</run_address>
         <size>0x1f9</size>
         <input_file_ref idref="fl-d"/>
      </object_component>
      <object_component id="oc-2cf">
         <name>.debug_info</name>
         <load_address>0x6e04</load_address>
         <run_address>0x6e04</run_address>
         <size>0x1f7</size>
         <input_file_ref idref="fl-d"/>
      </object_component>
      <object_component id="oc-2e7">
         <name>.debug_info</name>
         <load_address>0x6ffb</load_address>
         <run_address>0x6ffb</run_address>
         <size>0x21e</size>
         <input_file_ref idref="fl-d"/>
      </object_component>
      <object_component id="oc-2b7">
         <name>.debug_info</name>
         <load_address>0x7219</load_address>
         <run_address>0x7219</run_address>
         <size>0x1f1</size>
         <input_file_ref idref="fl-d"/>
      </object_component>
      <object_component id="oc-2bd">
         <name>.debug_info</name>
         <load_address>0x740a</load_address>
         <run_address>0x740a</run_address>
         <size>0x1ef</size>
         <input_file_ref idref="fl-d"/>
      </object_component>
      <object_component id="oc-2db">
         <name>.debug_info</name>
         <load_address>0x75f9</load_address>
         <run_address>0x75f9</run_address>
         <size>0x222</size>
         <input_file_ref idref="fl-d"/>
      </object_component>
      <object_component id="oc-2d5">
         <name>.debug_info</name>
         <load_address>0x781b</load_address>
         <run_address>0x781b</run_address>
         <size>0x222</size>
         <input_file_ref idref="fl-d"/>
      </object_component>
      <object_component id="oc-2e1">
         <name>.debug_info</name>
         <load_address>0x7a3d</load_address>
         <run_address>0x7a3d</run_address>
         <size>0x291</size>
         <input_file_ref idref="fl-d"/>
      </object_component>
      <object_component id="oc-2fb">
         <name>.debug_info</name>
         <load_address>0x7cce</load_address>
         <run_address>0x7cce</run_address>
         <size>0x1d9</size>
         <input_file_ref idref="fl-d"/>
      </object_component>
      <object_component id="oc-15f">
         <name>.debug_info</name>
         <load_address>0x7ea7</load_address>
         <run_address>0x7ea7</run_address>
         <size>0x23c</size>
         <input_file_ref idref="fl-d"/>
      </object_component>
      <object_component id="oc-153">
         <name>.debug_info</name>
         <load_address>0x80e3</load_address>
         <run_address>0x80e3</run_address>
         <size>0x3a0</size>
         <input_file_ref idref="fl-d"/>
      </object_component>
      <object_component id="oc-29e">
         <name>.debug_info</name>
         <load_address>0x8483</load_address>
         <run_address>0x8483</run_address>
         <size>0x21c</size>
         <input_file_ref idref="fl-d"/>
      </object_component>
      <object_component id="oc-2a4">
         <name>.debug_info</name>
         <load_address>0x869f</load_address>
         <run_address>0x869f</run_address>
         <size>0x203</size>
         <input_file_ref idref="fl-d"/>
      </object_component>
      <object_component id="oc-245">
         <name>.debug_info</name>
         <load_address>0x88a2</load_address>
         <run_address>0x88a2</run_address>
         <size>0x22a</size>
         <input_file_ref idref="fl-d"/>
      </object_component>
      <object_component id="oc-16c">
         <name>.debug_info</name>
         <load_address>0x8acc</load_address>
         <run_address>0x8acc</run_address>
         <size>0x216</size>
         <input_file_ref idref="fl-d"/>
      </object_component>
      <object_component id="oc-251">
         <name>.debug_info</name>
         <load_address>0x8ce2</load_address>
         <run_address>0x8ce2</run_address>
         <size>0x48d</size>
         <input_file_ref idref="fl-d"/>
      </object_component>
      <object_component id="oc-55">
         <name>.debug_info</name>
         <load_address>0x916f</load_address>
         <run_address>0x916f</run_address>
         <size>0x158</size>
         <input_file_ref idref="fl-19"/>
      </object_component>
      <object_component id="oc-2ab">
         <name>.debug_info</name>
         <load_address>0x92c7</load_address>
         <run_address>0x92c7</run_address>
         <size>0x127</size>
         <input_file_ref idref="fl-1a"/>
      </object_component>
      <object_component id="oc-64">
         <name>.debug_info</name>
         <load_address>0x93ee</load_address>
         <run_address>0x93ee</run_address>
         <size>0x14d</size>
         <input_file_ref idref="fl-1b"/>
      </object_component>
      <object_component id="oc-7d">
         <name>.debug_info</name>
         <load_address>0x953b</load_address>
         <run_address>0x953b</run_address>
         <size>0x1bf</size>
         <input_file_ref idref="fl-1c"/>
      </object_component>
      <object_component id="oc-33">
         <name>.debug_info</name>
         <load_address>0x96fa</load_address>
         <run_address>0x96fa</run_address>
         <size>0x1b6</size>
         <input_file_ref idref="fl-1d"/>
      </object_component>
      <object_component id="oc-1b">
         <name>.debug_info</name>
         <load_address>0x98b0</load_address>
         <run_address>0x98b0</run_address>
         <size>0x1b7</size>
         <input_file_ref idref="fl-1e"/>
      </object_component>
      <object_component id="oc-18">
         <name>.debug_info</name>
         <load_address>0x9a67</load_address>
         <run_address>0x9a67</run_address>
         <size>0x20c</size>
         <input_file_ref idref="fl-1f"/>
      </object_component>
      <object_component id="oc-b4">
         <name>.debug_info</name>
         <load_address>0x9c73</load_address>
         <run_address>0x9c73</run_address>
         <size>0x19e</size>
         <input_file_ref idref="fl-20"/>
      </object_component>
      <object_component id="oc-73">
         <name>.debug_info</name>
         <load_address>0x9e11</load_address>
         <run_address>0x9e11</run_address>
         <size>0x1a9</size>
         <input_file_ref idref="fl-20"/>
      </object_component>
      <object_component id="oc-b7">
         <name>.debug_info</name>
         <load_address>0x9fba</load_address>
         <run_address>0x9fba</run_address>
         <size>0x107</size>
         <input_file_ref idref="fl-21"/>
      </object_component>
      <object_component id="oc-22d">
         <name>.debug_info</name>
         <load_address>0xa0c1</load_address>
         <run_address>0xa0c1</run_address>
         <size>0x10b</size>
         <input_file_ref idref="fl-21"/>
      </object_component>
      <object_component id="oc-13b">
         <name>.debug_info</name>
         <load_address>0xa1cc</load_address>
         <run_address>0xa1cc</run_address>
         <size>0x203</size>
         <input_file_ref idref="fl-21"/>
      </object_component>
      <object_component id="oc-6c">
         <name>.debug_info</name>
         <load_address>0xa3cf</load_address>
         <run_address>0xa3cf</run_address>
         <size>0x15d</size>
         <input_file_ref idref="fl-22"/>
      </object_component>
      <object_component id="oc-2a">
         <name>.debug_info</name>
         <load_address>0xa52c</load_address>
         <run_address>0xa52c</run_address>
         <size>0x19b</size>
         <input_file_ref idref="fl-25"/>
      </object_component>
      <object_component id="oc-bf">
         <name>.debug_info</name>
         <load_address>0xa6c7</load_address>
         <run_address>0xa6c7</run_address>
         <size>0x147</size>
         <input_file_ref idref="fl-26"/>
      </object_component>
      <object_component id="oc-347">
         <name>.debug_info</name>
         <load_address>0xa80e</load_address>
         <run_address>0xa80e</run_address>
         <size>0xa4</size>
      </object_component>
      <object_component id="oc-205">
         <name>.debug_line</name>
         <load_address>0x0</load_address>
         <run_address>0x0</run_address>
         <size>0x33</size>
         <input_file_ref idref="fl-2"/>
      </object_component>
      <object_component id="oc-1ae">
         <name>.debug_line</name>
         <load_address>0x33</load_address>
         <run_address>0x33</run_address>
         <size>0x33</size>
         <input_file_ref idref="fl-2"/>
      </object_component>
      <object_component id="oc-201">
         <name>.debug_line</name>
         <load_address>0x66</load_address>
         <run_address>0x66</run_address>
         <size>0x33</size>
         <input_file_ref idref="fl-2"/>
      </object_component>
      <object_component id="oc-203">
         <name>.debug_line</name>
         <load_address>0x99</load_address>
         <run_address>0x99</run_address>
         <size>0x33</size>
         <input_file_ref idref="fl-2"/>
      </object_component>
      <object_component id="oc-207">
         <name>.debug_line</name>
         <load_address>0xcc</load_address>
         <run_address>0xcc</run_address>
         <size>0x33</size>
         <input_file_ref idref="fl-2"/>
      </object_component>
      <object_component id="oc-110">
         <name>.debug_line</name>
         <load_address>0xff</load_address>
         <run_address>0xff</run_address>
         <size>0x80</size>
         <input_file_ref idref="fl-2"/>
      </object_component>
      <object_component id="oc-1a6">
         <name>.debug_line</name>
         <load_address>0x17f</load_address>
         <run_address>0x17f</run_address>
         <size>0x77</size>
         <input_file_ref idref="fl-2"/>
      </object_component>
      <object_component id="oc-ef">
         <name>.debug_line</name>
         <load_address>0x1f6</load_address>
         <run_address>0x1f6</run_address>
         <size>0x79</size>
         <input_file_ref idref="fl-2"/>
      </object_component>
      <object_component id="oc-12e">
         <name>.debug_line</name>
         <load_address>0x26f</load_address>
         <run_address>0x26f</run_address>
         <size>0x78</size>
         <input_file_ref idref="fl-2"/>
      </object_component>
      <object_component id="oc-fe">
         <name>.debug_line</name>
         <load_address>0x2e7</load_address>
         <run_address>0x2e7</run_address>
         <size>0x78</size>
         <input_file_ref idref="fl-2"/>
      </object_component>
      <object_component id="oc-af">
         <name>.debug_line</name>
         <load_address>0x35f</load_address>
         <run_address>0x35f</run_address>
         <size>0xb9</size>
         <input_file_ref idref="fl-2"/>
      </object_component>
      <object_component id="oc-22a">
         <name>.debug_line</name>
         <load_address>0x418</load_address>
         <run_address>0x418</run_address>
         <size>0x161</size>
         <input_file_ref idref="fl-2"/>
      </object_component>
      <object_component id="oc-278">
         <name>.debug_line</name>
         <load_address>0x579</load_address>
         <run_address>0x579</run_address>
         <size>0x77</size>
         <input_file_ref idref="fl-3"/>
      </object_component>
      <object_component id="oc-20d">
         <name>.debug_line</name>
         <load_address>0x5f0</load_address>
         <run_address>0x5f0</run_address>
         <size>0x79</size>
         <input_file_ref idref="fl-3"/>
      </object_component>
      <object_component id="oc-28c">
         <name>.debug_line</name>
         <load_address>0x669</load_address>
         <run_address>0x669</run_address>
         <size>0x79</size>
         <input_file_ref idref="fl-3"/>
      </object_component>
      <object_component id="oc-21f">
         <name>.debug_line</name>
         <load_address>0x6e2</load_address>
         <run_address>0x6e2</run_address>
         <size>0x79</size>
         <input_file_ref idref="fl-3"/>
      </object_component>
      <object_component id="oc-1cf">
         <name>.debug_line</name>
         <load_address>0x75b</load_address>
         <run_address>0x75b</run_address>
         <size>0x79</size>
         <input_file_ref idref="fl-3"/>
      </object_component>
      <object_component id="oc-1ed">
         <name>.debug_line</name>
         <load_address>0x7d4</load_address>
         <run_address>0x7d4</run_address>
         <size>0x78</size>
         <input_file_ref idref="fl-3"/>
      </object_component>
      <object_component id="oc-1db">
         <name>.debug_line</name>
         <load_address>0x84c</load_address>
         <run_address>0x84c</run_address>
         <size>0x78</size>
         <input_file_ref idref="fl-3"/>
      </object_component>
      <object_component id="oc-1f3">
         <name>.debug_line</name>
         <load_address>0x8c4</load_address>
         <run_address>0x8c4</run_address>
         <size>0x78</size>
         <input_file_ref idref="fl-3"/>
      </object_component>
      <object_component id="oc-1c3">
         <name>.debug_line</name>
         <load_address>0x93c</load_address>
         <run_address>0x93c</run_address>
         <size>0x78</size>
         <input_file_ref idref="fl-3"/>
      </object_component>
      <object_component id="oc-1d5">
         <name>.debug_line</name>
         <load_address>0x9b4</load_address>
         <run_address>0x9b4</run_address>
         <size>0x78</size>
         <input_file_ref idref="fl-3"/>
      </object_component>
      <object_component id="oc-1de">
         <name>.debug_line</name>
         <load_address>0xa2c</load_address>
         <run_address>0xa2c</run_address>
         <size>0x78</size>
         <input_file_ref idref="fl-3"/>
      </object_component>
      <object_component id="oc-28f">
         <name>.debug_line</name>
         <load_address>0xaa4</load_address>
         <run_address>0xaa4</run_address>
         <size>0x78</size>
         <input_file_ref idref="fl-3"/>
      </object_component>
      <object_component id="oc-1e8">
         <name>.debug_line</name>
         <load_address>0xb1c</load_address>
         <run_address>0xb1c</run_address>
         <size>0x78</size>
         <input_file_ref idref="fl-3"/>
      </object_component>
      <object_component id="oc-21a">
         <name>.debug_line</name>
         <load_address>0xb94</load_address>
         <run_address>0xb94</run_address>
         <size>0x78</size>
         <input_file_ref idref="fl-3"/>
      </object_component>
      <object_component id="oc-1c9">
         <name>.debug_line</name>
         <load_address>0xc0c</load_address>
         <run_address>0xc0c</run_address>
         <size>0x78</size>
         <input_file_ref idref="fl-3"/>
      </object_component>
      <object_component id="oc-105">
         <name>.debug_line</name>
         <load_address>0xc84</load_address>
         <run_address>0xc84</run_address>
         <size>0xb8</size>
         <input_file_ref idref="fl-3"/>
      </object_component>
      <object_component id="oc-214">
         <name>.debug_line</name>
         <load_address>0xd3c</load_address>
         <run_address>0xd3c</run_address>
         <size>0x91</size>
         <input_file_ref idref="fl-3"/>
      </object_component>
      <object_component id="oc-128">
         <name>.debug_line</name>
         <load_address>0xdcd</load_address>
         <run_address>0xdcd</run_address>
         <size>0x76</size>
         <input_file_ref idref="fl-3"/>
      </object_component>
      <object_component id="oc-1be">
         <name>.debug_line</name>
         <load_address>0xe43</load_address>
         <run_address>0xe43</run_address>
         <size>0x6e</size>
         <input_file_ref idref="fl-3"/>
      </object_component>
      <object_component id="oc-284">
         <name>.debug_line</name>
         <load_address>0xeb1</load_address>
         <run_address>0xeb1</run_address>
         <size>0xa3</size>
         <input_file_ref idref="fl-3"/>
      </object_component>
      <object_component id="oc-17e">
         <name>.debug_line</name>
         <load_address>0xf54</load_address>
         <run_address>0xf54</run_address>
         <size>0x7d</size>
         <input_file_ref idref="fl-4"/>
      </object_component>
      <object_component id="oc-174">
         <name>.debug_line</name>
         <load_address>0xfd1</load_address>
         <run_address>0xfd1</run_address>
         <size>0x88</size>
         <input_file_ref idref="fl-4"/>
      </object_component>
      <object_component id="oc-25f">
         <name>.debug_line</name>
         <load_address>0x1059</load_address>
         <run_address>0x1059</run_address>
         <size>0x7e</size>
         <input_file_ref idref="fl-4"/>
      </object_component>
      <object_component id="oc-158">
         <name>.debug_line</name>
         <load_address>0x10d7</load_address>
         <run_address>0x10d7</run_address>
         <size>0x7c</size>
         <input_file_ref idref="fl-4"/>
      </object_component>
      <object_component id="oc-14b">
         <name>.debug_line</name>
         <load_address>0x1153</load_address>
         <run_address>0x1153</run_address>
         <size>0x7c</size>
         <input_file_ref idref="fl-4"/>
      </object_component>
      <object_component id="oc-188">
         <name>.debug_line</name>
         <load_address>0x11cf</load_address>
         <run_address>0x11cf</run_address>
         <size>0x7b</size>
         <input_file_ref idref="fl-4"/>
      </object_component>
      <object_component id="oc-d4">
         <name>.debug_line</name>
         <load_address>0x124a</load_address>
         <run_address>0x124a</run_address>
         <size>0x59</size>
         <input_file_ref idref="fl-4"/>
      </object_component>
      <object_component id="oc-17a">
         <name>.debug_line</name>
         <load_address>0x12a3</load_address>
         <run_address>0x12a3</run_address>
         <size>0x76</size>
         <input_file_ref idref="fl-4"/>
      </object_component>
      <object_component id="oc-dd">
         <name>.debug_line</name>
         <load_address>0x1319</load_address>
         <run_address>0x1319</run_address>
         <size>0x4f</size>
         <input_file_ref idref="fl-4"/>
      </object_component>
      <object_component id="oc-168">
         <name>.debug_line</name>
         <load_address>0x1368</load_address>
         <run_address>0x1368</run_address>
         <size>0x4d</size>
         <input_file_ref idref="fl-4"/>
      </object_component>
      <object_component id="oc-264">
         <name>.debug_line</name>
         <load_address>0x13b5</load_address>
         <run_address>0x13b5</run_address>
         <size>0x64</size>
         <input_file_ref idref="fl-4"/>
      </object_component>
      <object_component id="oc-25">
         <name>.debug_line</name>
         <load_address>0x1419</load_address>
         <run_address>0x1419</run_address>
         <size>0x55</size>
         <input_file_ref idref="fl-5"/>
      </object_component>
      <object_component id="oc-3e">
         <name>.debug_line</name>
         <load_address>0x146e</load_address>
         <run_address>0x146e</run_address>
         <size>0x5d</size>
         <input_file_ref idref="fl-5"/>
      </object_component>
      <object_component id="oc-1b1">
         <name>.debug_line</name>
         <load_address>0x14cb</load_address>
         <run_address>0x14cb</run_address>
         <size>0x85</size>
         <input_file_ref idref="fl-b"/>
      </object_component>
      <object_component id="oc-10a">
         <name>.debug_line</name>
         <load_address>0x1550</load_address>
         <run_address>0x1550</run_address>
         <size>0x96</size>
         <input_file_ref idref="fl-b"/>
      </object_component>
      <object_component id="oc-f5">
         <name>.debug_line</name>
         <load_address>0x15e6</load_address>
         <run_address>0x15e6</run_address>
         <size>0x96</size>
         <input_file_ref idref="fl-b"/>
      </object_component>
      <object_component id="oc-222">
         <name>.debug_line</name>
         <load_address>0x167c</load_address>
         <run_address>0x167c</run_address>
         <size>0x90</size>
         <input_file_ref idref="fl-b"/>
      </object_component>
      <object_component id="oc-271">
         <name>.debug_line</name>
         <load_address>0x170c</load_address>
         <run_address>0x170c</run_address>
         <size>0xbf</size>
         <input_file_ref idref="fl-b"/>
      </object_component>
      <object_component id="oc-1fe">
         <name>.debug_line</name>
         <load_address>0x17cb</load_address>
         <run_address>0x17cb</run_address>
         <size>0x8b</size>
         <input_file_ref idref="fl-c"/>
      </object_component>
      <object_component id="oc-18f">
         <name>.debug_line</name>
         <load_address>0x1856</load_address>
         <run_address>0x1856</run_address>
         <size>0x8b</size>
         <input_file_ref idref="fl-c"/>
      </object_component>
      <object_component id="oc-196">
         <name>.debug_line</name>
         <load_address>0x18e1</load_address>
         <run_address>0x18e1</run_address>
         <size>0x91</size>
         <input_file_ref idref="fl-c"/>
      </object_component>
      <object_component id="oc-1a2">
         <name>.debug_line</name>
         <load_address>0x1972</load_address>
         <run_address>0x1972</run_address>
         <size>0x89</size>
         <input_file_ref idref="fl-c"/>
      </object_component>
      <object_component id="oc-19c">
         <name>.debug_line</name>
         <load_address>0x19fb</load_address>
         <run_address>0x19fb</run_address>
         <size>0x89</size>
         <input_file_ref idref="fl-c"/>
      </object_component>
      <object_component id="oc-e4">
         <name>.debug_line</name>
         <load_address>0x1a84</load_address>
         <run_address>0x1a84</run_address>
         <size>0xa6</size>
         <input_file_ref idref="fl-c"/>
      </object_component>
      <object_component id="oc-e8">
         <name>.debug_line</name>
         <load_address>0x1b2a</load_address>
         <run_address>0x1b2a</run_address>
         <size>0x9f</size>
         <input_file_ref idref="fl-c"/>
      </object_component>
      <object_component id="oc-117">
         <name>.debug_line</name>
         <load_address>0x1bc9</load_address>
         <run_address>0x1bc9</run_address>
         <size>0x9f</size>
         <input_file_ref idref="fl-c"/>
      </object_component>
      <object_component id="oc-269">
         <name>.debug_line</name>
         <load_address>0x1c68</load_address>
         <run_address>0x1c68</run_address>
         <size>0x21</size>
         <input_file_ref idref="fl-c"/>
      </object_component>
      <object_component id="oc-2b0">
         <name>.debug_line</name>
         <load_address>0x1c89</load_address>
         <run_address>0x1c89</run_address>
         <size>0x8c</size>
         <input_file_ref idref="fl-d"/>
      </object_component>
      <object_component id="oc-23d">
         <name>.debug_line</name>
         <load_address>0x1d15</load_address>
         <run_address>0x1d15</run_address>
         <size>0x88</size>
         <input_file_ref idref="fl-d"/>
      </object_component>
      <object_component id="oc-300">
         <name>.debug_line</name>
         <load_address>0x1d9d</load_address>
         <run_address>0x1d9d</run_address>
         <size>0x8a</size>
         <input_file_ref idref="fl-d"/>
      </object_component>
      <object_component id="oc-24a">
         <name>.debug_line</name>
         <load_address>0x1e27</load_address>
         <run_address>0x1e27</run_address>
         <size>0x8a</size>
         <input_file_ref idref="fl-d"/>
      </object_component>
      <object_component id="oc-30a">
         <name>.debug_line</name>
         <load_address>0x1eb1</load_address>
         <run_address>0x1eb1</run_address>
         <size>0x85</size>
         <input_file_ref idref="fl-d"/>
      </object_component>
      <object_component id="oc-2ec">
         <name>.debug_line</name>
         <load_address>0x1f36</load_address>
         <run_address>0x1f36</run_address>
         <size>0x88</size>
         <input_file_ref idref="fl-d"/>
      </object_component>
      <object_component id="oc-2c1">
         <name>.debug_line</name>
         <load_address>0x1fbe</load_address>
         <run_address>0x1fbe</run_address>
         <size>0x88</size>
         <input_file_ref idref="fl-d"/>
      </object_component>
      <object_component id="oc-2c7">
         <name>.debug_line</name>
         <load_address>0x2046</load_address>
         <run_address>0x2046</run_address>
         <size>0x88</size>
         <input_file_ref idref="fl-d"/>
      </object_component>
      <object_component id="oc-2cd">
         <name>.debug_line</name>
         <load_address>0x20ce</load_address>
         <run_address>0x20ce</run_address>
         <size>0x88</size>
         <input_file_ref idref="fl-d"/>
      </object_component>
      <object_component id="oc-2e5">
         <name>.debug_line</name>
         <load_address>0x2156</load_address>
         <run_address>0x2156</run_address>
         <size>0x8e</size>
         <input_file_ref idref="fl-d"/>
      </object_component>
      <object_component id="oc-2b5">
         <name>.debug_line</name>
         <load_address>0x21e4</load_address>
         <run_address>0x21e4</run_address>
         <size>0x88</size>
         <input_file_ref idref="fl-d"/>
      </object_component>
      <object_component id="oc-2bc">
         <name>.debug_line</name>
         <load_address>0x226c</load_address>
         <run_address>0x226c</run_address>
         <size>0x88</size>
         <input_file_ref idref="fl-d"/>
      </object_component>
      <object_component id="oc-2d9">
         <name>.debug_line</name>
         <load_address>0x22f4</load_address>
         <run_address>0x22f4</run_address>
         <size>0x88</size>
         <input_file_ref idref="fl-d"/>
      </object_component>
      <object_component id="oc-2d3">
         <name>.debug_line</name>
         <load_address>0x237c</load_address>
         <run_address>0x237c</run_address>
         <size>0x88</size>
         <input_file_ref idref="fl-d"/>
      </object_component>
      <object_component id="oc-2df">
         <name>.debug_line</name>
         <load_address>0x2404</load_address>
         <run_address>0x2404</run_address>
         <size>0x92</size>
         <input_file_ref idref="fl-d"/>
      </object_component>
      <object_component id="oc-2f9">
         <name>.debug_line</name>
         <load_address>0x2496</load_address>
         <run_address>0x2496</run_address>
         <size>0x9b</size>
         <input_file_ref idref="fl-d"/>
      </object_component>
      <object_component id="oc-15d">
         <name>.debug_line</name>
         <load_address>0x2531</load_address>
         <run_address>0x2531</run_address>
         <size>0xa5</size>
         <input_file_ref idref="fl-d"/>
      </object_component>
      <object_component id="oc-151">
         <name>.debug_line</name>
         <load_address>0x25d6</load_address>
         <run_address>0x25d6</run_address>
         <size>0xf9</size>
         <input_file_ref idref="fl-d"/>
      </object_component>
      <object_component id="oc-29d">
         <name>.debug_line</name>
         <load_address>0x26cf</load_address>
         <run_address>0x26cf</run_address>
         <size>0x9e</size>
         <input_file_ref idref="fl-d"/>
      </object_component>
      <object_component id="oc-2a3">
         <name>.debug_line</name>
         <load_address>0x276d</load_address>
         <run_address>0x276d</run_address>
         <size>0x96</size>
         <input_file_ref idref="fl-d"/>
      </object_component>
      <object_component id="oc-243">
         <name>.debug_line</name>
         <load_address>0x2803</load_address>
[...]
            <allocated_space>
               <start_address>0xa000</start_address>
               <size>0xd02</size>
               <logical_group_ref idref="lg-2"/>
            </allocated_space>
            <allocated_space>
               <start_address>0xad02</start_address>
               <size>0xea</size>
               <logical_group_ref idref="lg-a"/>
            </allocated_space>
            <allocated_space>
               <start_address>0xadec</start_address>
               <size>0xa</size>
               <logical_group_ref idref="lg-e"/>
            </allocated_space>
            <available_space>
               <start_address>0xadf6</start_address>
               <size>0x120a</size>
            </available_space>
         </usage_details>
      </memory_area>
      <memory_area display="yes" color="green">
         <name>RAMGS0</name>
         <page_id>0x0</page_id>
         <origin>0xc000</origin>
         <length>0x7f8</length>
         <used_space>0x19d</used_space>
         <unused_space>0x65b</unused_space>
         <attributes>RWIX</attributes>
         <usage_details>
            <allocated_space>
               <start_address>0xc000</start_address>
               <size>0x19d</size>
               <logical_group_ref idref="lg-d"/>
            </allocated_space>
            <available_space>
               <start_address>0xc19d</start_address>
               <size>0x65b</size>
            </available_space>
         </usage_details>
      </memory_area>
      <memory_area display="yes" color="green">
         <name>FLASH_BANK0_SEC0</name>
         <page_id>0x0</page_id>
         <origin>0x80002</origin>
         <length>0xffe</length>
         <used_space>0x0</used_space>
         <unused_space>0xffe</unused_space>
         <attributes>RWIX</attributes>
         <usage_details>
         </usage_details>
      </memory_area>
      <memory_area display="yes" color="green">
         <name>FLASH_BANK0_SEC1</name>
         <page_id>0x0</page_id>
         <origin>0x81000</origin>
         <length>0x1000</length>
         <used_space>0x0</used_space>
         <unused_space>0x1000</unused_space>
         <attributes>RWIX</attributes>
         <usage_details>
         </usage_details>
      </memory_area>
      <memory_area display="yes" color="green">
         <name>FLASH_BANK0_SEC2</name>
         <page_id>0x0</page_id>
         <origin>0x82000</origin>
         <length>0x1000</length>
         <used_space>0x0</used_space>
         <unused_space>0x1000</unused_space>
         <attributes>RWIX</attributes>
         <usage_details>
         </usage_details>
      </memory_area>
      <memory_area display="yes" color="green">
         <name>FLASH_BANK0_SEC3</name>
         <page_id>0x0</page_id>
         <origin>0x83000</origin>
         <length>0x1000</length>
         <used_space>0x0</used_space>
         <unused_space>0x1000</unused_space>
         <attributes>RWIX</attributes>
         <usage_details>
         </usage_details>
      </memory_area>
      <memory_area display="yes" color="green">
         <name>FLASH_BANK0_SEC4</name>
         <page_id>0x0</page_id>
         <origin>0x84000</origin>
         <length>0x1000</length>
         <used_space>0x0</used_space>
         <unused_space>0x1000</unused_space>
         <attributes>RWIX</attributes>
         <usage_details>
         </usage_details>
      </memory_area>
      <memory_area display="yes" color="green">
         <name>FLASH_BANK0_SEC5</name>
         <page_id>0x0</page_id>
         <origin>0x85000</origin>
         <length>0x1000</length>
         <used_space>0x0</used_space>
         <unused_space>0x1000</unused_space>
         <attributes>RWIX</attributes>
         <usage_details>
         </usage_details>
      </memory_area>
      <memory_area display="yes" color="green">
         <name>FLASH_BANK0_SEC6</name>
         <page_id>0x0</page_id>
         <origin>0x86000</origin>
         <length>0x1000</length>
         <used_space>0x0</used_space>
         <unused_space>0x1000</unused_space>
         <attributes>RWIX</attributes>
         <usage_details>
         </usage_details>
      </memory_area>
      <memory_area display="yes" color="green">
         <name>FLASH_BANK0_SEC7</name>
         <page_id>0x0</page_id>
         <origin>0x87000</origin>
         <length>0x1000</length>
         <used_space>0x0</used_space>
         <unused_space>0x1000</unused_space>
         <attributes>RWIX</attributes>
         <usage_details>
         </usage_details>
      </memory_area>
      <memory_area display="yes" color="green">
         <name>FLASH_BANK0_SEC8</name>
         <page_id>0x0</page_id>
         <origin>0x88000</origin>
         <length>0x1000</length>
         <used_space>0x0</used_space>
         <unused_space>0x1000</unused_space>
         <attributes>RWIX</attributes>
         <usage_details>
         </usage_details>
      </memory_area>
      <memory_area display="yes" color="green">
         <name>FLASH_BANK0_SEC9</name>
         <page_id>0x0</page_id>
         <origin>0x89000</origin>
         <length>0x1000</length>
         <used_space>0x0</used_space>
         <unused_space>0x1000</unused_space>
         <attributes>RWIX</attributes>
         <usage_details>
         </usage_details>
      </memory_area>
      <memory_area display="yes" color="green">
         <name>FLASH_BANK0_SEC10</name>
         <page_id>0x0</page_id>
         <origin>0x8a000</origin>
         <length>0x1000</length>
         <used_space>0x0</used_space>
         <unused_space>0x1000</unused_space>
         <attributes>RWIX</attributes>
         <usage_details>
         </usage_details>
      </memory_area>
      <memory_area display="yes" color="green">
         <name>FLASH_BANK0_SEC11</name>
         <page_id>0x0</page_id>
         <origin>0x8b000</origin>
         <length>0x1000</length>
         <used_space>0x0</used_space>
         <unused_space>0x1000</unused_space>
         <attributes>RWIX</attributes>
         <usage_details>
         </usage_details>
      </memory_area>
      <memory_area display="yes" color="green">
         <name>FLASH_BANK0_SEC12</name>
         <page_id>0x0</page_id>
         <origin>0x8c000</origin>
         <length>0x1000</length>
         <used_space>0x0</used_space>
         <unused_space>0x1000</unused_space>
         <attributes>RWIX</attributes>
         <usage_details>
         </usage_details>
      </memory_area>
      <memory_area display="yes" color="green">
         <name>FLASH_BANK0_SEC13</name>
         <page_id>0x0</page_id>
         <origin>0x8d000</origin>
         <length>0x1000</length>
         <used_space>0x0</used_space>
         <unused_space>0x1000</unused_space>
         <attributes>RWIX</attributes>
         <usage_details>
         </usage_details>
      </memory_area>
      <memory_area display="yes" color="green">
         <name>FLASH_BANK0_SEC14</name>
         <page_id>0x0</page_id>
         <origin>0x8e000</origin>
         <length>0x1000</length>
         <used_space>0x0</used_space>
         <unused_space>0x1000</unused_space>
         <attributes>RWIX</attributes>
         <usage_details>
         </usage_details>
      </memory_area>
      <memory_area display="yes" color="green">
         <name>FLASH_BANK0_SEC15</name>
         <page_id>0x0</page_id>
         <origin>0x8f000</origin>
         <length>0xff8</length>
         <used_space>0x0</used_space>
         <unused_space>0xff8</unused_space>
         <attributes>RWIX</attributes>
         <usage_details>
         </usage_details>
      </memory_area>
      <memory_area display="yes" color="green">
         <name>BOOTROM</name>
         <page_id>0x0</page_id>
         <origin>0x3f0000</origin>
         <length>0x8000</length>
         <used_space>0x0</used_space>
         <unused_space>0x8000</unused_space>
         <attributes>RWIX</attributes>
         <usage_details>
         </usage_details>
      </memory_area>
      <memory_area display="yes" color="green">
         <name>BOOTROM_EXT</name>
         <page_id>0x0</page_id>
         <origin>0x3f8000</origin>
         <length>0x7fc0</length>
         <used_space>0x0</used_space>
         <unused_space>0x7fc0</unused_space>
         <attributes>RWIX</attributes>
         <usage_details>
         </usage_details>
      </memory_area>
      <memory_area display="no" color="green">
         <name>RESET</name>
         <page_id>0x0</page_id>
         <origin>0x3fffc0</origin>
         <length>0x2</length>
         <used_space>0x0</used_space>
         <unused_space>0x2</unused_space>
         <attributes>RWIX</attributes>
         <usage_details>
         </usage_details>
      </memory_area>
   </placement_map>
   <cptbl_list>
      <cptbl>
         <name>__TI_cinit_table</name>
         <cprec>
            <name>.data</name>
            <load_address>0x12c</load_address>
            <load_size>0x8</load_size>
            <run_address>0xadec</run_address>
            <run_size>0xa</run_size>
            <compression>lzss</compression>
         </cprec>
         <cprec>
            <name>.bss</name>
            <load_address>0x13a</load_address>
            <load_size>0x4</load_size>
            <run_address>0xad02</run_address>
            <run_size>0xea</run_size>
            <compression>zero_init</compression>
         </cprec>
      </cptbl>
   </cptbl_list>
   <handler_table>
      <handler_table_name>__TI_handler_table</handler_table_name>
      <handler>
         <index>0x0</index>
         <name>__TI_zero_init</name>
      </handler>
      <handler>
         <index>0x1</index>
         <name>__TI_decompress_lzss</name>
      </handler>
      <handler>
         <index>0x2</index>
         <name>__TI_decompress_none</name>
      </handler>
   </handler_table>
   <symbol_table>
      <symbol id="sm-1">
         <name>__TI_CINIT_Base</name>
         <value>0x140</value>
      </symbol>
      <symbol id="sm-2">
         <name>__TI_CINIT_Limit</name>
         <value>0x148</value>
      </symbol>
      <symbol id="sm-3">
         <name>__TI_CINIT_Warm</name>
         <value>0x148</value>
      </symbol>
      <symbol id="sm-4">
         <name>__TI_Handler_Table_Base</name>
         <value>0x134</value>
      </symbol>
      <symbol id="sm-5">
         <name>__TI_Handler_Table_Limit</name>
         <value>0x13a</value>
      </symbol>
      <symbol id="sm-6">
         <name>__TI_STACK_SIZE</name>
         <value>0x200</value>
      </symbol>
      <symbol id="sm-7">
         <name>__TI_STACK_END</name>
         <value>0x600</value>
      </symbol>
      <symbol id="sm-8">
         <name>__TI_pprof_out_hndl</name>
         <value>0xffffffff</value>
      </symbol>
      <symbol id="sm-9">
         <name>__TI_prof_data_start</name>
         <value>0xffffffff</value>
      </symbol>
      <symbol id="sm-a">
         <name>__TI_prof_data_size</name>
         <value>0xffffffff</value>
      </symbol>
      <symbol id="sm-85">
         <name>buffer</name>
         <value>0xad82</value>
         <object_component_ref idref="oc-121"/>
      </symbol>
      <symbol id="sm-86">
         <name>I2CB_RXdata</name>
         <value>0xad02</value>
         <object_component_ref idref="oc-11b"/>
      </symbol>
      <symbol id="sm-87">
         <name>I2CB_TXdata</name>
         <value>0xad42</value>
         <object_component_ref idref="oc-118"/>
      </symbol>
      <symbol id="sm-88">
         <name>AvailableI2C_slaves</name>
         <value>0xadd8</value>
         <object_component_ref idref="oc-f1"/>
      </symbol>
      <symbol id="sm-89">
         <name>I2CB_ControlAddr</name>
         <value>0xadc4</value>
         <object_component_ref idref="oc-11e"/>
      </symbol>
      <symbol id="sm-8a">
         <name>main</name>
         <value>0xa231</value>
         <object_component_ref idref="oc-ab"/>
      </symbol>
      <symbol id="sm-8b">
         <name>status</name>
         <value>0xadc2</value>
         <object_component_ref idref="oc-11e"/>
      </symbol>
      <symbol id="sm-8c">
         <name>I2CB</name>
         <value>0xadc6</value>
         <object_component_ref idref="oc-11e"/>
      </symbol>
      <symbol id="sm-150">
         <name>checkBusStatus</name>
         <value>0xabd2</value>
         <object_component_ref idref="oc-1b9"/>
      </symbol>
      <symbol id="sm-151">
         <name>I2CBusScan</name>
         <value>0xa51a</value>
         <object_component_ref idref="oc-100"/>
      </symbol>
      <symbol id="sm-152">
         <name>I2C_MasterTransmitter</name>
         <value>0xa4ac</value>
         <object_component_ref idref="oc-124"/>
      </symbol>
      <symbol id="sm-153">
         <name>I2C_TransmitSlaveAddress_ControlBytes</name>
         <value>0xa635</value>
         <object_component_ref idref="oc-20f"/>
      </symbol>
      <symbol id="sm-1a9">
         <name>Device_enableAllPeripherals</name>
         <value>0xa310</value>
         <object_component_ref idref="oc-175"/>
      </symbol>
      <symbol id="sm-1aa">
         <name>Device_initGPIO</name>
         <value>0xac41</value>
         <object_component_ref idref="oc-d9"/>
      </symbol>
      <symbol id="sm-1ab">
         <name>Device_init</name>
         <value>0xa6c5</value>
         <object_component_ref idref="oc-d3"/>
      </symbol>
      <symbol id="sm-1ac">
         <name>__error__</name>
         <value>0xacf4</value>
         <object_component_ref idref="oc-163"/>
      </symbol>
      <symbol id="sm-1bb">
         <name>code_start</name>
         <value>0x0</value>
         <object_component_ref idref="oc-21"/>
      </symbol>
      <symbol id="sm-1ed">
         <name>I2C_disableInterrupt</name>
         <value>0xa75f</value>
         <object_component_ref idref="oc-f4"/>
      </symbol>
      <symbol id="sm-1ee">
         <name>I2C_clearInterruptStatus</name>
         <value>0xa8a7</value>
         <object_component_ref idref="oc-221"/>
      </symbol>
      <symbol id="sm-1ef">
         <name>I2C_enableInterrupt</name>
         <value>0xa78b</value>
         <object_component_ref idref="oc-106"/>
      </symbol>
      <symbol id="sm-241">
         <name>Interrupt_initModule</name>
         <value>0xa688</value>
         <object_component_ref idref="oc-df"/>
      </symbol>
      <symbol id="sm-242">
         <name>Interrupt_enable</name>
         <value>0xa6fa</value>
         <object_component_ref idref="oc-112"/>
      </symbol>
      <symbol id="sm-243">
         <name>Interrupt_initVectorTable</name>
         <value>0xa926</value>
         <object_component_ref idref="oc-e5"/>
      </symbol>
      <symbol id="sm-34f">
         <name>SysCtl_isPLLValid</name>
         <value>0xa133</value>
         <object_component_ref idref="oc-24e"/>
      </symbol>
      <symbol id="sm-350">
         <name>SysCtl_delay</name>
         <value>0x128</value>
         <object_component_ref idref="oc-241"/>
      </symbol>
      <symbol id="sm-351">
         <name>SysCtl_selectXTALSingleEnded</name>
         <value>0xaa06</value>
         <object_component_ref idref="oc-2a1"/>
      </symbol>
      <symbol id="sm-352">
         <name>SysCtl_selectXTAL</name>
         <value>0xa7b6</value>
         <object_component_ref idref="oc-29b"/>
      </symbol>
      <symbol id="sm-353">
         <name>SysCtl_selectOscSource</name>
         <value>0xa5e1</value>
         <object_component_ref idref="oc-242"/>
      </symbol>
      <symbol id="sm-354">
         <name>SysCtl_getLowSpeedClock</name>
         <value>0xa9ec</value>
         <object_component_ref idref="oc-169"/>
      </symbol>
      <symbol id="sm-355">
         <name>SysCtl_setClock</name>
         <value>0xa000</value>
         <object_component_ref idref="oc-150"/>
      </symbol>
      <symbol id="sm-356">
         <name>SysCtl_getClock</name>
         <value>0xa581</value>
         <object_component_ref idref="oc-15c"/>
      </symbol>
      <symbol id="sm-360">
         <name>_c_int00</name>
         <value>0xaa97</value>
         <object_component_ref idref="oc-54"/>
      </symbol>
      <symbol id="sm-361">
         <name>__stack</name>
         <value>0x400</value>
         <object_component_ref idref="oc-26"/>
      </symbol>
      <symbol id="sm-36e">
         <name>__c28xabi_divf</name>
         <value>0xa3aa</value>
         <object_component_ref idref="oc-2a9"/>
      </symbol>
      <symbol id="sm-37b">
         <name>_system_pre_init</name>
         <value>0xacff</value>
         <object_component_ref idref="oc-62"/>
      </symbol>
      <symbol id="sm-38a">
         <name>__TI_auto_init_nobinit_nopinit</name>
         <value>0xa7e1</value>
         <object_component_ref idref="oc-7b"/>
      </symbol>
      <symbol id="sm-399">
         <name>__TI_zero_init_nomemset</name>
         <value>0xac95</value>
         <object_component_ref idref="oc-31"/>
      </symbol>
      <symbol id="sm-3a6">
         <name>__TI_decompress_none</name>
         <value>0xacd6</value>
         <object_component_ref idref="oc-1a"/>
      </symbol>
      <symbol id="sm-3ba">
         <name>__TI_decompress_lzss</name>
         <value>0xa72e</value>
         <object_component_ref idref="oc-14"/>
      </symbol>
      <symbol id="sm-3d0">
         <name>C$$EXIT</name>
         <value>0xa80c</value>
         <object_component_ref idref="oc-6f"/>
      </symbol>
      <symbol id="sm-3d1">
         <name>abort</name>
         <value>0xa80c</value>
         <object_component_ref idref="oc-6f"/>
      </symbol>
      <symbol id="sm-3d2">
         <name>exit</name>
         <value>0xa80e</value>
         <object_component_ref idref="oc-6f"/>
      </symbol>
      <symbol id="sm-3d3">
         <name>__TI_dtors_ptr</name>
         <value>0xadf0</value>
         <object_component_ref idref="oc-b3"/>
      </symbol>
      <symbol id="sm-3d4">
         <name>__TI_cleanup_ptr</name>
         <value>0xadee</value>
         <object_component_ref idref="oc-b3"/>
      </symbol>
      <symbol id="sm-3d5">
         <name>__TI_enable_exit_profile_output</name>
         <value>0xadec</value>
         <object_component_ref idref="oc-b3"/>
      </symbol>
      <symbol id="sm-3ec">
         <name>_nop</name>
         <value>0xaccd</value>
         <object_component_ref idref="oc-137"/>
      </symbol>
      <symbol id="sm-3ed">
         <name>_lock</name>
         <value>0xadf2</value>
         <object_component_ref idref="oc-b6"/>
      </symbol>
      <symbol id="sm-3ee">
         <name>_unlock</name>
         <value>0xadf4</value>
         <object_component_ref idref="oc-22c"/>
      </symbol>
      <symbol id="sm-3ef">
         <name>_register_lock</name>
         <value>0xacc9</value>
         <object_component_ref idref="oc-137"/>
      </symbol>
      <symbol id="sm-3f0">
         <name>_register_unlock</name>
         <value>0xacc5</value>
         <object_component_ref idref="oc-137"/>
      </symbol>
      <symbol id="sm-3ff">
         <name>_args_main</name>
         <value>0xacae</value>
         <object_component_ref idref="oc-69"/>
      </symbol>
      <symbol id="sm-413">
         <name>memcpy</name>
         <value>0xa97e</value>
         <object_component_ref idref="oc-29"/>
      </symbol>
      <symbol id="sm-420">
         <name>_system_post_cinit</name>
         <value>0xad01</value>
         <object_component_ref idref="oc-be"/>
      </symbol>
      <symbol id="sm-422">
         <name>I2C_GPIO_init</name>
         <value>0x0</value>
      </symbol>
      <symbol id="sm-423">
         <name>I2Cinit</name>
         <value>0x0</value>
      </symbol>
      <symbol id="sm-424">
         <name>i2cBISR</name>
         <value>0x0</value>
      </symbol>
      <symbol id="sm-425">
         <name>i2cBFIFOISR</name>
         <value>0x0</value>
      </symbol>
      <symbol id="sm-426">
         <name>__c_args__</name>
         <value>0x0</value>
      </symbol>
   </symbol_table>
   <title>Link errors: red sections failed placement</title>
</link_info>
