******************************************************************************
             TMS320C2000 Linker PC v21.6.0                     
******************************************************************************
>> Linked Fri Feb 18 11:16:11 2022

OUTPUT FILE NAME:   <msms.out>
ENTRY POINT SYMBOL: "code_start"  address: 00000000


MEMORY CONFIGURATION

         name            origin    length      used     unused   attr    fill
----------------------  --------  ---------  --------  --------  ----  --------
  BEGIN                 00000000   00000002  00000002  00000000  RWIX
  BOOT_RSVD             00000002   00000126  00000000  00000126  RWIX
  RAMM0                 00000128   000002d8  00000020  000002b8  RWIX
  RAMM1                 00000400   000003f8  00000200  000001f8  RWIX
  RAMLS4567             0000a000   00002000  00001673  0000098d  RWIX
  RAMGS0                0000c000   000007f8  00000235  000005c3  RWIX
  FLASH_BANK0_SEC0      00080002   00000ffe  00000000  00000ffe  RWIX
  FLASH_BANK0_SEC1      00081000   00001000  00000000  00001000  RWIX
  FLASH_BANK0_SEC2      00082000   00001000  00000000  00001000  RWIX
  FLASH_BANK0_SEC3      00083000   00001000  00000000  00001000  RWIX
  FLASH_BANK0_SEC4      00084000   00001000  00000000  00001000  RWIX
  FLASH_BANK0_SEC5      00085000   00001000  00000000  00001000  RWIX
  FLASH_BANK0_SEC6      00086000   00001000  00000000  00001000  RWIX
  FLASH_BANK0_SEC7      00087000   00001000  00000000  00001000  RWIX
  FLASH_BANK0_SEC8      00088000   00001000  00000000  00001000  RWIX
  FLASH_BANK0_SEC9      00089000   00001000  00000000  00001000  RWIX
  FLASH_BANK0_SEC10     0008a000   00001000  00000000  00001000  RWIX
  FLASH_BANK0_SEC11     0008b000   00001000  00000000  00001000  RWIX
  FLASH_BANK0_SEC12     0008c000   00001000  00000000  00001000  RWIX
  FLASH_BANK0_SEC13     0008d000   00001000  00000000  00001000  RWIX
  FLASH_BANK0_SEC14     0008e000   00001000  00000000  00001000  RWIX
  FLASH_BANK0_SEC15     0008f000   00000ff8  00000000  00000ff8  RWIX
  BOOTROM               003f0000   00008000  00000000  00008000  RWIX
  BOOTROM_EXT           003f8000   00007fc0  00000000  00007fc0  RWIX
  RESET                 003fffc0   00000002  00000000  00000002  RWIX


SECTION ALLOCATION MAP

 output                                  attributes/
section   page    origin      length       input sections
--------  ----  ----------  ----------   ----------------
.TI.ramfunc 
*          0    00000128    00000004     
                  00000128    00000004     driverlib.lib : sysctl.obj (.TI.ramfunc)

.cinit     0    0000012c    0000001c     
                  0000012c    00000009     (.cinit..data.load) [load image, compression = lzss]
                  00000135    00000001     --HOLE-- [fill = 0]
                  00000136    00000006     (__TI_handler_table)
                  0000013c    00000004     (.cinit..bss.load) [load image, compression = zero_init]
                  00000140    00000008     (__TI_cinit_table)

.text      0    0000a000    00001520     
                  0000a000    0000015f     probando.obj (.text:main)
                  0000a15f    00000133     driverlib.lib : sysctl.obj (.text:SysCtl_setClock)
                  0000a292    00000121     i2cLib_FIFO_master_slave_interrupt.obj (.text:Write_Read_TX_RX_FIFO)
                  0000a3b3    000000fe     driverlib.lib : sysctl.obj (.text:SysCtl_isPLLValid)
                  0000a4b1    000000c1     probando.obj (.text:I2Cinit)
                  0000a572    000000b1     i2cLib_FIFO_master_slave_interrupt.obj (.text:handleI2C_ErrorCondition)
                  0000a623    000000a9     probando.obj (.text:i2cAFIFOISR)
                  0000a6cc    000000a9     probando.obj (.text:i2cBFIFOISR)
                  0000a775    0000009a     device.obj (.text:Device_enableAllPeripherals)
                  0000a80f    00000088     rts2800_fpu32_eabi.lib : fs_div28.asm.obj (.text)
                  0000a897    0000007a     driverlib.lib : sysctl.obj (.text:DCC_setCounterSeeds)
                  0000a911    0000006e     i2cLib_FIFO_master_slave_interrupt.obj (.text:I2C_MasterTransmitter)
                  0000a97f    00000067     i2cLib_FIFO_master_slave_interrupt.obj (.text:I2CBusScan)
                  0000a9e6    00000064     driverlib.lib : i2c.obj (.text:I2C_initMaster)
                  0000aa4a    00000060                   : sysctl.obj (.text:SysCtl_getClock)
                  0000aaaa    00000054                   : sysctl.obj (.text:SysCtl_selectOscSource)
                  0000aafe    00000053     i2cLib_FIFO_master_slave_interrupt.obj (.text:I2C_TransmitSlaveAddress_ControlBytes)
                  0000ab51    00000052     driverlib.lib : gpio.obj (.text:GPIO_setPadConfig)
                  0000aba3    0000004b     probando.obj (.text:I2C_GPIO_init)
                  0000abee    00000045     probando.obj (.text:i2cAISR)
                  0000ac33    00000045     probando.obj (.text:i2cBISR)
                  0000ac78    0000003d     driverlib.lib : interrupt.obj (.text:Interrupt_initModule)
                  0000acb5    00000038                   : gpio.obj (.text:GPIO_setQualificationMode)
                  0000aced    00000037                   : gpio.obj (.text:GPIO_setPinConfig)
                  0000ad24    00000035     device.obj (.text:Device_init)
                  0000ad59    00000034     driverlib.lib : interrupt.obj (.text:Interrupt_enable)
                  0000ad8d    00000031                   : gpio.obj (.text:GPIO_setDirectionMode)
                  0000adbe    00000031     rts2800_fpu32_eabi.lib : copy_decompress_lzss.c.obj (.text:decompress:lzss)
                  0000adef    0000002c     driverlib.lib : i2c.obj (.text:I2C_disableInterrupt)
                  0000ae1b    0000002b                   : i2c.obj (.text:I2C_enableInterrupt)
                  0000ae46    0000002b                   : sysctl.obj (.text:SysCtl_selectXTAL)
                  0000ae71    0000002b     rts2800_fpu32_eabi.lib : autoinit.c.obj (.text:__TI_auto_init_nobinit_nopinit)
                  0000ae9c    00000029                            : exit.c.obj (.text)
                  0000aec5    00000027     i2cLib_FIFO_master_slave_interrupt.obj (.text:I2C_setFIFOInterruptLevel)
                  0000aeec    00000027     probando.obj (.text:I2C_setFIFOInterruptLevel)
                  0000af13    00000026     driverlib.lib : sysctl.obj (.text:SysCtl_pollX1Counter)
                  0000af39    00000025                   : sysctl.obj (.text:DCC_enableSingleShotMode)
                  0000af5e    00000021                   : i2c.obj (.text:I2C_clearInterruptStatus)
                  0000af7f    00000021                   : i2c.obj (.text:I2C_getInterruptStatus)
                  0000afa0    00000020     i2cLib_FIFO_master_slave_interrupt.obj (.text:I2C_isBusBusy)
                  0000afc0    0000001f     driverlib.lib : sysctl.obj (.text:DCC_setCounter0ClkSource)
                  0000afdf    0000001f                   : sysctl.obj (.text:DCC_setCounter1ClkSource)
                  0000affe    0000001e                   : interrupt.obj (.text:Interrupt_initVectorTable)
                  0000b01c    0000001d     probando.obj (.text:I2C_setOwnSlaveAddress)
                  0000b039    0000001d     i2cLib_FIFO_master_slave_interrupt.obj (.text:I2C_setSlaveAddress)
                  0000b056    0000001d     probando.obj (.text:I2C_setSlaveAddress)
                  0000b073    0000001d     rts2800_fpu32_eabi.lib : memcpy.c.obj (.text)
                  0000b090    0000001b     i2cLib_FIFO_master_slave_interrupt.obj (.text:I2C_getStopConditionStatus)
                  0000b0ab    0000001b     i2cLib_FIFO_master_slave_interrupt.obj (.text:I2C_setAddressMode)
                  0000b0c6    0000001b     probando.obj (.text:I2C_setAddressMode)
                  0000b0e1    0000001b     probando.obj (.text:I2C_setBitCount)
                  0000b0fc    0000001b     i2cLib_FIFO_master_slave_interrupt.obj (.text:I2C_setConfig)
                  0000b117    0000001b     probando.obj (.text:I2C_setConfig)
                  0000b132    0000001b     probando.obj (.text:I2C_setEmulationMode)
                  0000b14d    0000001a     driverlib.lib : sysctl.obj (.text:SysCtl_getLowSpeedClock)
                  0000b167    0000001a                   : sysctl.obj (.text:SysCtl_selectXTALSingleEnded)
                  0000b181    00000019     i2cLib_FIFO_master_slave_interrupt.obj (.text:I2C_disableFIFO)
                  0000b19a    00000019     i2cLib_FIFO_master_slave_interrupt.obj (.text:I2C_enableFIFO)
                  0000b1b3    00000019     probando.obj (.text:I2C_enableFIFO)
                  0000b1cc    00000017     driverlib.lib : sysctl.obj (.text:DCC_disableDoneSignal)
                  0000b1e3    00000017     device.obj (.text:SysCtl_enablePeripheral)
                  0000b1fa    00000017     driverlib.lib : sysctl.obj (.text:SysCtl_enablePeripheral)
                  0000b211    00000017     rts2800_fpu32_eabi.lib : boot28.asm.obj (.text)
                  0000b228    00000016     driverlib.lib : sysctl.obj (.text:DCC_clearDoneFlag)
                  0000b23e    00000016                   : sysctl.obj (.text:DCC_clearErrorFlag)
                  0000b254    00000016                   : sysctl.obj (.text:DCC_disableErrorSignal)
                  0000b26a    00000016     i2cLib_FIFO_master_slave_interrupt.obj (.text:I2C_getRxFIFOStatus)
                  0000b280    00000015     driverlib.lib : sysctl.obj (.text:DCC_isBaseValid)
                  0000b295    00000015     device.obj (.text:GPIO_unlockPortConfig)
                  0000b2aa    00000015     driverlib.lib : i2c.obj (.text:I2C_isBaseValid)
                  0000b2bf    00000015     i2cLib_FIFO_master_slave_interrupt.obj (.text:I2C_isBaseValid)
                  0000b2d4    00000015     probando.obj (.text:I2C_isBaseValid)
                  0000b2e9    00000015     i2cLib_FIFO_master_slave_interrupt.obj (.text:I2C_putData)
                  0000b2fe    00000014     driverlib.lib : sysctl.obj (.text:DCC_disableModule)
                  0000b312    00000014                   : sysctl.obj (.text:DCC_enableModule)
                  0000b326    00000014                   : gpio.obj (.text:GPIO_isPinValid)
                  0000b33a    00000014     probando.obj (.text:I2C_disableLoopback)
                  0000b34e    00000014     probando.obj (.text:I2C_disableModule)
                  0000b362    00000014     probando.obj (.text:I2C_enableModule)
                  0000b376    00000014     i2cLib_FIFO_master_slave_interrupt.obj (.text:I2C_getInterruptSource)
                  0000b38a    00000014     i2cLib_FIFO_master_slave_interrupt.obj (.text:I2C_sendStartCondition)
                  0000b39e    00000014     i2cLib_FIFO_master_slave_interrupt.obj (.text:I2C_sendStopCondition)
                  0000b3b2    00000014     device.obj (.text:SysCtl_deviceCal)
                  0000b3c6    00000014     i2cLib_FIFO_master_slave_interrupt.obj (.text:checkBusStatus)
                  0000b3da    00000013     i2cLib_FIFO_master_slave_interrupt.obj (.text:I2C_clearStatus)
                  0000b3ed    00000013     probando.obj (.text:I2C_clearStatus)
                  0000b400    00000013     i2cLib_FIFO_master_slave_interrupt.obj (.text:I2C_setDataCount)
                  0000b413    00000013     probando.obj (.text:I2C_setDataCount)
                  0000b426    00000011     i2cLib_FIFO_master_slave_interrupt.obj (.text:I2C_getData)
                  0000b437    00000011     i2cLib_FIFO_master_slave_interrupt.obj (.text:I2C_getStatus)
                  0000b448    00000011     probando.obj (.text:I2C_getStatus)
                  0000b459    00000010     device.obj (.text:Device_initGPIO)
                  0000b469    0000000f     probando.obj (.text:Interrupt_register)
                  0000b478    0000000e     driverlib.lib : interrupt.obj (.text:Interrupt_defaultHandler)
                  0000b486    0000000d                   : interrupt.obj (.text:Interrupt_disableMaster)
                  0000b493    0000000d                   : interrupt.obj (.text:Interrupt_enableMaster)
                  0000b4a0    0000000d     device.obj (.text:SysCtl_setLowSpeedClock)
                  0000b4ad    0000000d     rts2800_fpu32_eabi.lib : copy_zero_init.c.obj (.text:decompress:ZI:__TI_zero_init_nomemset)
                  0000b4ba    0000000c     driverlib.lib : sysctl.obj (.text:SysCtl_setPLLSysClk)
                  0000b4c6    0000000c     rts2800_fpu32_eabi.lib : args_main.c.obj (.text)
                  0000b4d2    0000000b     driverlib.lib : sysctl.obj (.text:SysCtl_isMCDClockFailureDetected)
                  0000b4dd    00000009     rts2800_fpu32_eabi.lib : _lock.c.obj (.text)
                  0000b4e6    00000008     device.obj (.text:SysCtl_disableWatchdog)
                  0000b4ee    00000008     rts2800_fpu32_eabi.lib : copy_decompress_none.c.obj (.text:decompress:none)
                  0000b4f6    00000008     f28002x_codestartbranch.obj (.text)
                  0000b4fe    00000007     device.obj (.text:ASysCtl_lockVREG)
                  0000b505    00000007     driverlib.lib : sysctl.obj (.text:SysCtl_resetMCD)
                  0000b50c    00000007     device.obj (.text:__error__)
                  0000b513    00000006     probando.obj (.text:Interrupt_clearACKGroup)
                  0000b519    00000002     driverlib.lib : interrupt.obj (.text:Interrupt_illegalOperationHandler)
                  0000b51b    00000002                   : interrupt.obj (.text:Interrupt_nmiHandler)
                  0000b51d    00000002     rts2800_fpu32_eabi.lib : pre_init.c.obj (.text)
                  0000b51f    00000001                            : startup.c.obj (.text)

.reset     0    003fffc0    00000000     DSECT

codestart 
*          0    00000000    00000002     
                  00000000    00000002     f28002x_codestartbranch.obj (codestart)

.stack     0    00000400    00000200     UNINITIALIZED
                  00000400    00000200     --HOLE--

.bss       0    0000b520    00000148     UNINITIALIZED
                  0000b520    00000040     probando.obj (.bss:I2CA_RXdata)
                  0000b560    00000040     probando.obj (.bss:I2CA_TXdata)
                  0000b5a0    00000040     probando.obj (.bss:I2CB_RXdata)
                  0000b5e0    00000040     probando.obj (.bss:I2CB_TXdata)
                  0000b620    00000014     probando.obj (.bss:AvailableI2C_slaves)
                  0000b634    0000000c     --HOLE--
                  0000b640    00000028     probando.obj (.bss)

.init_array 
*          0    00000128    00000000     UNINITIALIZED

.data      0    0000b668    0000000b     UNINITIALIZED
                  0000b668    00000006     rts2800_fpu32_eabi.lib : exit.c.obj (.data)
                  0000b66e    00000002                            : _lock.c.obj (.data:_lock)
                  0000b670    00000002                            : _lock.c.obj (.data:_unlock)
                  0000b672    00000001     probando.obj (.data)

.const     0    0000c000    00000235     
                  0000c000    0000009a     driverlib.lib : sysctl.obj (.const:.string)
                  0000c09a    00000098                   : gpio.obj (.const:.string)
                  0000c132    00000066     i2cLib_FIFO_master_slave_interrupt.obj (.const:.string)
                  0000c198    0000004b     driverlib.lib : i2c.obj (.const:.string)
                  0000c1e3    00000001     --HOLE-- [fill = 0]
                  0000c1e4    0000003d     probando.obj (.const:.string)
                  0000c221    00000001     --HOLE-- [fill = 0]
                  0000c222    00000013     device.obj (.const:.string)

MODULE SUMMARY

       Module                                   code   ro data   rw data
       ------                                   ----   -------   -------
    .\
       probando.obj                             1482   61        317    
       i2cLib_FIFO_master_slave_interrupt.obj   1209   102       0      
    +--+----------------------------------------+------+---------+---------+
       Total:                                   2691   163       317    
                                                                        
    .\device\
       device.obj                               322    19        0      
       f28002x_codestartbranch.obj              10     0         0      
    +--+----------------------------------------+------+---------+---------+
       Total:                                   332    19        0      
                                                                        
    C:/ti/C2000Ware_4_00_00_00/driverlib/f28002x/driverlib/ccs/Debug/driverlib.lib
       sysctl.obj                               1302   154       0      
       gpio.obj                                 262    152       0      
       i2c.obj                                  274    75        0      
       interrupt.obj                            187    0         0      
    +--+----------------------------------------+------+---------+---------+
       Total:                                   2025   381       0      
                                                                        
    C:\ti\ccs1110\ccs\tools\compiler\ti-cgt-c2000_21.6.0.LTS\lib\rts2800_fpu32_eabi.lib
       fs_div28.asm.obj                         136    0         0      
       copy_decompress_lzss.c.obj               49     0         0      
       exit.c.obj                               41     0         6      
       autoinit.c.obj                           43     0         0      
       memcpy.c.obj                             29     0         0      
       boot28.asm.obj                           23     0         0      
       _lock.c.obj                              9      0         4      
       copy_zero_init.c.obj                     13     0         0      
       args_main.c.obj                          12     0         0      
       copy_decompress_none.c.obj               8      0         0      
       pre_init.c.obj                           2      0         0      
       startup.c.obj                            1      0         0      
    +--+----------------------------------------+------+---------+---------+
       Total:                                   366    0         10     
                                                                        
       Stack:                                   0      0         512    
       Linker Generated:                        0      27        0      
    +--+----------------------------------------+------+---------+---------+
       Grand Total:                             5414   590       839    


LINKER GENERATED COPY TABLES

__TI_cinit_table @ 00000140 records: 2, size/record: 4, table size: 8
	.data: load addr=0000012c, load size=00000009 bytes, run addr=0000b668, run size=0000000b bytes, compression=lzss
	.bss: load addr=0000013c, load size=00000004 bytes, run addr=0000b520, run size=00000148 bytes, compression=zero_init


LINKER GENERATED HANDLER TABLE

__TI_handler_table @ 00000136 records: 3, size/record: 2, table size: 6
	index: 0, handler: __TI_zero_init
	index: 1, handler: __TI_decompress_lzss
	index: 2, handler: __TI_decompress_none


GLOBAL DATA SYMBOLS: SORTED BY DATA PAGE

address     data page           name
--------    ----------------    ----
00000400      10 (00000400)     __stack

0000b520     2d4 (0000b500)     I2CA_RXdata

0000b560     2d5 (0000b540)     I2CA_TXdata

0000b5a0     2d6 (0000b580)     I2CB_RXdata

0000b5e0     2d7 (0000b5c0)     I2CB_TXdata

0000b620     2d8 (0000b600)     AvailableI2C_slaves

0000b640     2d9 (0000b640)     I2CA_ControlAddr
0000b642     2d9 (0000b640)     I2CB_ControlAddr
0000b644     2d9 (0000b640)     I2CA
0000b656     2d9 (0000b640)     I2CB
0000b668     2d9 (0000b640)     __TI_enable_exit_profile_output
0000b66a     2d9 (0000b640)     __TI_cleanup_ptr
0000b66c     2d9 (0000b640)     __TI_dtors_ptr
0000b66e     2d9 (0000b640)     _lock
0000b670     2d9 (0000b640)     _unlock
0000b672     2d9 (0000b640)     status


GLOBAL SYMBOLS: SORTED ALPHABETICALLY BY Name 

page  address   name                                 
----  -------   ----                                 
0     0000b620  AvailableI2C_slaves                  
0     0000ae9c  C$$EXIT                              
0     0000a775  Device_enableAllPeripherals          
0     0000ad24  Device_init                          
0     0000b459  Device_initGPIO                      
0     0000ad8d  GPIO_setDirectionMode                
0     0000ab51  GPIO_setPadConfig                    
0     0000aced  GPIO_setPinConfig                    
0     0000acb5  GPIO_setQualificationMode            
0     0000b644  I2CA                                 
0     0000b640  I2CA_ControlAddr                     
0     0000b520  I2CA_RXdata                          
0     0000b560  I2CA_TXdata                          
0     0000b656  I2CB                                 
0     0000b642  I2CB_ControlAddr                     
0     0000b5a0  I2CB_RXdata                          
0     0000b5e0  I2CB_TXdata                          
0     0000a97f  I2CBusScan                           
0     0000aba3  I2C_GPIO_init                        
0     0000a911  I2C_MasterTransmitter                
0     0000aafe  I2C_TransmitSlaveAddress_ControlBytes
0     0000af5e  I2C_clearInterruptStatus             
0     0000adef  I2C_disableInterrupt                 
0     0000ae1b  I2C_enableInterrupt                  
0     0000af7f  I2C_getInterruptStatus               
0     0000a9e6  I2C_initMaster                       
0     0000a4b1  I2Cinit                              
0     0000ad59  Interrupt_enable                     
0     0000ac78  Interrupt_initModule                 
0     0000affe  Interrupt_initVectorTable            
0     00000128  SysCtl_delay                         
0     0000aa4a  SysCtl_getClock                      
0     0000b14d  SysCtl_getLowSpeedClock              
0     0000a3b3  SysCtl_isPLLValid                    
0     0000aaaa  SysCtl_selectOscSource               
0     0000ae46  SysCtl_selectXTAL                    
0     0000b167  SysCtl_selectXTALSingleEnded         
0     0000a15f  SysCtl_setClock                      
0     0000a292  Write_Read_TX_RX_FIFO                
0     00000140  __TI_CINIT_Base                      
0     00000148  __TI_CINIT_Limit                     
0     00000148  __TI_CINIT_Warm                      
0     00000136  __TI_Handler_Table_Base              
0     0000013c  __TI_Handler_Table_Limit             
0     00000600  __TI_STACK_END                       
abs   00000200  __TI_STACK_SIZE                      
0     0000ae71  __TI_auto_init_nobinit_nopinit       
0     0000b66a  __TI_cleanup_ptr                     
0     0000adbe  __TI_decompress_lzss                 
0     0000b4ee  __TI_decompress_none                 
0     0000b66c  __TI_dtors_ptr                       
0     0000b668  __TI_enable_exit_profile_output      
abs   ffffffff  __TI_pprof_out_hndl                  
abs   ffffffff  __TI_prof_data_size                  
abs   ffffffff  __TI_prof_data_start                 
0     0000b4ad  __TI_zero_init_nomemset              
0     0000a80f  __c28xabi_divf                       
n/a   UNDEFED   __c_args__                           
0     0000b50c  __error__                            
0     00000400  __stack                              
0     0000b4c6  _args_main                           
0     0000b211  _c_int00                             
0     0000b66e  _lock                                
0     0000b4e5  _nop                                 
0     0000b4e1  _register_lock                       
0     0000b4dd  _register_unlock                     
0     0000b51f  _system_post_cinit                   
0     0000b51d  _system_pre_init                     
0     0000b670  _unlock                              
0     0000ae9c  abort                                
0     0000b3c6  checkBusStatus                       
0     00000000  code_start                           
0     0000ae9e  exit                                 
0     0000a572  handleI2C_ErrorCondition             
0     0000a623  i2cAFIFOISR                          
0     0000abee  i2cAISR                              
0     0000a6cc  i2cBFIFOISR                          
0     0000ac33  i2cBISR                              
0     0000a000  main                                 
0     0000b073  memcpy                               
0     0000b672  status                               


GLOBAL SYMBOLS: SORTED BY Symbol Address 

page  address   name                                 
----  -------   ----                                 
0     00000000  code_start                           
0     00000128  SysCtl_delay                         
0     00000136  __TI_Handler_Table_Base              
0     0000013c  __TI_Handler_Table_Limit             
0     00000140  __TI_CINIT_Base                      
0     00000148  __TI_CINIT_Limit                     
0     00000148  __TI_CINIT_Warm                      
0     00000400  __stack                              
0     00000600  __TI_STACK_END                       
0     0000a000  main                                 
0     0000a15f  SysCtl_setClock                      
0     0000a292  Write_Read_TX_RX_FIFO                
0     0000a3b3  SysCtl_isPLLValid                    
0     0000a4b1  I2Cinit                              
0     0000a572  handleI2C_ErrorCondition             
0     0000a623  i2cAFIFOISR                          
0     0000a6cc  i2cBFIFOISR                          
0     0000a775  Device_enableAllPeripherals          
0     0000a80f  __c28xabi_divf                       
0     0000a911  I2C_MasterTransmitter                
0     0000a97f  I2CBusScan                           
0     0000a9e6  I2C_initMaster                       
0     0000aa4a  SysCtl_getClock                      
0     0000aaaa  SysCtl_selectOscSource               
0     0000aafe  I2C_TransmitSlaveAddress_ControlBytes
0     0000ab51  GPIO_setPadConfig                    
0     0000aba3  I2C_GPIO_init                        
0     0000abee  i2cAISR                              
0     0000ac33  i2cBISR                              
0     0000ac78  Interrupt_initModule                 
0     0000acb5  GPIO_setQualificationMode            
0     0000aced  GPIO_setPinConfig                    
0     0000ad24  Device_init                          
0     0000ad59  Interrupt_enable                     
0     0000ad8d  GPIO_setDirectionMode                
0     0000adbe  __TI_decompress_lzss                 
0     0000adef  I2C_disableInterrupt                 
0     0000ae1b  I2C_enableInterrupt                  
0     0000ae46  SysCtl_selectXTAL                    
0     0000ae71  __TI_auto_init_nobinit_nopinit       
0     0000ae9c  C$$EXIT                              
0     0000ae9c  abort                                
0     0000ae9e  exit                                 
0     0000af5e  I2C_clearInterruptStatus             
0     0000af7f  I2C_getInterruptStatus               
0     0000affe  Interrupt_initVectorTable            
0     0000b073  memcpy                               
0     0000b14d  SysCtl_getLowSpeedClock              
0     0000b167  SysCtl_selectXTALSingleEnded         
0     0000b211  _c_int00                             
0     0000b3c6  checkBusStatus                       
0     0000b459  Device_initGPIO                      
0     0000b4ad  __TI_zero_init_nomemset              
0     0000b4c6  _args_main                           
0     0000b4dd  _register_unlock                     
0     0000b4e1  _register_lock                       
0     0000b4e5  _nop                                 
0     0000b4ee  __TI_decompress_none                 
0     0000b50c  __error__                            
0     0000b51d  _system_pre_init                     
0     0000b51f  _system_post_cinit                   
0     0000b520  I2CA_RXdata                          
0     0000b560  I2CA_TXdata                          
0     0000b5a0  I2CB_RXdata                          
0     0000b5e0  I2CB_TXdata                          
0     0000b620  AvailableI2C_slaves                  
0     0000b640  I2CA_ControlAddr                     
0     0000b642  I2CB_ControlAddr                     
0     0000b644  I2CA                                 
0     0000b656  I2CB                                 
0     0000b668  __TI_enable_exit_profile_output      
0     0000b66a  __TI_cleanup_ptr                     
0     0000b66c  __TI_dtors_ptr                       
0     0000b66e  _lock                                
0     0000b670  _unlock                              
0     0000b672  status                               
abs   00000200  __TI_STACK_SIZE                      
abs   ffffffff  __TI_pprof_out_hndl                  
abs   ffffffff  __TI_prof_data_size                  
abs   ffffffff  __TI_prof_data_start                 
n/a   UNDEFED   __c_args__                           

[81 symbols]
