******************************************************************************
             TMS320C2000 Linker PC v21.6.0                     
******************************************************************************
>> Linked Mon Mar  7 12:15:16 2022

OUTPUT FILE NAME:   <i2c_ex5_master_slave_interrupt.out>
ENTRY POINT SYMBOL: "code_start"  address: 00000000


MEMORY CONFIGURATION

         name            origin    length      used     unused   attr    fill
----------------------  --------  ---------  --------  --------  ----  --------
  BEGIN                 00000000   00000002  00000002  00000000  RWIX
  BOOT_RSVD             00000002   00000126  00000000  00000126  RWIX
  RAMM0                 00000128   000002d8  00000020  000002b8  RWIX
  RAMM1                 00000400   000003f8  00000200  000001f8  RWIX
  RAMLS4567             0000a000   00002000  00001773  0000088d  RWIX
  RAMGS0                0000c000   000007f8  00000235  000005c3  RWIX
  FLASH_BANK0_SEC0      00080002   00000ffe  00000000  00000ffe  RWIX
  FLASH_BANK0_SEC1      00081000   00001000  00000000  00001000  RWIX
  FLASH_BANK0_SEC2      00082000   00001000  00000000  00001000  RWIX
  FLASH_BANK0_SEC3      00083000   00001000  00000000  00001000  RWIX
  FLASH_BANK0_SEC4      00084000   00001000  00000000  00001000  RWIX
  FLASH_BANK0_SEC5      00085000   00001000  00000000  00001000  RWIX
  FLASH_BANK0_SEC6      00086000   00001000  00000000  00001000  RWIX
  FLASH_BANK0_SEC7      00087000   00001000  00000000  00001000  RWIX
  FLASH_BANK0_SEC8      00088000   00001000  00000000  00001000  RWIX
  FLASH_BANK0_SEC9      00089000   00001000  00000000  00001000  RWIX
  FLASH_BANK0_SEC10     0008a000   00001000  00000000  00001000  RWIX
  FLASH_BANK0_SEC11     0008b000   00001000  00000000  00001000  RWIX
  FLASH_BANK0_SEC12     0008c000   00001000  00000000  00001000  RWIX
  FLASH_BANK0_SEC13     0008d000   00001000  00000000  00001000  RWIX
  FLASH_BANK0_SEC14     0008e000   00001000  00000000  00001000  RWIX
  FLASH_BANK0_SEC15     0008f000   00000ff8  00000000  00000ff8  RWIX
  BOOTROM               003f0000   00008000  00000000  00008000  RWIX
  BOOTROM_EXT           003f8000   00007fc0  00000000  00007fc0  RWIX
  RESET                 003fffc0   00000002  00000000  00000002  RWIX


SECTION ALLOCATION MAP

 output                                  attributes/
section   page    origin      length       input sections
--------  ----  ----------  ----------   ----------------
.TI.ramfunc 
*          0    00000128    00000004     
                  00000128    00000004     driverlib.lib : sysctl.obj (.TI.ramfunc)

.cinit     0    0000012c    0000001c     
                  0000012c    00000009     (.cinit..data.load) [load image, compression = lzss]
                  00000135    00000001     --HOLE-- [fill = 0]
                  00000136    00000006     (__TI_handler_table)
                  0000013c    00000004     (.cinit..bss.load) [load image, compression = zero_init]
                  00000140    00000008     (__TI_cinit_table)

.text      0    0000a000    00001626     
                  0000a000    00000219     i2c_ex5_master_slave_interrupt.obj (.text:main)
                  0000a219    00000133     driverlib.lib : sysctl.obj (.text:SysCtl_setClock)
                  0000a34c    00000121     i2cLib_FIFO_master_slave_interrupt.obj (.text:Write_Read_TX_RX_FIFO)
                  0000a46d    000000fe     driverlib.lib : sysctl.obj (.text:SysCtl_isPLLValid)
                  0000a56b    000000c1     i2c_ex5_master_slave_interrupt.obj (.text:I2Cinit)
                  0000a62c    000000b1     i2cLib_FIFO_master_slave_interrupt.obj (.text:handleI2C_ErrorCondition)
                  0000a6dd    000000a9     i2c_ex5_master_slave_interrupt.obj (.text:i2cAFIFOISR)
                  0000a786    000000a9     i2c_ex5_master_slave_interrupt.obj (.text:i2cBFIFOISR)
                  0000a82f    0000009a     device.obj (.text:Device_enableAllPeripherals)
                  0000a8c9    00000088     rts2800_fpu32_eabi.lib : fs_div28.asm.obj (.text)
                  0000a951    0000007a     driverlib.lib : sysctl.obj (.text:DCC_setCounterSeeds)
                  0000a9cb    0000006e     i2cLib_FIFO_master_slave_interrupt.obj (.text:I2C_MasterTransmitter)
                  0000aa39    00000067     i2cLib_FIFO_master_slave_interrupt.obj (.text:I2CBusScan)
                  0000aaa0    00000064     driverlib.lib : i2c.obj (.text:I2C_initMaster)
                  0000ab04    00000060                   : sysctl.obj (.text:SysCtl_getClock)
                  0000ab64    00000054                   : sysctl.obj (.text:SysCtl_selectOscSource)
                  0000abb8    00000053     i2cLib_FIFO_master_slave_interrupt.obj (.text:I2C_TransmitSlaveAddress_ControlBytes)
                  0000ac0b    00000052     driverlib.lib : gpio.obj (.text:GPIO_setPadConfig)
                  0000ac5d    0000004c     i2cLib_FIFO_master_slave_interrupt.obj (.text:I2C_MasterReceiver)
                  0000aca9    0000004b     i2c_ex5_master_slave_interrupt.obj (.text:I2C_GPIO_init)
                  0000acf4    00000045     i2c_ex5_master_slave_interrupt.obj (.text:i2cAISR)
                  0000ad39    00000045     i2c_ex5_master_slave_interrupt.obj (.text:i2cBISR)
                  0000ad7e    0000003d     driverlib.lib : interrupt.obj (.text:Interrupt_initModule)
                  0000adbb    00000038                   : gpio.obj (.text:GPIO_setQualificationMode)
                  0000adf3    00000037                   : gpio.obj (.text:GPIO_setPinConfig)
                  0000ae2a    00000035     device.obj (.text:Device_init)
                  0000ae5f    00000034     driverlib.lib : interrupt.obj (.text:Interrupt_enable)
                  0000ae93    00000031                   : gpio.obj (.text:GPIO_setDirectionMode)
                  0000aec4    00000031     rts2800_fpu32_eabi.lib : copy_decompress_lzss.c.obj (.text:decompress:lzss)
                  0000aef5    0000002c     driverlib.lib : i2c.obj (.text:I2C_disableInterrupt)
                  0000af21    0000002b                   : i2c.obj (.text:I2C_enableInterrupt)
                  0000af4c    0000002b                   : sysctl.obj (.text:SysCtl_selectXTAL)
                  0000af77    0000002b     rts2800_fpu32_eabi.lib : autoinit.c.obj (.text:__TI_auto_init_nobinit_nopinit)
                  0000afa2    00000029                            : exit.c.obj (.text)
                  0000afcb    00000027     i2cLib_FIFO_master_slave_interrupt.obj (.text:I2C_setFIFOInterruptLevel)
                  0000aff2    00000027     i2c_ex5_master_slave_interrupt.obj (.text:I2C_setFIFOInterruptLevel)
                  0000b019    00000026     driverlib.lib : sysctl.obj (.text:SysCtl_pollX1Counter)
                  0000b03f    00000025                   : sysctl.obj (.text:DCC_enableSingleShotMode)
                  0000b064    00000021                   : i2c.obj (.text:I2C_clearInterruptStatus)
                  0000b085    00000021                   : i2c.obj (.text:I2C_getInterruptStatus)
                  0000b0a6    00000020     i2cLib_FIFO_master_slave_interrupt.obj (.text:I2C_isBusBusy)
                  0000b0c6    0000001f     driverlib.lib : sysctl.obj (.text:DCC_setCounter0ClkSource)
                  0000b0e5    0000001f                   : sysctl.obj (.text:DCC_setCounter1ClkSource)
                  0000b104    0000001e                   : interrupt.obj (.text:Interrupt_initVectorTable)
                  0000b122    0000001d     i2c_ex5_master_slave_interrupt.obj (.text:I2C_setOwnSlaveAddress)
                  0000b13f    0000001d     i2cLib_FIFO_master_slave_interrupt.obj (.text:I2C_setSlaveAddress)
                  0000b15c    0000001d     i2c_ex5_master_slave_interrupt.obj (.text:I2C_setSlaveAddress)
                  0000b179    0000001d     rts2800_fpu32_eabi.lib : memcpy.c.obj (.text)
                  0000b196    0000001b     i2cLib_FIFO_master_slave_interrupt.obj (.text:I2C_getStopConditionStatus)
                  0000b1b1    0000001b     i2cLib_FIFO_master_slave_interrupt.obj (.text:I2C_setAddressMode)
                  0000b1cc    0000001b     i2c_ex5_master_slave_interrupt.obj (.text:I2C_setAddressMode)
                  0000b1e7    0000001b     i2c_ex5_master_slave_interrupt.obj (.text:I2C_setBitCount)
                  0000b202    0000001b     i2cLib_FIFO_master_slave_interrupt.obj (.text:I2C_setConfig)
                  0000b21d    0000001b     i2c_ex5_master_slave_interrupt.obj (.text:I2C_setConfig)
                  0000b238    0000001b     i2c_ex5_master_slave_interrupt.obj (.text:I2C_setEmulationMode)
                  0000b253    0000001a     driverlib.lib : sysctl.obj (.text:SysCtl_getLowSpeedClock)
                  0000b26d    0000001a                   : sysctl.obj (.text:SysCtl_selectXTALSingleEnded)
                  0000b287    00000019     i2cLib_FIFO_master_slave_interrupt.obj (.text:I2C_disableFIFO)
                  0000b2a0    00000019     i2cLib_FIFO_master_slave_interrupt.obj (.text:I2C_enableFIFO)
                  0000b2b9    00000019     i2c_ex5_master_slave_interrupt.obj (.text:I2C_enableFIFO)
                  0000b2d2    00000017     driverlib.lib : sysctl.obj (.text:DCC_disableDoneSignal)
                  0000b2e9    00000017     device.obj (.text:SysCtl_enablePeripheral)
                  0000b300    00000017     driverlib.lib : sysctl.obj (.text:SysCtl_enablePeripheral)
                  0000b317    00000017     rts2800_fpu32_eabi.lib : boot28.asm.obj (.text)
                  0000b32e    00000016     driverlib.lib : sysctl.obj (.text:DCC_clearDoneFlag)
                  0000b344    00000016                   : sysctl.obj (.text:DCC_clearErrorFlag)
                  0000b35a    00000016                   : sysctl.obj (.text:DCC_disableErrorSignal)
                  0000b370    00000016     i2cLib_FIFO_master_slave_interrupt.obj (.text:I2C_getRxFIFOStatus)
                  0000b386    00000015     driverlib.lib : sysctl.obj (.text:DCC_isBaseValid)
                  0000b39b    00000015     device.obj (.text:GPIO_unlockPortConfig)
                  0000b3b0    00000015     driverlib.lib : i2c.obj (.text:I2C_isBaseValid)
                  0000b3c5    00000015     i2cLib_FIFO_master_slave_interrupt.obj (.text:I2C_isBaseValid)
                  0000b3da    00000015     i2c_ex5_master_slave_interrupt.obj (.text:I2C_isBaseValid)
                  0000b3ef    00000015     i2cLib_FIFO_master_slave_interrupt.obj (.text:I2C_putData)
                  0000b404    00000014     driverlib.lib : sysctl.obj (.text:DCC_disableModule)
                  0000b418    00000014                   : sysctl.obj (.text:DCC_enableModule)
                  0000b42c    00000014                   : gpio.obj (.text:GPIO_isPinValid)
                  0000b440    00000014     i2c_ex5_master_slave_interrupt.obj (.text:I2C_disableLoopback)
                  0000b454    00000014     i2c_ex5_master_slave_interrupt.obj (.text:I2C_disableModule)
                  0000b468    00000014     i2c_ex5_master_slave_interrupt.obj (.text:I2C_enableModule)
                  0000b47c    00000014     i2cLib_FIFO_master_slave_interrupt.obj (.text:I2C_getInterruptSource)
                  0000b490    00000014     i2cLib_FIFO_master_slave_interrupt.obj (.text:I2C_sendStartCondition)
                  0000b4a4    00000014     i2cLib_FIFO_master_slave_interrupt.obj (.text:I2C_sendStopCondition)
                  0000b4b8    00000014     device.obj (.text:SysCtl_deviceCal)
                  0000b4cc    00000014     i2cLib_FIFO_master_slave_interrupt.obj (.text:checkBusStatus)
                  0000b4e0    00000013     i2cLib_FIFO_master_slave_interrupt.obj (.text:I2C_clearStatus)
                  0000b4f3    00000013     i2c_ex5_master_slave_interrupt.obj (.text:I2C_clearStatus)
                  0000b506    00000013     i2cLib_FIFO_master_slave_interrupt.obj (.text:I2C_setDataCount)
                  0000b519    00000013     i2c_ex5_master_slave_interrupt.obj (.text:I2C_setDataCount)
                  0000b52c    00000011     i2cLib_FIFO_master_slave_interrupt.obj (.text:I2C_getData)
                  0000b53d    00000011     i2cLib_FIFO_master_slave_interrupt.obj (.text:I2C_getStatus)
                  0000b54e    00000011     i2c_ex5_master_slave_interrupt.obj (.text:I2C_getStatus)
                  0000b55f    00000010     device.obj (.text:Device_initGPIO)
                  0000b56f    0000000f     i2c_ex5_master_slave_interrupt.obj (.text:Interrupt_register)
                  0000b57e    0000000e     driverlib.lib : interrupt.obj (.text:Interrupt_defaultHandler)
                  0000b58c    0000000d                   : interrupt.obj (.text:Interrupt_disableMaster)
                  0000b599    0000000d                   : interrupt.obj (.text:Interrupt_enableMaster)
                  0000b5a6    0000000d     device.obj (.text:SysCtl_setLowSpeedClock)
                  0000b5b3    0000000d     rts2800_fpu32_eabi.lib : copy_zero_init.c.obj (.text:decompress:ZI:__TI_zero_init_nomemset)
                  0000b5c0    0000000c     driverlib.lib : sysctl.obj (.text:SysCtl_setPLLSysClk)
                  0000b5cc    0000000c     rts2800_fpu32_eabi.lib : args_main.c.obj (.text)
                  0000b5d8    0000000b     driverlib.lib : sysctl.obj (.text:SysCtl_isMCDClockFailureDetected)
                  0000b5e3    00000009     rts2800_fpu32_eabi.lib : _lock.c.obj (.text)
                  0000b5ec    00000008     device.obj (.text:SysCtl_disableWatchdog)
                  0000b5f4    00000008     rts2800_fpu32_eabi.lib : copy_decompress_none.c.obj (.text:decompress:none)
                  0000b5fc    00000008     f28002x_codestartbranch.obj (.text)
                  0000b604    00000007     device.obj (.text:ASysCtl_lockVREG)
                  0000b60b    00000007     driverlib.lib : sysctl.obj (.text:SysCtl_resetMCD)
                  0000b612    00000007     device.obj (.text:__error__)
                  0000b619    00000006     i2c_ex5_master_slave_interrupt.obj (.text:Interrupt_clearACKGroup)
                  0000b61f    00000002     driverlib.lib : interrupt.obj (.text:Interrupt_illegalOperationHandler)
                  0000b621    00000002                   : interrupt.obj (.text:Interrupt_nmiHandler)
                  0000b623    00000002     rts2800_fpu32_eabi.lib : pre_init.c.obj (.text)
                  0000b625    00000001                            : startup.c.obj (.text)

.reset     0    003fffc0    00000000     DSECT

codestart 
*          0    00000000    00000002     
                  00000000    00000002     f28002x_codestartbranch.obj (codestart)

.stack     0    00000400    00000200     UNINITIALIZED
                  00000400    00000200     --HOLE--

.bss       0    0000b626    00000142     UNINITIALIZED
                  0000b626    00000040     i2c_ex5_master_slave_interrupt.obj (.bss:I2CA_RXdata)
                  0000b666    00000040     i2c_ex5_master_slave_interrupt.obj (.bss:I2CA_TXdata)
                  0000b6a6    00000040     i2c_ex5_master_slave_interrupt.obj (.bss:I2CB_RXdata)
                  0000b6e6    00000040     i2c_ex5_master_slave_interrupt.obj (.bss:I2CB_TXdata)
                  0000b726    00000014     i2c_ex5_master_slave_interrupt.obj (.bss:AvailableI2C_slaves)
                  0000b73a    00000006     --HOLE--
                  0000b740    00000028     i2c_ex5_master_slave_interrupt.obj (.bss)

.init_array 
*          0    00000128    00000000     UNINITIALIZED

.data      0    0000b768    0000000b     UNINITIALIZED
                  0000b768    00000006     rts2800_fpu32_eabi.lib : exit.c.obj (.data)
                  0000b76e    00000002                            : _lock.c.obj (.data:_lock)
                  0000b770    00000002                            : _lock.c.obj (.data:_unlock)
                  0000b772    00000001     i2c_ex5_master_slave_interrupt.obj (.data)

.const     0    0000c000    00000235     
                  0000c000    0000009a     driverlib.lib : sysctl.obj (.const:.string)
                  0000c09a    00000098                   : gpio.obj (.const:.string)
                  0000c132    00000066     i2cLib_FIFO_master_slave_interrupt.obj (.const:.string)
                  0000c198    0000004b     driverlib.lib : i2c.obj (.const:.string)
                  0000c1e3    00000001     --HOLE-- [fill = 0]
                  0000c1e4    0000003d     i2c_ex5_master_slave_interrupt.obj (.const:.string)
                  0000c221    00000001     --HOLE-- [fill = 0]
                  0000c222    00000013     device.obj (.const:.string)

MODULE SUMMARY

       Module                                   code   ro data   rw data
       ------                                   ----   -------   -------
    .\
       i2c_ex5_master_slave_interrupt.obj       1668   61        317    
       i2cLib_FIFO_master_slave_interrupt.obj   1285   102       0      
    +--+----------------------------------------+------+---------+---------+
       Total:                                   2953   163       317    
                                                                        
    .\device\
       device.obj                               322    19        0      
       f28002x_codestartbranch.obj              10     0         0      
    +--+----------------------------------------+------+---------+---------+
       Total:                                   332    19        0      
                                                                        
    C:/ti/C2000Ware_4_00_00_00/driverlib/f28002x/driverlib/ccs/Debug/driverlib.lib
       sysctl.obj                               1302   154       0      
       gpio.obj                                 262    152       0      
       i2c.obj                                  274    75        0      
       interrupt.obj                            187    0         0      
    +--+----------------------------------------+------+---------+---------+
       Total:                                   2025   381       0      
                                                                        
    C:\ti\ccs1110\ccs\tools\compiler\ti-cgt-c2000_21.6.0.LTS\lib\rts2800_fpu32_eabi.lib
       fs_div28.asm.obj                         136    0         0      
       copy_decompress_lzss.c.obj               49     0         0      
       exit.c.obj                               41     0         6      
       autoinit.c.obj                           43     0         0      
       memcpy.c.obj                             29     0         0      
       boot28.asm.obj                           23     0         0      
       _lock.c.obj                              9      0         4      
       copy_zero_init.c.obj                     13     0         0      
       args_main.c.obj                          12     0         0      
       copy_decompress_none.c.obj               8      0         0      
       pre_init.c.obj                           2      0         0      
       startup.c.obj                            1      0         0      
    +--+----------------------------------------+------+---------+---------+
       Total:                                   366    0         10     
                                                                        
       Stack:                                   0      0         512    
       Linker Generated:                        0      27        0      
    +--+----------------------------------------+------+---------+---------+
       Grand Total:                             5676   590       839    


LINKER GENERATED COPY TABLES

__TI_cinit_table @ 00000140 records: 2, size/record: 4, table size: 8
	.data: load addr=0000012c, load size=00000009 bytes, run addr=0000b768, run size=0000000b bytes, compression=lzss
	.bss: load addr=0000013c, load size=00000004 bytes, run addr=0000b626, run size=00000142 bytes, compression=zero_init


LINKER GENERATED HANDLER TABLE

__TI_handler_table @ 00000136 records: 3, size/record: 2, table size: 6
	index: 0, handler: __TI_zero_init
	index: 1, handler: __TI_decompress_lzss
	index: 2, handler: __TI_decompress_none


GLOBAL DATA SYMBOLS: SORTED BY DATA PAGE

address     data page           name
--------    ----------------    ----
00000400      10 (00000400)     __stack

0000b626     2d8 (0000b600)     I2CA_RXdata

0000b666     2d9 (0000b640)     I2CA_TXdata

0000b6a6     2da (0000b680)     I2CB_RXdata

0000b6e6     2db (0000b6c0)     I2CB_TXdata

0000b726     2dc (0000b700)     AvailableI2C_slaves

0000b740     2dd (0000b740)     I2CA_ControlAddr
0000b742     2dd (0000b740)     I2CB_ControlAddr
0000b744     2dd (0000b740)     I2CA
0000b756     2dd (0000b740)     I2CB
0000b768     2dd (0000b740)     __TI_enable_exit_profile_output
0000b76a     2dd (0000b740)     __TI_cleanup_ptr
0000b76c     2dd (0000b740)     __TI_dtors_ptr
0000b76e     2dd (0000b740)     _lock
0000b770     2dd (0000b740)     _unlock
0000b772     2dd (0000b740)     status


GLOBAL SYMBOLS: SORTED ALPHABETICALLY BY Name 

page  address   name                                 
----  -------   ----                                 
0     0000b726  AvailableI2C_slaves                  
0     0000afa2  C$$EXIT                              
0     0000a82f  Device_enableAllPeripherals          
0     0000ae2a  Device_init                          
0     0000b55f  Device_initGPIO                      
0     0000ae93  GPIO_setDirectionMode                
0     0000ac0b  GPIO_setPadConfig                    
0     0000adf3  GPIO_setPinConfig                    
0     0000adbb  GPIO_setQualificationMode            
0     0000b744  I2CA                                 
0     0000b740  I2CA_ControlAddr                     
0     0000b626  I2CA_RXdata                          
0     0000b666  I2CA_TXdata                          
0     0000b756  I2CB                                 
0     0000b742  I2CB_ControlAddr                     
0     0000b6a6  I2CB_RXdata                          
0     0000b6e6  I2CB_TXdata                          
0     0000aa39  I2CBusScan                           
0     0000aca9  I2C_GPIO_init                        
0     0000ac5d  I2C_MasterReceiver                   
0     0000a9cb  I2C_MasterTransmitter                
0     0000abb8  I2C_TransmitSlaveAddress_ControlBytes
0     0000b064  I2C_clearInterruptStatus             
0     0000aef5  I2C_disableInterrupt                 
0     0000af21  I2C_enableInterrupt                  
0     0000b085  I2C_getInterruptStatus               
0     0000aaa0  I2C_initMaster                       
0     0000a56b  I2Cinit                              
0     0000ae5f  Interrupt_enable                     
0     0000ad7e  Interrupt_initModule                 
0     0000b104  Interrupt_initVectorTable            
0     00000128  SysCtl_delay                         
0     0000ab04  SysCtl_getClock                      
0     0000b253  SysCtl_getLowSpeedClock              
0     0000a46d  SysCtl_isPLLValid                    
0     0000ab64  SysCtl_selectOscSource               
0     0000af4c  SysCtl_selectXTAL                    
0     0000b26d  SysCtl_selectXTALSingleEnded         
0     0000a219  SysCtl_setClock                      
0     0000a34c  Write_Read_TX_RX_FIFO                
0     00000140  __TI_CINIT_Base                      
0     00000148  __TI_CINIT_Limit                     
0     00000148  __TI_CINIT_Warm                      
0     00000136  __TI_Handler_Table_Base              
0     0000013c  __TI_Handler_Table_Limit             
0     00000600  __TI_STACK_END                       
abs   00000200  __TI_STACK_SIZE                      
0     0000af77  __TI_auto_init_nobinit_nopinit       
0     0000b76a  __TI_cleanup_ptr                     
0     0000aec4  __TI_decompress_lzss                 
0     0000b5f4  __TI_decompress_none                 
0     0000b76c  __TI_dtors_ptr                       
0     0000b768  __TI_enable_exit_profile_output      
abs   ffffffff  __TI_pprof_out_hndl                  
abs   ffffffff  __TI_prof_data_size                  
abs   ffffffff  __TI_prof_data_start                 
0     0000b5b3  __TI_zero_init_nomemset              
0     0000a8c9  __c28xabi_divf                       
n/a   UNDEFED   __c_args__                           
0     0000b612  __error__                            
0     00000400  __stack                              
0     0000b5cc  _args_main                           
0     0000b317  _c_int00                             
0     0000b76e  _lock                                
0     0000b5eb  _nop                                 
0     0000b5e7  _register_lock                       
0     0000b5e3  _register_unlock                     
0     0000b625  _system_post_cinit                   
0     0000b623  _system_pre_init                     
0     0000b770  _unlock                              
0     0000afa2  abort                                
0     0000b4cc  checkBusStatus                       
0     00000000  code_start                           
0     0000afa4  exit                                 
0     0000a62c  handleI2C_ErrorCondition             
0     0000a6dd  i2cAFIFOISR                          
0     0000acf4  i2cAISR                              
0     0000a786  i2cBFIFOISR                          
0     0000ad39  i2cBISR                              
0     0000a000  main                                 
0     0000b179  memcpy                               
0     0000b772  status                               


GLOBAL SYMBOLS: SORTED BY Symbol Address 

page  address   name                                 
----  -------   ----                                 
0     00000000  code_start                           
0     00000128  SysCtl_delay                         
0     00000136  __TI_Handler_Table_Base              
0     0000013c  __TI_Handler_Table_Limit             
0     00000140  __TI_CINIT_Base                      
0     00000148  __TI_CINIT_Limit                     
0     00000148  __TI_CINIT_Warm                      
0     00000400  __stack                              
0     00000600  __TI_STACK_END                       
0     0000a000  main                                 
0     0000a219  SysCtl_setClock                      
0     0000a34c  Write_Read_TX_RX_FIFO                
0     0000a46d  SysCtl_isPLLValid                    
0     0000a56b  I2Cinit                              
0     0000a62c  handleI2C_ErrorCondition             
0     0000a6dd  i2cAFIFOISR                          
0     0000a786  i2cBFIFOISR                          
0     0000a82f  Device_enableAllPeripherals          
0     0000a8c9  __c28xabi_divf                       
0     0000a9cb  I2C_MasterTransmitter                
0     0000aa39  I2CBusScan                           
0     0000aaa0  I2C_initMaster                       
0     0000ab04  SysCtl_getClock                      
0     0000ab64  SysCtl_selectOscSource               
0     0000abb8  I2C_TransmitSlaveAddress_ControlBytes
0     0000ac0b  GPIO_setPadConfig                    
0     0000ac5d  I2C_MasterReceiver                   
0     0000aca9  I2C_GPIO_init                        
0     0000acf4  i2cAISR                              
0     0000ad39  i2cBISR                              
0     0000ad7e  Interrupt_initModule                 
0     0000adbb  GPIO_setQualificationMode            
0     0000adf3  GPIO_setPinConfig                    
0     0000ae2a  Device_init                          
0     0000ae5f  Interrupt_enable                     
0     0000ae93  GPIO_setDirectionMode                
0     0000aec4  __TI_decompress_lzss                 
0     0000aef5  I2C_disableInterrupt                 
0     0000af21  I2C_enableInterrupt                  
0     0000af4c  SysCtl_selectXTAL                    
0     0000af77  __TI_auto_init_nobinit_nopinit       
0     0000afa2  C$$EXIT                              
0     0000afa2  abort                                
0     0000afa4  exit                                 
0     0000b064  I2C_clearInterruptStatus             
0     0000b085  I2C_getInterruptStatus               
0     0000b104  Interrupt_initVectorTable            
0     0000b179  memcpy                               
0     0000b253  SysCtl_getLowSpeedClock              
0     0000b26d  SysCtl_selectXTALSingleEnded         
0     0000b317  _c_int00                             
0     0000b4cc  checkBusStatus                       
0     0000b55f  Device_initGPIO                      
0     0000b5b3  __TI_zero_init_nomemset              
0     0000b5cc  _args_main                           
0     0000b5e3  _register_unlock                     
0     0000b5e7  _register_lock                       
0     0000b5eb  _nop                                 
0     0000b5f4  __TI_decompress_none                 
0     0000b612  __error__                            
0     0000b623  _system_pre_init                     
0     0000b625  _system_post_cinit                   
0     0000b626  I2CA_RXdata                          
0     0000b666  I2CA_TXdata                          
0     0000b6a6  I2CB_RXdata                          
0     0000b6e6  I2CB_TXdata                          
0     0000b726  AvailableI2C_slaves                  
0     0000b740  I2CA_ControlAddr                     
0     0000b742  I2CB_ControlAddr                     
0     0000b744  I2CA                                 
0     0000b756  I2CB                                 
0     0000b768  __TI_enable_exit_profile_output      
0     0000b76a  __TI_cleanup_ptr                     
0     0000b76c  __TI_dtors_ptr                       
0     0000b76e  _lock                                
0     0000b770  _unlock                              
0     0000b772  status                               
abs   00000200  __TI_STACK_SIZE                      
abs   ffffffff  __TI_pprof_out_hndl                  
abs   ffffffff  __TI_prof_data_size                  
abs   ffffffff  __TI_prof_data_start                 
n/a   UNDEFED   __c_args__                           

[82 symbols]
