******************************************************************************
             TMS320C2000 Linker PC v21.6.0                     
******************************************************************************
>> Linked Mon Mar 21 15:43:01 2022

OUTPUT FILE NAME:   <i2c_ex1_loopback.out>
ENTRY POINT SYMBOL: "code_start"  address: 00000000


MEMORY CONFIGURATION

         name            origin    length      used     unused   attr    fill
----------------------  --------  ---------  --------  --------  ----  --------
  BEGIN                 00000000   00000002  00000002  00000000  RWIX
  BOOT_RSVD             00000002   00000126  00000000  00000126  RWIX
  RAMM0                 00000128   000002d8  00000020  000002b8  RWIX
  RAMM1                 00000400   000003f8  00000200  000001f8  RWIX
  RAMLS4567             0000a000   00002000  00000d76  0000128a  RWIX
  RAMGS0                0000c000   000007f8  0000020d  000005eb  RWIX
  FLASH_BANK0_SEC0      00080002   00000ffe  00000000  00000ffe  RWIX
  FLASH_BANK0_SEC1      00081000   00001000  00000000  00001000  RWIX
  FLASH_BANK0_SEC2      00082000   00001000  00000000  00001000  RWIX
  FLASH_BANK0_SEC3      00083000   00001000  00000000  00001000  RWIX
  FLASH_BANK0_SEC4      00084000   00001000  00000000  00001000  RWIX
  FLASH_BANK0_SEC5      00085000   00001000  00000000  00001000  RWIX
  FLASH_BANK0_SEC6      00086000   00001000  00000000  00001000  RWIX
  FLASH_BANK0_SEC7      00087000   00001000  00000000  00001000  RWIX
  FLASH_BANK0_SEC8      00088000   00001000  00000000  00001000  RWIX
  FLASH_BANK0_SEC9      00089000   00001000  00000000  00001000  RWIX
  FLASH_BANK0_SEC10     0008a000   00001000  00000000  00001000  RWIX
  FLASH_BANK0_SEC11     0008b000   00001000  00000000  00001000  RWIX
  FLASH_BANK0_SEC12     0008c000   00001000  00000000  00001000  RWIX
  FLASH_BANK0_SEC13     0008d000   00001000  00000000  00001000  RWIX
  FLASH_BANK0_SEC14     0008e000   00001000  00000000  00001000  RWIX
  FLASH_BANK0_SEC15     0008f000   00000ff8  00000000  00000ff8  RWIX
  BOOTROM               003f0000   00008000  00000000  00008000  RWIX
  BOOTROM_EXT           003f8000   00007fc0  00000000  00007fc0  RWIX
  RESET                 003fffc0   00000002  00000000  00000002  RWIX


SECTION ALLOCATION MAP

 output                                  attributes/
section   page    origin      length       input sections
--------  ----  ----------  ----------   ----------------
.TI.ramfunc 
*          0    00000128    00000004     
                  00000128    00000004     driverlib.lib : sysctl.obj (.TI.ramfunc)

.cinit     0    0000012c    0000001c     
                  0000012c    00000009     (.cinit..data.load) [load image, compression = lzss]
                  00000135    00000001     --HOLE-- [fill = 0]
                  00000136    00000006     (__TI_handler_table)
                  0000013c    00000004     (.cinit..bss.load) [load image, compression = zero_init]
                  00000140    00000008     (__TI_cinit_table)

.text      0    0000a000    00000d67     
                  0000a000    00000133     driverlib.lib : sysctl.obj (.text:SysCtl_setClock)
                  0000a133    000000fe                   : sysctl.obj (.text:SysCtl_isPLLValid)
                  0000a231    000000a0     i2c_ex1_loopback.obj (.text:i2cFIFOISR)
                  0000a2d1    0000009a     device.obj (.text:Device_enableAllPeripherals)
                  0000a36b    00000088     rts2800_fpu32_eabi.lib : fs_div28.asm.obj (.text)
                  0000a3f3    0000007a     driverlib.lib : sysctl.obj (.text:DCC_setCounterSeeds)
                  0000a46d    00000067     board.obj (.text:I2C_init)
                  0000a4d4    00000064     driverlib.lib : i2c.obj (.text:I2C_initMaster)
                  0000a538    00000060                   : sysctl.obj (.text:SysCtl_getClock)
                  0000a598    00000054                   : sysctl.obj (.text:SysCtl_selectOscSource)
                  0000a5ec    00000052                   : gpio.obj (.text:GPIO_setPadConfig)
                  0000a63e    0000003d                   : interrupt.obj (.text:Interrupt_initModule)
                  0000a67b    00000038                   : gpio.obj (.text:GPIO_setQualificationMode)
                  0000a6b3    00000037                   : gpio.obj (.text:GPIO_setPinConfig)
                  0000a6ea    00000035     device.obj (.text:Device_init)
                  0000a71f    00000034     driverlib.lib : interrupt.obj (.text:Interrupt_enable)
                  0000a753    00000031     rts2800_fpu32_eabi.lib : copy_decompress_lzss.c.obj (.text:decompress:lzss)
                  0000a784    00000030     i2c_ex1_loopback.obj (.text:main)
                  0000a7b4    0000002b     driverlib.lib : i2c.obj (.text:I2C_enableInterrupt)
                  0000a7df    0000002b                   : sysctl.obj (.text:SysCtl_selectXTAL)
                  0000a80a    0000002b     rts2800_fpu32_eabi.lib : autoinit.c.obj (.text:__TI_auto_init_nobinit_nopinit)
                  0000a835    00000029                            : exit.c.obj (.text)
                  0000a85e    00000027     board.obj (.text:I2C_setFIFOInterruptLevel)
                  0000a885    00000026     driverlib.lib : sysctl.obj (.text:SysCtl_pollX1Counter)
                  0000a8ab    00000025                   : sysctl.obj (.text:DCC_enableSingleShotMode)
                  0000a8d0    00000021                   : i2c.obj (.text:I2C_clearInterruptStatus)
                  0000a8f1    00000021                   : i2c.obj (.text:I2C_getInterruptStatus)
                  0000a912    0000001f                   : sysctl.obj (.text:DCC_setCounter0ClkSource)
                  0000a931    0000001f                   : sysctl.obj (.text:DCC_setCounter1ClkSource)
                  0000a950    0000001e                   : interrupt.obj (.text:Interrupt_initVectorTable)
                  0000a96e    0000001e     board.obj (.text:PinMux_init)
                  0000a98c    0000001d     board.obj (.text:I2C_setOwnSlaveAddress)
                  0000a9a9    0000001d     i2c_ex1_loopback.obj (.text:I2C_setOwnSlaveAddress)
                  0000a9c6    0000001d     board.obj (.text:I2C_setSlaveAddress)
                  0000a9e3    0000001d     rts2800_fpu32_eabi.lib : memcpy.c.obj (.text)
                  0000aa00    0000001b     board.obj (.text:I2C_setAddressMode)
                  0000aa1b    0000001b     board.obj (.text:I2C_setBitCount)
                  0000aa36    0000001b     board.obj (.text:I2C_setConfig)
                  0000aa51    0000001b     board.obj (.text:I2C_setEmulationMode)
                  0000aa6c    0000001a     driverlib.lib : sysctl.obj (.text:SysCtl_getLowSpeedClock)
                  0000aa86    0000001a                   : sysctl.obj (.text:SysCtl_selectXTALSingleEnded)
                  0000aaa0    00000019     board.obj (.text:I2C_enableFIFO)
                  0000aab9    00000017     driverlib.lib : sysctl.obj (.text:DCC_disableDoneSignal)
                  0000aad0    00000017     device.obj (.text:SysCtl_enablePeripheral)
                  0000aae7    00000017     driverlib.lib : sysctl.obj (.text:SysCtl_enablePeripheral)
                  0000aafe    00000017     rts2800_fpu32_eabi.lib : boot28.asm.obj (.text)
                  0000ab15    00000016     driverlib.lib : sysctl.obj (.text:DCC_clearDoneFlag)
                  0000ab2b    00000016                   : sysctl.obj (.text:DCC_clearErrorFlag)
                  0000ab41    00000016                   : sysctl.obj (.text:DCC_disableErrorSignal)
                  0000ab57    00000015                   : sysctl.obj (.text:DCC_isBaseValid)
                  0000ab6c    00000015     device.obj (.text:GPIO_unlockPortConfig)
                  0000ab81    00000015     board.obj (.text:I2C_isBaseValid)
                  0000ab96    00000015     driverlib.lib : i2c.obj (.text:I2C_isBaseValid)
                  0000abab    00000015     i2c_ex1_loopback.obj (.text:I2C_isBaseValid)
                  0000abc0    00000015     i2c_ex1_loopback.obj (.text:I2C_putData)
                  0000abd5    00000014     driverlib.lib : sysctl.obj (.text:DCC_disableModule)
                  0000abe9    00000014                   : sysctl.obj (.text:DCC_enableModule)
                  0000abfd    00000014                   : gpio.obj (.text:GPIO_isPinValid)
                  0000ac11    00000014     board.obj (.text:I2C_disableModule)
                  0000ac25    00000014     board.obj (.text:I2C_enableLoopback)
                  0000ac39    00000014     board.obj (.text:I2C_enableModule)
                  0000ac4d    00000014     i2c_ex1_loopback.obj (.text:I2C_sendStartCondition)
                  0000ac61    00000014     device.obj (.text:SysCtl_deviceCal)
                  0000ac75    00000013     board.obj (.text:I2C_setDataCount)
                  0000ac88    00000011     i2c_ex1_loopback.obj (.text:I2C_getData)
                  0000ac99    00000010     device.obj (.text:Device_initGPIO)
                  0000aca9    0000000f     i2c_ex1_loopback.obj (.text:Interrupt_register)
                  0000acb8    0000000e     driverlib.lib : interrupt.obj (.text:Interrupt_defaultHandler)
                  0000acc6    0000000d                   : interrupt.obj (.text:Interrupt_disableMaster)
                  0000acd3    0000000d                   : interrupt.obj (.text:Interrupt_enableMaster)
                  0000ace0    0000000d     device.obj (.text:SysCtl_setLowSpeedClock)
                  0000aced    0000000d     rts2800_fpu32_eabi.lib : copy_zero_init.c.obj (.text:decompress:ZI:__TI_zero_init_nomemset)
                  0000acfa    0000000c     driverlib.lib : sysctl.obj (.text:SysCtl_setPLLSysClk)
                  0000ad06    0000000c     rts2800_fpu32_eabi.lib : args_main.c.obj (.text)
                  0000ad12    0000000b     driverlib.lib : sysctl.obj (.text:SysCtl_isMCDClockFailureDetected)
                  0000ad1d    00000009     rts2800_fpu32_eabi.lib : _lock.c.obj (.text)
                  0000ad26    00000008     device.obj (.text:SysCtl_disableWatchdog)
                  0000ad2e    00000008     rts2800_fpu32_eabi.lib : copy_decompress_none.c.obj (.text:decompress:none)
                  0000ad36    00000008     f28002x_codestartbranch.obj (.text)
                  0000ad3e    00000007     device.obj (.text:ASysCtl_lockVREG)
                  0000ad45    00000007     board.obj (.text:Board_init)
                  0000ad4c    00000007     driverlib.lib : sysctl.obj (.text:SysCtl_resetMCD)
                  0000ad53    00000007     device.obj (.text:__error__)
                  0000ad5a    00000006     i2c_ex1_loopback.obj (.text:Interrupt_clearACKGroup)
                  0000ad60    00000002     driverlib.lib : interrupt.obj (.text:Interrupt_illegalOperationHandler)
                  0000ad62    00000002                   : interrupt.obj (.text:Interrupt_nmiHandler)
                  0000ad64    00000002     rts2800_fpu32_eabi.lib : pre_init.c.obj (.text)
                  0000ad66    00000001                            : startup.c.obj (.text)

.reset     0    003fffc0    00000000     DSECT

codestart 
*          0    00000000    00000002     
                  00000000    00000002     f28002x_codestartbranch.obj (codestart)

.stack     0    00000400    00000200     UNINITIALIZED
                  00000400    00000200     --HOLE--

.bss       0    0000ad67    00000004     UNINITIALIZED
                  0000ad67    00000002     i2c_ex1_loopback.obj (.bss:rData)
                  0000ad69    00000002     i2c_ex1_loopback.obj (.bss:sData)

.init_array 
*          0    00000128    00000000     UNINITIALIZED

.data      0    0000ad6c    0000000b     UNINITIALIZED
                  0000ad6c    00000006     rts2800_fpu32_eabi.lib : exit.c.obj (.data)
                  0000ad72    00000002                            : _lock.c.obj (.data:_lock)
                  0000ad74    00000002                            : _lock.c.obj (.data:_unlock)
                  0000ad76    00000001     i2c_ex1_loopback.obj (.data)

.const     0    0000c000    0000020d     
                  0000c000    0000009a     driverlib.lib : sysctl.obj (.const:.string)
                  0000c09a    00000098                   : gpio.obj (.const:.string)
                  0000c132    0000004b                   : i2c.obj (.const:.string)
                  0000c17d    00000001     --HOLE-- [fill = 0]
                  0000c17e    0000003d     board.obj (.const:.string)
                  0000c1bb    00000001     --HOLE-- [fill = 0]
                  0000c1bc    0000003d     i2c_ex1_loopback.obj (.const:.string)
                  0000c1f9    00000001     --HOLE-- [fill = 0]
                  0000c1fa    00000013     device.obj (.const:.string)

MODULE SUMMARY

       Module                        code   ro data   rw data
       ------                        ----   -------   -------
    .\
       i2c_ex1_loopback.obj          337    61        5      
    +--+-----------------------------+------+---------+---------+
       Total:                        337    61        5      
                                                             
    .\device\
       device.obj                    322    19        0      
       f28002x_codestartbranch.obj   10     0         0      
    +--+-----------------------------+------+---------+---------+
       Total:                        332    19        0      
                                                             
    .\syscfg\
       board.obj                     470    61        0      
    +--+-----------------------------+------+---------+---------+
       Total:                        470    61        0      
                                                             
    C:/ti/C2000Ware_4_00_00_00/driverlib/f28002x/driverlib/ccs/Debug/driverlib.lib
       sysctl.obj                    1302   154       0      
       gpio.obj                      213    152       0      
       i2c.obj                       230    75        0      
       interrupt.obj                 187    0         0      
    +--+-----------------------------+------+---------+---------+
       Total:                        1932   381       0      
                                                             
    C:\ti\ccs1110\ccs\tools\compiler\ti-cgt-c2000_21.6.0.LTS\lib\rts2800_fpu32_eabi.lib
       fs_div28.asm.obj              136    0         0      
       copy_decompress_lzss.c.obj    49     0         0      
       exit.c.obj                    41     0         6      
       autoinit.c.obj                43     0         0      
       memcpy.c.obj                  29     0         0      
       boot28.asm.obj                23     0         0      
       _lock.c.obj                   9      0         4      
       copy_zero_init.c.obj          13     0         0      
       args_main.c.obj               12     0         0      
       copy_decompress_none.c.obj    8      0         0      
       pre_init.c.obj                2      0         0      
       startup.c.obj                 1      0         0      
    +--+-----------------------------+------+---------+---------+
       Total:                        366    0         10     
                                                             
       Stack:                        0      0         512    
       Linker Generated:             0      27        0      
    +--+-----------------------------+------+---------+---------+
       Grand Total:                  3437   549       527    


LINKER GENERATED COPY TABLES

__TI_cinit_table @ 00000140 records: 2, size/record: 4, table size: 8
	.data: load addr=0000012c, load size=00000009 bytes, run addr=0000ad6c, run size=0000000b bytes, compression=lzss
	.bss: load addr=0000013c, load size=00000004 bytes, run addr=0000ad67, run size=00000004 bytes, compression=zero_init


LINKER GENERATED HANDLER TABLE

__TI_handler_table @ 00000136 records: 3, size/record: 2, table size: 6
	index: 0, handler: __TI_zero_init
	index: 1, handler: __TI_decompress_lzss
	index: 2, handler: __TI_decompress_none


GLOBAL DATA SYMBOLS: SORTED BY DATA PAGE

address     data page           name
--------    ----------------    ----
00000400      10 (00000400)     __stack

0000ad67     2b5 (0000ad40)     rData
0000ad69     2b5 (0000ad40)     sData
0000ad6c     2b5 (0000ad40)     __TI_enable_exit_profile_output
0000ad6e     2b5 (0000ad40)     __TI_cleanup_ptr
0000ad70     2b5 (0000ad40)     __TI_dtors_ptr
0000ad72     2b5 (0000ad40)     _lock
0000ad74     2b5 (0000ad40)     _unlock
0000ad76     2b5 (0000ad40)     rDataPoint


GLOBAL SYMBOLS: SORTED ALPHABETICALLY BY Name 

page  address   name                           
----  -------   ----                           
0     0000ad45  Board_init                     
0     0000a835  C$$EXIT                        
0     0000a2d1  Device_enableAllPeripherals    
0     0000a6ea  Device_init                    
0     0000ac99  Device_initGPIO                
0     0000a5ec  GPIO_setPadConfig              
0     0000a6b3  GPIO_setPinConfig              
0     0000a67b  GPIO_setQualificationMode      
0     0000a8d0  I2C_clearInterruptStatus       
0     0000a7b4  I2C_enableInterrupt            
0     0000a8f1  I2C_getInterruptStatus         
0     0000a46d  I2C_init                       
0     0000a4d4  I2C_initMaster                 
0     0000a71f  Interrupt_enable               
0     0000a63e  Interrupt_initModule           
0     0000a950  Interrupt_initVectorTable      
0     0000a96e  PinMux_init                    
0     00000128  SysCtl_delay                   
0     0000a538  SysCtl_getClock                
0     0000aa6c  SysCtl_getLowSpeedClock        
0     0000a133  SysCtl_isPLLValid              
0     0000a598  SysCtl_selectOscSource         
0     0000a7df  SysCtl_selectXTAL              
0     0000aa86  SysCtl_selectXTALSingleEnded   
0     0000a000  SysCtl_setClock                
0     00000140  __TI_CINIT_Base                
0     00000148  __TI_CINIT_Limit               
0     00000148  __TI_CINIT_Warm                
0     00000136  __TI_Handler_Table_Base        
0     0000013c  __TI_Handler_Table_Limit       
0     00000600  __TI_STACK_END                 
abs   00000200  __TI_STACK_SIZE                
0     0000a80a  __TI_auto_init_nobinit_nopinit 
0     0000ad6e  __TI_cleanup_ptr               
0     0000a753  __TI_decompress_lzss           
0     0000ad2e  __TI_decompress_none           
0     0000ad70  __TI_dtors_ptr                 
0     0000ad6c  __TI_enable_exit_profile_output
abs   ffffffff  __TI_pprof_out_hndl            
abs   ffffffff  __TI_prof_data_size            
abs   ffffffff  __TI_prof_data_start           
0     0000aced  __TI_zero_init_nomemset        
0     0000a36b  __c28xabi_divf                 
n/a   UNDEFED   __c_args__                     
0     0000ad53  __error__                      
0     00000400  __stack                        
0     0000ad06  _args_main                     
0     0000aafe  _c_int00                       
0     0000ad72  _lock                          
0     0000ad25  _nop                           
0     0000ad21  _register_lock                 
0     0000ad1d  _register_unlock               
0     0000ad66  _system_post_cinit             
0     0000ad64  _system_pre_init               
0     0000ad74  _unlock                        
0     0000a835  abort                          
0     00000000  code_start                     
0     0000a837  exit                           
0     0000a231  i2cFIFOISR                     
0     0000a784  main                           
0     0000a9e3  memcpy                         
0     0000ad67  rData                          
0     0000ad76  rDataPoint                     
0     0000ad69  sData                          


GLOBAL SYMBOLS: SORTED BY Symbol Address 

page  address   name                           
----  -------   ----                           
0     00000000  code_start                     
0     00000128  SysCtl_delay                   
0     00000136  __TI_Handler_Table_Base        
0     0000013c  __TI_Handler_Table_Limit       
0     00000140  __TI_CINIT_Base                
0     00000148  __TI_CINIT_Limit               
0     00000148  __TI_CINIT_Warm                
0     00000400  __stack                        
0     00000600  __TI_STACK_END                 
0     0000a000  SysCtl_setClock                
0     0000a133  SysCtl_isPLLValid              
0     0000a231  i2cFIFOISR                     
0     0000a2d1  Device_enableAllPeripherals    
0     0000a36b  __c28xabi_divf                 
0     0000a46d  I2C_init                       
0     0000a4d4  I2C_initMaster                 
0     0000a538  SysCtl_getClock                
0     0000a598  SysCtl_selectOscSource         
0     0000a5ec  GPIO_setPadConfig              
0     0000a63e  Interrupt_initModule           
0     0000a67b  GPIO_setQualificationMode      
0     0000a6b3  GPIO_setPinConfig              
0     0000a6ea  Device_init                    
0     0000a71f  Interrupt_enable               
0     0000a753  __TI_decompress_lzss           
0     0000a784  main                           
0     0000a7b4  I2C_enableInterrupt            
0     0000a7df  SysCtl_selectXTAL              
0     0000a80a  __TI_auto_init_nobinit_nopinit 
0     0000a835  C$$EXIT                        
0     0000a835  abort                          
0     0000a837  exit                           
0     0000a8d0  I2C_clearInterruptStatus       
0     0000a8f1  I2C_getInterruptStatus         
0     0000a950  Interrupt_initVectorTable      
0     0000a96e  PinMux_init                    
0     0000a9e3  memcpy                         
0     0000aa6c  SysCtl_getLowSpeedClock        
0     0000aa86  SysCtl_selectXTALSingleEnded   
0     0000aafe  _c_int00                       
0     0000ac99  Device_initGPIO                
0     0000aced  __TI_zero_init_nomemset        
0     0000ad06  _args_main                     
0     0000ad1d  _register_unlock               
0     0000ad21  _register_lock                 
0     0000ad25  _nop                           
0     0000ad2e  __TI_decompress_none           
0     0000ad45  Board_init                     
0     0000ad53  __error__                      
0     0000ad64  _system_pre_init               
0     0000ad66  _system_post_cinit             
0     0000ad67  rData                          
0     0000ad69  sData                          
0     0000ad6c  __TI_enable_exit_profile_output
0     0000ad6e  __TI_cleanup_ptr               
0     0000ad70  __TI_dtors_ptr                 
0     0000ad72  _lock                          
0     0000ad74  _unlock                        
0     0000ad76  rDataPoint                     
abs   00000200  __TI_STACK_SIZE                
abs   ffffffff  __TI_pprof_out_hndl            
abs   ffffffff  __TI_prof_data_size            
abs   ffffffff  __TI_prof_data_start           
n/a   UNDEFED   __c_args__                     

[64 symbols]
