******************************************************************************
             TMS320C2000 Linker PC v21.6.0                     
******************************************************************************
>> Linked Mon Mar 21 15:42:39 2022

OUTPUT FILE NAME:   <Blink.out>
ENTRY POINT SYMBOL: "code_start"  address: 00000000


MEMORY CONFIGURATION

         name            origin    length      used     unused   attr    fill
----------------------  --------  ---------  --------  --------  ----  --------
  BEGIN                 00000000   00000002  00000002  00000000  RWIX
  BOOT_RSVD             00000002   00000126  00000000  00000126  RWIX
  RAMM0                 00000128   000002d8  00000014  000002c4  RWIX
  RAMM1                 00000400   000003f8  00000200  000001f8  RWIX
  RAMLS4567             0000a000   00002000  0000095b  000016a5  RWIX
  RAMGS0                0000c000   000007f8  00000183  00000675  RWIX
  FLASH_BANK0_SEC0      00080002   00000ffe  00000000  00000ffe  RWIX
  FLASH_BANK0_SEC1      00081000   00001000  00000000  00001000  RWIX
  FLASH_BANK0_SEC2      00082000   00001000  00000000  00001000  RWIX
  FLASH_BANK0_SEC3      00083000   00001000  00000000  00001000  RWIX
  FLASH_BANK0_SEC4      00084000   00001000  00000000  00001000  RWIX
  FLASH_BANK0_SEC5      00085000   00001000  00000000  00001000  RWIX
  FLASH_BANK0_SEC6      00086000   00001000  00000000  00001000  RWIX
  FLASH_BANK0_SEC7      00087000   00001000  00000000  00001000  RWIX
  FLASH_BANK0_SEC8      00088000   00001000  00000000  00001000  RWIX
  FLASH_BANK0_SEC9      00089000   00001000  00000000  00001000  RWIX
  FLASH_BANK0_SEC10     0008a000   00001000  00000000  00001000  RWIX
  FLASH_BANK0_SEC11     0008b000   00001000  00000000  00001000  RWIX
  FLASH_BANK0_SEC12     0008c000   00001000  00000000  00001000  RWIX
  FLASH_BANK0_SEC13     0008d000   00001000  00000000  00001000  RWIX
  FLASH_BANK0_SEC14     0008e000   00001000  00000000  00001000  RWIX
  FLASH_BANK0_SEC15     0008f000   00000ff8  00000000  00000ff8  RWIX
  BOOTROM               003f0000   00008000  00000000  00008000  RWIX
  BOOTROM_EXT           003f8000   00007fc0  00000000  00007fc0  RWIX
  RESET                 003fffc0   00000002  00000000  00000002  RWIX


SECTION ALLOCATION MAP

 output                                  attributes/
section   page    origin      length       input sections
--------  ----  ----------  ----------   ----------------
.TI.ramfunc 
*          0    00000128    00000004     
                  00000128    00000004     driverlib.lib : sysctl.obj (.TI.ramfunc)

.cinit     0    0000012c    00000010     
                  0000012c    00000008     (.cinit..data.load) [load image, compression = lzss]
                  00000134    00000004     (__TI_handler_table)
                  00000138    00000004     (__TI_cinit_table)

.text      0    0000a000    00000951     
                  0000a000    00000133     driverlib.lib : sysctl.obj (.text:SysCtl_setClock)
                  0000a133    000000fe                   : sysctl.obj (.text:SysCtl_isPLLValid)
                  0000a231    0000009a     device.obj (.text:Device_enableAllPeripherals)
                  0000a2cb    00000088     rts2800_fpu32_eabi.lib : fs_div28.asm.obj (.text)
                  0000a353    0000007a     driverlib.lib : sysctl.obj (.text:DCC_setCounterSeeds)
                  0000a3cd    00000060                   : sysctl.obj (.text:SysCtl_getClock)
                  0000a42d    00000054                   : sysctl.obj (.text:SysCtl_selectOscSource)
                  0000a481    00000052                   : gpio.obj (.text:GPIO_setPadConfig)
                  0000a4d3    00000045     module2_ex_main.obj (.text:GPIO_writePin)
                  0000a518    0000003d     driverlib.lib : interrupt.obj (.text:Interrupt_initModule)
                  0000a555    00000035     device.obj (.text:Device_init)
                  0000a58a    00000031     driverlib.lib : gpio.obj (.text:GPIO_setDirectionMode)
                  0000a5bb    00000031     rts2800_fpu32_eabi.lib : copy_decompress_lzss.c.obj (.text:decompress:lzss)
                  0000a5ec    0000002b     driverlib.lib : sysctl.obj (.text:SysCtl_selectXTAL)
                  0000a617    0000002b     rts2800_fpu32_eabi.lib : autoinit.c.obj (.text:__TI_auto_init_nobinit_nopinit)
                  0000a642    0000002a     module2_ex_main.obj (.text:main)
                  0000a66c    00000029     rts2800_fpu32_eabi.lib : exit.c.obj (.text)
                  0000a695    00000026     driverlib.lib : sysctl.obj (.text:SysCtl_pollX1Counter)
                  0000a6bb    00000025                   : sysctl.obj (.text:DCC_enableSingleShotMode)
                  0000a6e0    0000001f                   : sysctl.obj (.text:DCC_setCounter0ClkSource)
                  0000a6ff    0000001f                   : sysctl.obj (.text:DCC_setCounter1ClkSource)
                  0000a71e    0000001e                   : interrupt.obj (.text:Interrupt_initVectorTable)
                  0000a73c    0000001d     rts2800_fpu32_eabi.lib : memcpy.c.obj (.text)
                  0000a759    0000001a     driverlib.lib : sysctl.obj (.text:SysCtl_getLowSpeedClock)
                  0000a773    0000001a                   : sysctl.obj (.text:SysCtl_selectXTALSingleEnded)
                  0000a78d    00000017                   : sysctl.obj (.text:DCC_disableDoneSignal)
                  0000a7a4    00000017     device.obj (.text:SysCtl_enablePeripheral)
                  0000a7bb    00000017     driverlib.lib : sysctl.obj (.text:SysCtl_enablePeripheral)
                  0000a7d2    00000017     rts2800_fpu32_eabi.lib : boot28.asm.obj (.text)
                  0000a7e9    00000016     driverlib.lib : sysctl.obj (.text:DCC_clearDoneFlag)
                  0000a7ff    00000016                   : sysctl.obj (.text:DCC_clearErrorFlag)
                  0000a815    00000016                   : sysctl.obj (.text:DCC_disableErrorSignal)
                  0000a82b    00000015                   : sysctl.obj (.text:DCC_isBaseValid)
                  0000a840    00000015     device.obj (.text:GPIO_unlockPortConfig)
                  0000a855    00000014     driverlib.lib : sysctl.obj (.text:DCC_disableModule)
                  0000a869    00000014                   : sysctl.obj (.text:DCC_enableModule)
                  0000a87d    00000014                   : gpio.obj (.text:GPIO_isPinValid)
                  0000a891    00000014     module2_ex_main.obj (.text:GPIO_isPinValid)
                  0000a8a5    00000014     device.obj (.text:SysCtl_deviceCal)
                  0000a8b9    00000010     device.obj (.text:Device_initGPIO)
                  0000a8c9    0000000e     driverlib.lib : interrupt.obj (.text:Interrupt_defaultHandler)
                  0000a8d7    0000000d                   : interrupt.obj (.text:Interrupt_disableMaster)
                  0000a8e4    0000000d     device.obj (.text:SysCtl_setLowSpeedClock)
                  0000a8f1    0000000c     driverlib.lib : sysctl.obj (.text:SysCtl_setPLLSysClk)
                  0000a8fd    0000000c     rts2800_fpu32_eabi.lib : args_main.c.obj (.text)
                  0000a909    0000000b     driverlib.lib : sysctl.obj (.text:SysCtl_isMCDClockFailureDetected)
                  0000a914    00000009     rts2800_fpu32_eabi.lib : _lock.c.obj (.text)
                  0000a91d    00000008     device.obj (.text:SysCtl_disableWatchdog)
                  0000a925    00000008     rts2800_fpu32_eabi.lib : copy_decompress_none.c.obj (.text:decompress:none)
                  0000a92d    00000008     f28002x_codestartbranch.obj (.text)
                  0000a935    00000007     device.obj (.text:ASysCtl_lockVREG)
                  0000a93c    00000007     driverlib.lib : sysctl.obj (.text:SysCtl_resetMCD)
                  0000a943    00000007     device.obj (.text:__error__)
                  0000a94a    00000002     driverlib.lib : interrupt.obj (.text:Interrupt_illegalOperationHandler)
                  0000a94c    00000002                   : interrupt.obj (.text:Interrupt_nmiHandler)
                  0000a94e    00000002     rts2800_fpu32_eabi.lib : pre_init.c.obj (.text)
                  0000a950    00000001                            : startup.c.obj (.text)

.reset     0    003fffc0    00000000     DSECT

codestart 
*          0    00000000    00000002     
                  00000000    00000002     f28002x_codestartbranch.obj (codestart)

.stack     0    00000400    00000200     UNINITIALIZED
                  00000400    00000200     --HOLE--

.init_array 
*          0    00000128    00000000     UNINITIALIZED

.data      0    0000a952    0000000a     UNINITIALIZED
                  0000a952    00000006     rts2800_fpu32_eabi.lib : exit.c.obj (.data)
                  0000a958    00000002                            : _lock.c.obj (.data:_lock)
                  0000a95a    00000002                            : _lock.c.obj (.data:_unlock)

.const     0    0000c000    00000183     
                  0000c000    0000009a     driverlib.lib : sysctl.obj (.const:.string)
                  0000c09a    00000098                   : gpio.obj (.const:.string)
                  0000c132    0000003e     module2_ex_main.obj (.const:.string)
                  0000c170    00000013     device.obj (.const:.string)

MODULE SUMMARY

       Module                        code   ro data   rw data
       ------                        ----   -------   -------
    .\
       module2_ex_main.obj           131    62        0      
    +--+-----------------------------+------+---------+---------+
       Total:                        131    62        0      
                                                             
    .\device\
       device.obj                    322    19        0      
       f28002x_codestartbranch.obj   10     0         0      
    +--+-----------------------------+------+---------+---------+
       Total:                        332    19        0      
                                                             
    C:/ti/C2000Ware_4_00_00_00/driverlib/f28002x/driverlib/ccs/Debug/driverlib.lib
       sysctl.obj                    1302   154       0      
       gpio.obj                      151    152       0      
       interrupt.obj                 122    0         0      
    +--+-----------------------------+------+---------+---------+
       Total:                        1575   306       0      
                                                             
    C:\ti\ccs1110\ccs\tools\compiler\ti-cgt-c2000_21.6.0.LTS\lib\rts2800_fpu32_eabi.lib
       fs_div28.asm.obj              136    0         0      
       copy_decompress_lzss.c.obj    49     0         0      
       exit.c.obj                    41     0         6      
       autoinit.c.obj                43     0         0      
       memcpy.c.obj                  29     0         0      
       boot28.asm.obj                23     0         0      
       _lock.c.obj                   9      0         4      
       args_main.c.obj               12     0         0      
       copy_decompress_none.c.obj    8      0         0      
       pre_init.c.obj                2      0         0      
       startup.c.obj                 1      0         0      
    +--+-----------------------------+------+---------+---------+
       Total:                        353    0         10     
                                                             
       Stack:                        0      0         512    
       Linker Generated:             0      16        0      
    +--+-----------------------------+------+---------+---------+
       Grand Total:                  2391   403       522    


LINKER GENERATED COPY TABLES

__TI_cinit_table @ 00000138 records: 1, size/record: 4, table size: 4
	.data: load addr=0000012c, load size=00000008 bytes, run addr=0000a952, run size=0000000a bytes, compression=lzss


LINKER GENERATED HANDLER TABLE

__TI_handler_table @ 00000134 records: 2, size/record: 2, table size: 4
	index: 0, handler: __TI_decompress_lzss
	index: 1, handler: __TI_decompress_none


GLOBAL DATA SYMBOLS: SORTED BY DATA PAGE

address     data page           name
--------    ----------------    ----
00000400      10 (00000400)     __stack

0000a952     2a5 (0000a940)     __TI_enable_exit_profile_output
0000a954     2a5 (0000a940)     __TI_cleanup_ptr
0000a956     2a5 (0000a940)     __TI_dtors_ptr
0000a958     2a5 (0000a940)     _lock
0000a95a     2a5 (0000a940)     _unlock


GLOBAL SYMBOLS: SORTED ALPHABETICALLY BY Name 

page  address   name                           
----  -------   ----                           
0     0000a66c  C$$EXIT                        
0     0000a231  Device_enableAllPeripherals    
0     0000a555  Device_init                    
0     0000a8b9  Device_initGPIO                
0     0000a58a  GPIO_setDirectionMode          
0     0000a481  GPIO_setPadConfig              
0     0000a518  Interrupt_initModule           
0     0000a71e  Interrupt_initVectorTable      
0     00000128  SysCtl_delay                   
0     0000a3cd  SysCtl_getClock                
0     0000a759  SysCtl_getLowSpeedClock        
0     0000a133  SysCtl_isPLLValid              
0     0000a42d  SysCtl_selectOscSource         
0     0000a5ec  SysCtl_selectXTAL              
0     0000a773  SysCtl_selectXTALSingleEnded   
0     0000a000  SysCtl_setClock                
0     00000138  __TI_CINIT_Base                
0     0000013c  __TI_CINIT_Limit               
0     0000013c  __TI_CINIT_Warm                
0     00000134  __TI_Handler_Table_Base        
0     00000138  __TI_Handler_Table_Limit       
0     00000600  __TI_STACK_END                 
abs   00000200  __TI_STACK_SIZE                
0     0000a617  __TI_auto_init_nobinit_nopinit 
0     0000a954  __TI_cleanup_ptr               
0     0000a5bb  __TI_decompress_lzss           
0     0000a925  __TI_decompress_none           
0     0000a956  __TI_dtors_ptr                 
0     0000a952  __TI_enable_exit_profile_output
abs   ffffffff  __TI_pprof_out_hndl            
abs   ffffffff  __TI_prof_data_size            
abs   ffffffff  __TI_prof_data_start           
0     0000a2cb  __c28xabi_divf                 
n/a   UNDEFED   __c_args__                     
0     0000a943  __error__                      
0     00000400  __stack                        
0     0000a8fd  _args_main                     
0     0000a7d2  _c_int00                       
0     0000a958  _lock                          
0     0000a91c  _nop                           
0     0000a918  _register_lock                 
0     0000a914  _register_unlock               
0     0000a950  _system_post_cinit             
0     0000a94e  _system_pre_init               
0     0000a95a  _unlock                        
0     0000a66c  abort                          
0     00000000  code_start                     
0     0000a66e  exit                           
0     0000a642  main                           
0     0000a73c  memcpy                         


GLOBAL SYMBOLS: SORTED BY Symbol Address 

page  address   name                           
----  -------   ----                           
0     00000000  code_start                     
0     00000128  SysCtl_delay                   
0     00000134  __TI_Handler_Table_Base        
0     00000138  __TI_CINIT_Base                
0     00000138  __TI_Handler_Table_Limit       
0     0000013c  __TI_CINIT_Limit               
0     0000013c  __TI_CINIT_Warm                
0     00000400  __stack                        
0     00000600  __TI_STACK_END                 
0     0000a000  SysCtl_setClock                
0     0000a133  SysCtl_isPLLValid              
0     0000a231  Device_enableAllPeripherals    
0     0000a2cb  __c28xabi_divf                 
0     0000a3cd  SysCtl_getClock                
0     0000a42d  SysCtl_selectOscSource         
0     0000a481  GPIO_setPadConfig              
0     0000a518  Interrupt_initModule           
0     0000a555  Device_init                    
0     0000a58a  GPIO_setDirectionMode          
0     0000a5bb  __TI_decompress_lzss           
0     0000a5ec  SysCtl_selectXTAL              
0     0000a617  __TI_auto_init_nobinit_nopinit 
0     0000a642  main                           
0     0000a66c  C$$EXIT                        
0     0000a66c  abort                          
0     0000a66e  exit                           
0     0000a71e  Interrupt_initVectorTable      
0     0000a73c  memcpy                         
0     0000a759  SysCtl_getLowSpeedClock        
0     0000a773  SysCtl_selectXTALSingleEnded   
0     0000a7d2  _c_int00                       
0     0000a8b9  Device_initGPIO                
0     0000a8fd  _args_main                     
0     0000a914  _register_unlock               
0     0000a918  _register_lock                 
0     0000a91c  _nop                           
0     0000a925  __TI_decompress_none           
0     0000a943  __error__                      
0     0000a94e  _system_pre_init               
0     0000a950  _system_post_cinit             
0     0000a952  __TI_enable_exit_profile_output
0     0000a954  __TI_cleanup_ptr               
0     0000a956  __TI_dtors_ptr                 
0     0000a958  _lock                          
0     0000a95a  _unlock                        
abs   00000200  __TI_STACK_SIZE                
abs   ffffffff  __TI_pprof_out_hndl            
abs   ffffffff  __TI_prof_data_size            
abs   ffffffff  __TI_prof_data_start           
n/a   UNDEFED   __c_args__                     

[50 symbols]
